******************************************************************************
                  TI ARM Linker Unix v18.1.1                   
******************************************************************************
>> Linked Wed Mar 21 22:02:34 2018

OUTPUT FILE NAME:   <Mercury1.out>
ENTRY POINT SYMBOL: "_c_int00_noargs"  address: 0000184d


MEMORY CONFIGURATION

         name            origin    length      used     unused   attr    fill
----------------------  --------  ---------  --------  --------  ----  --------
  FLASH                 00000000   00040000  00001d08  0003e2f8  R  X
  SRAM                  20000000   00008000  00000498  00007b68  RW X


SEGMENT ALLOCATION MAP

run origin  load origin   length   init length attrs members
----------  ----------- ---------- ----------- ----- -------
00000000    00000000    00001d08   00001d08    r-x
  00000000    00000000    0000026c   0000026c    r-- .intvecs
  0000026c    0000026c    00001840   00001840    r-x .text
  00001aac    00001aac    0000020c   0000020c    r-- .const
  00001cb8    00001cb8    00000050   00000050    r-- .cinit
20000000    20000000    00000498   00000000    rw-
  20000000    20000000    0000026c   00000000    rw- .vtable
  2000026c    2000026c    00000004   00000000    rw- .bss
  20000270    20000270    00000200   00000000    rw- .stack
  20000470    20000470    00000028   00000000    rw- .data


SECTION ALLOCATION MAP

 output                                  attributes/
section   page    origin      length       input sections
--------  ----  ----------  ----------   ----------------
.intvecs   0    00000000    0000026c     
                  00000000    0000026c     tm4c123gh6pm_startup_ccs.obj (.intvecs)

.text      0    0000026c    00001840     
                  0000026c    00000a78     main.obj (.text)
                  00000ce4    0000043c     movimientos.obj (.text)
                  00001120    00000132     driverlib.lib : gpio.obj (.text:GPIOPadConfigSet)
                  00001252    00000002                   : interrupt.obj (.text:_IntDefaultHandler)
                  00001254    00000114     pinout.obj (.text)
                  00001368    00000110     driverlib.lib : sysctl.obj (.text:SysCtlClockGet)
                  00001478    000000f4                   : sysctl.obj (.text:SysCtlClockSet)
                  0000156c    0000009c     rtsv7M4_T_le_v4SPD16_eabi.lib : memcpy_t2.asm.obj (.text)
                  00001608    00000068     driverlib.lib : interrupt.obj (.text:IntDisable)
                  00001670    00000068                   : interrupt.obj (.text:IntEnable)
                  000016d8    00000068     rtsv7M4_T_le_v4SPD16_eabi.lib : copy_decompress_lzss.c.obj (.text:decompress:lzss:__TI_decompress_lzss)
                  00001740    00000048     driverlib.lib : gpio.obj (.text:GPIOPinConfigure)
                  00001788    00000046                   : uart.obj (.text:UARTConfigSetExpClk)
                  000017ce    00000002     --HOLE-- [fill = 0]
                  000017d0    00000044     rtsv7M4_T_le_v4SPD16_eabi.lib : autoinit.c.obj (.text:__TI_auto_init_nobinit_nopinit:__TI_auto_init_nobinit_nopinit)
                  00001814    00000038     driverlib.lib : sysctl.obj (.text:SysCtlPeripheralReady)
                  0000184c    00000038     rtsv7M4_T_le_v4SPD16_eabi.lib : boot_cortex_m.c.obj (.text:_c_int00_noargs:_c_int00_noargs)
                  00001884    00000034     driverlib.lib : interrupt.obj (.text:IntRegister)
                  000018b8    00000034                   : sysctl.obj (.text:SysCtlPeripheralEnable)
                  000018ec    0000002a                   : gpio.obj (.text:GPIODirModeSet)
                  00001916    00000022                   : pwm.obj (.text:PWMGenConfigure)
                  00001938    00000020                   : uart.obj (.text:UARTDisable)
                  00001958    0000001e                   : pwm.obj (.text:PWMPulseWidthSet)
                  00001976    00000018                   : gpio.obj (.text:GPIOPinTypeGPIOOutput)
                  0000198e    00000002     --HOLE-- [fill = 0]
                  00001990    00000014                   : interrupt.obj (.text:IntUnregister)
                  000019a4    00000014                   : sysctl.obj (.text:SysCtlPWMClockSet)
                  000019b8    00000014                   : uart.obj (.text:UARTEnable)
                  000019cc    00000012                   : gpio.obj (.text:GPIOPinTypePWM)
                  000019de    00000012                   : gpio.obj (.text:GPIOPinTypeUART)
                  000019f0    00000012                   : pwm.obj (.text:PWMOutputState)
                  00001a02    00000012     rtsv7M4_T_le_v4SPD16_eabi.lib : copy_zero_init.c.obj (.text:decompress:ZI:__TI_zero_init_nomemset:__TI_zero_init_nomemset)
                  00001a14    00000010     driverlib.lib : interrupt.obj (.text:IntMasterEnable)
                  00001a24    00000010                   : pwm.obj (.text:PWMGenPeriodSet)
                  00001a34    0000000e                   : uart.obj (.text:UARTCharGetNonBlocking)
                  00001a42    0000000e                   : uart.obj (.text:UARTCharsAvail)
                  00001a50    0000000e     rtsv7M4_T_le_v4SPD16_eabi.lib : copy_decompress_none.c.obj (.text:decompress:none:__TI_decompress_none)
                  00001a5e    0000000c     driverlib.lib : cpu.obj (.text:CPUcpsie)
                  00001a6a    0000000c                   : pwm.obj (.text:PWMGenEnable)
                  00001a76    0000000c     tm4c123gh6pm_startup_ccs.obj (.text)
                  00001a82    0000000a     driverlib.lib : uart.obj (.text:UARTCharPut)
                  00001a8c    00000008                   : uart.obj (.text:UARTIntEnable)
                  00001a94    00000006                   : gpio.obj (.text:GPIOPinWrite)
                  00001a9a    00000006                   : sysctl.obj (.text:SysCtlDelay)
                  00001aa0    00000004                   : uart.obj (.text:UARTIntClear)
                  00001aa4    00000004     rtsv7M4_T_le_v4SPD16_eabi.lib : pre_init.c.obj (.text:_system_pre_init)
                  00001aa8    00000004                                   : exit.c.obj (.text:abort:abort)

.const     0    00001aac    0000020c     
                  00001aac    00000090     driverlib.lib : gpio.obj (.const:g_pui32GPIOBaseAddrs)
                  00001b3c    00000070                   : interrupt.obj (.const)
                  00001bac    0000006c                   : sysctl.obj (.const:g_pui32Xtals)
                  00001c18    00000060     main.obj (.const:g_ppui32TimerIntMap)
                  00001c78    00000040     main.obj (.const:g_ppui32TimerIntMapSnowflake)

.cinit     0    00001cb8    00000050     
                  00001cb8    00000018     (.cinit..data.load) [load image, compression = lzss]
                  00001cd0    0000000c     (__TI_handler_table)
                  00001cdc    00000004     --HOLE-- [fill = 0]
                  00001ce0    00000008     (.cinit..bss.load) [load image, compression = zero_init]
                  00001ce8    00000008     (.cinit..vtable.load) [load image, compression = zero_init]
                  00001cf0    00000018     (__TI_cinit_table)

.init_array 
*          0    00000000    00000000     UNINITIALIZED

.vtable    0    20000000    0000026c     UNINITIALIZED
                  20000000    0000026c     driverlib.lib : interrupt.obj (.vtable)

.bss       0    2000026c    00000004     UNINITIALIZED
                  2000026c    00000004     (.common:inst)

.data      0    20000470    00000028     UNINITIALIZED
                  20000470    00000020     main.obj (.data)
                  20000490    00000008     movimientos.obj (.data)

.stack     0    20000270    00000200     UNINITIALIZED
                  20000270    00000004     rtsv7M4_T_le_v4SPD16_eabi.lib : boot_cortex_m.c.obj (.stack)
                  20000274    000001fc     --HOLE--

MODULE SUMMARY

       Module                         code   ro data   rw data
       ------                         ----   -------   -------
    ./
       main.obj                       2680   160       36     
       movimientos.obj                1084   0         8      
       tm4c123gh6pm_startup_ccs.obj   12     620       0      
       pinout.obj                     276    0         0      
    +--+------------------------------+------+---------+---------+
       Total:                         4052   780       44     
                                                              
    ../driverlib.lib
       interrupt.obj                  298    112       620    
       sysctl.obj                     650    108       0      
       gpio.obj                       486    144       0      
       uart.obj                       172    0         0      
       pwm.obj                        110    0         0      
       cpu.obj                        12     0         0      
    +--+------------------------------+------+---------+---------+
       Total:                         1728   364       620    
                                                              
    /opt/ti/ccsv8/tools/compiler/ti-cgt-arm_18.1.1.LTS/lib/rtsv7M4_T_le_v4SPD16_eabi.lib
       memcpy_t2.asm.obj              156    0         0      
       copy_decompress_lzss.c.obj     104    0         0      
       autoinit.c.obj                 68     0         0      
       boot_cortex_m.c.obj            56     0         0      
       copy_zero_init.c.obj           18     0         0      
       copy_decompress_none.c.obj     14     0         0      
       exit.c.obj                     4      0         0      
       pre_init.c.obj                 4      0         0      
    +--+------------------------------+------+---------+---------+
       Total:                         424    0         0      
                                                              
       Stack:                         0      0         512    
       Linker Generated:              0      76        0      
    +--+------------------------------+------+---------+---------+
       Grand Total:                   6204   1220      1176   


LINKER GENERATED COPY TABLES

__TI_cinit_table @ 00001cf0 records: 3, size/record: 8, table size: 24
	.data: load addr=00001cb8, load size=00000018 bytes, run addr=20000470, run size=00000028 bytes, compression=lzss
	.bss: load addr=00001ce0, load size=00000008 bytes, run addr=2000026c, run size=00000004 bytes, compression=zero_init
	.vtable: load addr=00001ce8, load size=00000008 bytes, run addr=20000000, run size=0000026c bytes, compression=zero_init


LINKER GENERATED HANDLER TABLE

__TI_handler_table @ 00001cd0 records: 3, size/record: 4, table size: 12
	index: 0, handler: __TI_zero_init
	index: 1, handler: __TI_decompress_lzss
	index: 2, handler: __TI_decompress_none


GLOBAL SYMBOLS: SORTED ALPHABETICALLY BY Name 

address   name                          
-------   ----                          
00001aa9  C$$EXIT                       
00001a5f  CPUcpsie                      
000018ed  GPIODirModeSet                
00001121  GPIOPadConfigSet              
00001741  GPIOPinConfigure              
00001977  GPIOPinTypeGPIOOutput         
000019cd  GPIOPinTypePWM                
000019df  GPIOPinTypeUART               
00001a95  GPIOPinWrite                  
00001609  IntDisable                    
00001671  IntEnable                     
00001a15  IntMasterEnable               
00001885  IntRegister                   
00001991  IntUnregister                 
2000048c  LoadServo                     
20000488  PWMClock                      
20000484  PWMFreq                       
00001917  PWMGenConfigure               
00001a6b  PWMGenEnable                  
00001a25  PWMGenPeriodSet               
000019f1  PWMOutputState                
00001959  PWMPulseWidthSet              
00001255  PinoutSet                     
00001a77  ResetISR                      
00001369  SysCtlClockGet                
00001479  SysCtlClockSet                
00001a9b  SysCtlDelay                   
000019a5  SysCtlPWMClockSet             
000018b9  SysCtlPeripheralEnable        
00001815  SysCtlPeripheralReady         
000008bb  SysTickDisable                
000008af  SysTickEnable                 
000008ff  SysTickIntDisable             
000008f3  SysTickIntEnable              
000008c7  SysTickIntRegister            
000008df  SysTickIntUnregister          
0000091d  SysTickPeriodGet              
0000090b  SysTickPeriodSet              
00000925  SysTickValueGet               
0000082d  TimerADCEventGet              
0000081b  TimerADCEventSet              
00000551  TimerClockSourceGet           
00000527  TimerClockSourceSet           
0000031b  TimerConfigure                
0000043b  TimerControlEvent             
00000397  TimerControlLevel             
00000465  TimerControlStall             
000003cd  TimerControlTrigger           
0000049b  TimerControlWaitOnTrigger     
0000084d  TimerDMAEventGet              
0000083b  TimerDMAEventSet              
000002fd  TimerDisable                  
000002df  TimerEnable                   
000007f7  TimerIntClear                 
000007c1  TimerIntDisable               
000007a9  TimerIntEnable                
00000763  TimerIntRegister              
000007d9  TimerIntStatus                
0000078b  TimerIntUnregister            
0000061b  TimerLoadGet                  
00000651  TimerLoadGet64                
000005f1  TimerLoadSet                  
00000637  TimerLoadSet64                
000006fb  TimerMatchGet                 
00000731  TimerMatchGet64               
000006d1  TimerMatchSet                 
00000717  TimerMatchSet64               
0000058b  TimerPrescaleGet              
000005d5  TimerPrescaleMatchGet         
000005a7  TimerPrescaleMatchSet         
00000561  TimerPrescaleSet              
00000511  TimerRTCDisable               
000004fb  TimerRTCEnable                
00000809  TimerSynchronize              
0000085b  TimerUpdateMode               
00000683  TimerValueGet                 
0000069f  TimerValueGet64               
00000a7d  UART0IntHandler               
00001a35  UARTCharGetNonBlocking        
00001a83  UARTCharPut                   
00001a43  UARTCharsAvail                
00001789  UARTConfigSetExpClk           
00001939  UARTDisable                   
000019b9  UARTEnable                    
00001aa1  UARTIntClear                  
00001a8d  UARTIntEnable                 
20000470  __STACK_END                   
00000200  __STACK_SIZE                  
20000470  __STACK_TOP                   
00001cf0  __TI_CINIT_Base               
00001d08  __TI_CINIT_Limit              
00001cd0  __TI_Handler_Table_Base       
00001cdc  __TI_Handler_Table_Limit      
000017d1  __TI_auto_init_nobinit_nopinit
000016d9  __TI_decompress_lzss          
00001a51  __TI_decompress_none          
ffffffff  __TI_pprof_out_hndl           
ffffffff  __TI_prof_data_size           
ffffffff  __TI_prof_data_start          
00000000  __TI_static_base__            
00001a03  __TI_zero_init_nomemset       
0000156d  __aeabi_memcpy                
0000156d  __aeabi_memcpy4               
0000156d  __aeabi_memcpy8               
ffffffff  __binit__                     
ffffffff  __c_args__                    
UNDEFED   __mpu_init                    
20000270  __stack                       
0000184d  _c_int00_noargs               
UNDEFED   _system_post_cinit            
00001aa5  _system_pre_init              
00001aa9  abort                         
ffffffff  binit                         
20000470  brazo1                        
20000474  brazo2                        
20000478  camaraH                       
2000047c  camaraV                       
0000092b  configurePWM                  
00000a49  configureUART                 
00000add  fijos                         
20000000  g_pfnRAMVectors               
00000000  g_pfnVectors                  
2000026c  inst                          
20000480  lineales                      
00000c85  main                          
0000156d  memcpy                        
00000ce5  movimientos                   
20000490  tempBrazo1                    
20000494  tempBrazo2                    


GLOBAL SYMBOLS: SORTED BY Symbol Address 

address   name                          
-------   ----                          
00000000  __TI_static_base__            
00000000  g_pfnVectors                  
00000200  __STACK_SIZE                  
000002df  TimerEnable                   
000002fd  TimerDisable                  
0000031b  TimerConfigure                
00000397  TimerControlLevel             
000003cd  TimerControlTrigger           
0000043b  TimerControlEvent             
00000465  TimerControlStall             
0000049b  TimerControlWaitOnTrigger     
000004fb  TimerRTCEnable                
00000511  TimerRTCDisable               
00000527  TimerClockSourceSet           
00000551  TimerClockSourceGet           
00000561  TimerPrescaleSet              
0000058b  TimerPrescaleGet              
000005a7  TimerPrescaleMatchSet         
000005d5  TimerPrescaleMatchGet         
000005f1  TimerLoadSet                  
0000061b  TimerLoadGet                  
00000637  TimerLoadSet64                
00000651  TimerLoadGet64                
00000683  TimerValueGet                 
0000069f  TimerValueGet64               
000006d1  TimerMatchSet                 
000006fb  TimerMatchGet                 
00000717  TimerMatchSet64               
00000731  TimerMatchGet64               
00000763  TimerIntRegister              
0000078b  TimerIntUnregister            
000007a9  TimerIntEnable                
000007c1  TimerIntDisable               
000007d9  TimerIntStatus                
000007f7  TimerIntClear                 
00000809  TimerSynchronize              
0000081b  TimerADCEventSet              
0000082d  TimerADCEventGet              
0000083b  TimerDMAEventSet              
0000084d  TimerDMAEventGet              
0000085b  TimerUpdateMode               
000008af  SysTickEnable                 
000008bb  SysTickDisable                
000008c7  SysTickIntRegister            
000008df  SysTickIntUnregister          
000008f3  SysTickIntEnable              
000008ff  SysTickIntDisable             
0000090b  SysTickPeriodSet              
0000091d  SysTickPeriodGet              
00000925  SysTickValueGet               
0000092b  configurePWM                  
00000a49  configureUART                 
00000a7d  UART0IntHandler               
00000add  fijos                         
00000c85  main                          
00000ce5  movimientos                   
00001121  GPIOPadConfigSet              
00001255  PinoutSet                     
00001369  SysCtlClockGet                
00001479  SysCtlClockSet                
0000156d  __aeabi_memcpy                
0000156d  __aeabi_memcpy4               
0000156d  __aeabi_memcpy8               
0000156d  memcpy                        
00001609  IntDisable                    
00001671  IntEnable                     
000016d9  __TI_decompress_lzss          
00001741  GPIOPinConfigure              
00001789  UARTConfigSetExpClk           
000017d1  __TI_auto_init_nobinit_nopinit
00001815  SysCtlPeripheralReady         
0000184d  _c_int00_noargs               
00001885  IntRegister                   
000018b9  SysCtlPeripheralEnable        
000018ed  GPIODirModeSet                
00001917  PWMGenConfigure               
00001939  UARTDisable                   
00001959  PWMPulseWidthSet              
00001977  GPIOPinTypeGPIOOutput         
00001991  IntUnregister                 
000019a5  SysCtlPWMClockSet             
000019b9  UARTEnable                    
000019cd  GPIOPinTypePWM                
000019df  GPIOPinTypeUART               
000019f1  PWMOutputState                
00001a03  __TI_zero_init_nomemset       
00001a15  IntMasterEnable               
00001a25  PWMGenPeriodSet               
00001a35  UARTCharGetNonBlocking        
00001a43  UARTCharsAvail                
00001a51  __TI_decompress_none          
00001a5f  CPUcpsie                      
00001a6b  PWMGenEnable                  
00001a77  ResetISR                      
00001a83  UARTCharPut                   
00001a8d  UARTIntEnable                 
00001a95  GPIOPinWrite                  
00001a9b  SysCtlDelay                   
00001aa1  UARTIntClear                  
00001aa5  _system_pre_init              
00001aa9  C$$EXIT                       
00001aa9  abort                         
00001cd0  __TI_Handler_Table_Base       
00001cdc  __TI_Handler_Table_Limit      
00001cf0  __TI_CINIT_Base               
00001d08  __TI_CINIT_Limit              
20000000  g_pfnRAMVectors               
2000026c  inst                          
20000270  __stack                       
20000470  __STACK_END                   
20000470  __STACK_TOP                   
20000470  brazo1                        
20000474  brazo2                        
20000478  camaraH                       
2000047c  camaraV                       
20000480  lineales                      
20000484  PWMFreq                       
20000488  PWMClock                      
2000048c  LoadServo                     
20000490  tempBrazo1                    
20000494  tempBrazo2                    
ffffffff  __TI_pprof_out_hndl           
ffffffff  __TI_prof_data_size           
ffffffff  __TI_prof_data_start          
ffffffff  __binit__                     
ffffffff  __c_args__                    
ffffffff  binit                         
UNDEFED   __mpu_init                    
UNDEFED   _system_post_cinit            

[129 symbols]
