******************************************************************************
                  TI ARM Linker Unix v18.1.1                   
******************************************************************************
>> Linked Sat Mar 24 18:17:49 2018

OUTPUT FILE NAME:   <Mercury2.out>
ENTRY POINT SYMBOL: "_c_int00_noargs"  address: 00001919


MEMORY CONFIGURATION

         name            origin    length      used     unused   attr    fill
----------------------  --------  ---------  --------  --------  ----  --------
  FLASH                 00000000   00040000  00001dd2  0003e22e  R  X
  SRAM                  20000000   00008000  000004a0  00007b60  RW X


SEGMENT ALLOCATION MAP

run origin  load origin   length   init length attrs members
----------  ----------- ---------- ----------- ----- -------
00000000    00000000    00001dd8   00001dd8    r-x
  00000000    00000000    0000026c   0000026c    r-- .intvecs
  0000026c    0000026c    00001902   00001902    r-x .text
  00001b70    00001b70    0000020c   0000020c    r-- .const
  00001d80    00001d80    00000058   00000058    r-- .cinit
20000000    20000000    000004a0   00000000    rw-
  20000000    20000000    0000026c   00000000    rw- .vtable
  2000026c    2000026c    00000004   00000000    rw- .bss
  20000270    20000270    00000200   00000000    rw- .stack
  20000470    20000470    00000030   00000000    rw- .data


SECTION ALLOCATION MAP

 output                                  attributes/
section   page    origin      length       input sections
--------  ----  ----------  ----------   ----------------
.intvecs   0    00000000    0000026c     
                  00000000    0000026c     tm4c123gh6pm_startup_ccs.obj (.intvecs)

.text      0    0000026c    00001902     
                  0000026c    000009e8     main.obj (.text)
                  00000c54    00000598     movimientos.obj (.text)
                  000011ec    00000132     driverlib.lib : gpio.obj (.text:GPIOPadConfigSet)
                  0000131e    00000002                   : interrupt.obj (.text:_IntDefaultHandler)
                  00001320    00000114     pinout.obj (.text)
                  00001434    00000110     driverlib.lib : sysctl.obj (.text:SysCtlClockGet)
                  00001544    000000f4                   : sysctl.obj (.text:SysCtlClockSet)
                  00001638    0000009c     rtsv7M4_T_le_v4SPD16_eabi.lib : memcpy_t2.asm.obj (.text)
                  000016d4    00000068     driverlib.lib : interrupt.obj (.text:IntDisable)
                  0000173c    00000068                   : interrupt.obj (.text:IntEnable)
                  000017a4    00000068     rtsv7M4_T_le_v4SPD16_eabi.lib : copy_decompress_lzss.c.obj (.text:decompress:lzss:__TI_decompress_lzss)
                  0000180c    00000048     driverlib.lib : gpio.obj (.text:GPIOPinConfigure)
                  00001854    00000046                   : uart.obj (.text:UARTConfigSetExpClk)
                  0000189a    00000002     --HOLE-- [fill = 0]
                  0000189c    00000044     rtsv7M4_T_le_v4SPD16_eabi.lib : autoinit.c.obj (.text:__TI_auto_init_nobinit_nopinit:__TI_auto_init_nobinit_nopinit)
                  000018e0    00000038     driverlib.lib : sysctl.obj (.text:SysCtlPeripheralReady)
                  00001918    00000038     rtsv7M4_T_le_v4SPD16_eabi.lib : boot_cortex_m.c.obj (.text:_c_int00_noargs:_c_int00_noargs)
                  00001950    00000034     driverlib.lib : interrupt.obj (.text:IntRegister)
                  00001984    00000034                   : sysctl.obj (.text:SysCtlPeripheralEnable)
                  000019b8    0000002a                   : gpio.obj (.text:GPIODirModeSet)
                  000019e2    00000022                   : pwm.obj (.text:PWMGenConfigure)
                  00001a04    00000020                   : uart.obj (.text:UARTDisable)
                  00001a24    0000001e                   : pwm.obj (.text:PWMPulseWidthSet)
                  00001a42    00000018                   : gpio.obj (.text:GPIOPinTypeGPIOOutput)
                  00001a5a    00000002     --HOLE-- [fill = 0]
                  00001a5c    00000014                   : interrupt.obj (.text:IntUnregister)
                  00001a70    00000014                   : sysctl.obj (.text:SysCtlPWMClockSet)
                  00001a84    00000014                   : uart.obj (.text:UARTEnable)
                  00001a98    00000012                   : gpio.obj (.text:GPIOPinTypePWM)
                  00001aaa    00000012                   : gpio.obj (.text:GPIOPinTypeUART)
                  00001abc    00000012                   : pwm.obj (.text:PWMOutputState)
                  00001ace    00000012     rtsv7M4_T_le_v4SPD16_eabi.lib : copy_zero_init.c.obj (.text:decompress:ZI:__TI_zero_init_nomemset:__TI_zero_init_nomemset)
                  00001ae0    00000010     driverlib.lib : interrupt.obj (.text:IntMasterEnable)
                  00001af0    00000010                   : pwm.obj (.text:PWMGenPeriodSet)
                  00001b00    0000000e                   : uart.obj (.text:UARTCharGetNonBlocking)
                  00001b0e    0000000e                   : uart.obj (.text:UARTCharsAvail)
                  00001b1c    0000000e     rtsv7M4_T_le_v4SPD16_eabi.lib : copy_decompress_none.c.obj (.text:decompress:none:__TI_decompress_none)
                  00001b2a    0000000c     driverlib.lib : cpu.obj (.text:CPUcpsie)
                  00001b36    0000000c                   : pwm.obj (.text:PWMGenEnable)
                  00001b42    0000000c     tm4c123gh6pm_startup_ccs.obj (.text)
                  00001b4e    00000008     driverlib.lib : uart.obj (.text:UARTIntEnable)
                  00001b56    00000006                   : gpio.obj (.text:GPIOPinWrite)
                  00001b5c    00000006                   : sysctl.obj (.text:SysCtlDelay)
                  00001b62    00000004                   : uart.obj (.text:UARTIntClear)
                  00001b66    00000004     rtsv7M4_T_le_v4SPD16_eabi.lib : pre_init.c.obj (.text:_system_pre_init)
                  00001b6a    00000004                                   : exit.c.obj (.text:abort:abort)

.const     0    00001b70    0000020c     
                  00001b70    00000090     driverlib.lib : gpio.obj (.const:g_pui32GPIOBaseAddrs)
                  00001c00    00000070                   : interrupt.obj (.const)
                  00001c70    0000006c                   : sysctl.obj (.const:g_pui32Xtals)
                  00001cdc    00000060     main.obj (.const:g_ppui32TimerIntMap)
                  00001d3c    00000040     main.obj (.const:g_ppui32TimerIntMapSnowflake)

.cinit     0    00001d80    00000058     
                  00001d80    00000020     (.cinit..data.load) [load image, compression = lzss]
                  00001da0    0000000c     (__TI_handler_table)
                  00001dac    00000004     --HOLE-- [fill = 0]
                  00001db0    00000008     (.cinit..bss.load) [load image, compression = zero_init]
                  00001db8    00000008     (.cinit..vtable.load) [load image, compression = zero_init]
                  00001dc0    00000018     (__TI_cinit_table)

.init_array 
*          0    00000000    00000000     UNINITIALIZED

.vtable    0    20000000    0000026c     UNINITIALIZED
                  20000000    0000026c     driverlib.lib : interrupt.obj (.vtable)

.bss       0    2000026c    00000004     UNINITIALIZED
                  2000026c    00000004     (.common:inst)

.data      0    20000470    00000030     UNINITIALIZED
                  20000470    00000020     main.obj (.data)
                  20000490    00000010     movimientos.obj (.data)

.stack     0    20000270    00000200     UNINITIALIZED
                  20000270    00000004     rtsv7M4_T_le_v4SPD16_eabi.lib : boot_cortex_m.c.obj (.stack)
                  20000274    000001fc     --HOLE--

MODULE SUMMARY

       Module                         code   ro data   rw data
       ------                         ----   -------   -------
    ./
       main.obj                       2536   160       36     
       movimientos.obj                1432   0         16     
       tm4c123gh6pm_startup_ccs.obj   12     620       0      
       pinout.obj                     276    0         0      
    +--+------------------------------+------+---------+---------+
       Total:                         4256   780       52     
                                                              
    ../driverlib.lib
       interrupt.obj                  298    112       620    
       sysctl.obj                     650    108       0      
       gpio.obj                       486    144       0      
       uart.obj                       162    0         0      
       pwm.obj                        110    0         0      
       cpu.obj                        12     0         0      
    +--+------------------------------+------+---------+---------+
       Total:                         1718   364       620    
                                                              
    /opt/ti/ccsv8/tools/compiler/ti-cgt-arm_18.1.1.LTS/lib/rtsv7M4_T_le_v4SPD16_eabi.lib
       memcpy_t2.asm.obj              156    0         0      
       copy_decompress_lzss.c.obj     104    0         0      
       autoinit.c.obj                 68     0         0      
       boot_cortex_m.c.obj            56     0         0      
       copy_zero_init.c.obj           18     0         0      
       copy_decompress_none.c.obj     14     0         0      
       exit.c.obj                     4      0         0      
       pre_init.c.obj                 4      0         0      
    +--+------------------------------+------+---------+---------+
       Total:                         424    0         0      
                                                              
       Stack:                         0      0         512    
       Linker Generated:              0      84        0      
    +--+------------------------------+------+---------+---------+
       Grand Total:                   6398   1228      1184   


LINKER GENERATED COPY TABLES

__TI_cinit_table @ 00001dc0 records: 3, size/record: 8, table size: 24
	.data: load addr=00001d80, load size=00000020 bytes, run addr=20000470, run size=00000030 bytes, compression=lzss
	.bss: load addr=00001db0, load size=00000008 bytes, run addr=2000026c, run size=00000004 bytes, compression=zero_init
	.vtable: load addr=00001db8, load size=00000008 bytes, run addr=20000000, run size=0000026c bytes, compression=zero_init


LINKER GENERATED HANDLER TABLE

__TI_handler_table @ 00001da0 records: 3, size/record: 4, table size: 12
	index: 0, handler: __TI_zero_init
	index: 1, handler: __TI_decompress_lzss
	index: 2, handler: __TI_decompress_none


GLOBAL SYMBOLS: SORTED ALPHABETICALLY BY Name 

address   name                          
-------   ----                          
00001b6b  C$$EXIT                       
00001b2b  CPUcpsie                      
000019b9  GPIODirModeSet                
000011ed  GPIOPadConfigSet              
0000180d  GPIOPinConfigure              
00001a43  GPIOPinTypeGPIOOutput         
00001a99  GPIOPinTypePWM                
00001aab  GPIOPinTypeUART               
00001b57  GPIOPinWrite                  
000016d5  IntDisable                    
0000173d  IntEnable                     
00001ae1  IntMasterEnable               
00001951  IntRegister                   
00001a5d  IntUnregister                 
2000048c  LoadServo                     
20000488  PWMClock                      
20000484  PWMFreq                       
000019e3  PWMGenConfigure               
00001b37  PWMGenEnable                  
00001af1  PWMGenPeriodSet               
00001abd  PWMOutputState                
00001a25  PWMPulseWidthSet              
00001321  PinoutSet                     
00001b43  ResetISR                      
00001435  SysCtlClockGet                
00001545  SysCtlClockSet                
00001b5d  SysCtlDelay                   
00001a71  SysCtlPWMClockSet             
00001985  SysCtlPeripheralEnable        
000018e1  SysCtlPeripheralReady         
000008bb  SysTickDisable                
000008af  SysTickEnable                 
000008ff  SysTickIntDisable             
000008f3  SysTickIntEnable              
000008c7  SysTickIntRegister            
000008df  SysTickIntUnregister          
0000091d  SysTickPeriodGet              
0000090b  SysTickPeriodSet              
00000925  SysTickValueGet               
0000082d  TimerADCEventGet              
0000081b  TimerADCEventSet              
00000551  TimerClockSourceGet           
00000527  TimerClockSourceSet           
0000031b  TimerConfigure                
0000043b  TimerControlEvent             
00000397  TimerControlLevel             
00000465  TimerControlStall             
000003cd  TimerControlTrigger           
0000049b  TimerControlWaitOnTrigger     
0000084d  TimerDMAEventGet              
0000083b  TimerDMAEventSet              
000002fd  TimerDisable                  
000002df  TimerEnable                   
000007f7  TimerIntClear                 
000007c1  TimerIntDisable               
000007a9  TimerIntEnable                
00000763  TimerIntRegister              
000007d9  TimerIntStatus                
0000078b  TimerIntUnregister            
0000061b  TimerLoadGet                  
00000651  TimerLoadGet64                
000005f1  TimerLoadSet                  
00000637  TimerLoadSet64                
000006fb  TimerMatchGet                 
00000731  TimerMatchGet64               
000006d1  TimerMatchSet                 
00000717  TimerMatchSet64               
0000058b  TimerPrescaleGet              
000005d5  TimerPrescaleMatchGet         
000005a7  TimerPrescaleMatchSet         
00000561  TimerPrescaleSet              
00000511  TimerRTCDisable               
000004fb  TimerRTCEnable                
00000809  TimerSynchronize              
0000085b  TimerUpdateMode               
00000683  TimerValueGet                 
0000069f  TimerValueGet64               
00000a7d  UART0IntHandler               
00001b01  UARTCharGetNonBlocking        
00001b0f  UARTCharsAvail                
00001855  UARTConfigSetExpClk           
00001a05  UARTDisable                   
00001a85  UARTEnable                    
00001b63  UARTIntClear                  
00001b4f  UARTIntEnable                 
20000470  __STACK_END                   
00000200  __STACK_SIZE                  
20000470  __STACK_TOP                   
00001dc0  __TI_CINIT_Base               
00001dd8  __TI_CINIT_Limit              
00001da0  __TI_Handler_Table_Base       
00001dac  __TI_Handler_Table_Limit      
0000189d  __TI_auto_init_nobinit_nopinit
000017a5  __TI_decompress_lzss          
00001b1d  __TI_decompress_none          
ffffffff  __TI_pprof_out_hndl           
ffffffff  __TI_prof_data_size           
ffffffff  __TI_prof_data_start          
00000000  __TI_static_base__            
00001acf  __TI_zero_init_nomemset       
00001639  __aeabi_memcpy                
00001639  __aeabi_memcpy4               
00001639  __aeabi_memcpy8               
ffffffff  __binit__                     
ffffffff  __c_args__                    
UNDEFED   __mpu_init                    
20000270  __stack                       
00001919  _c_int00_noargs               
UNDEFED   _system_post_cinit            
00001b67  _system_pre_init              
00001b6b  abort                         
ffffffff  binit                         
20000470  brazo1                        
20000474  brazo2                        
20000478  camaraH                       
2000047c  camaraV                       
0000092b  configurePWM                  
00000a49  configureUART                 
00000b41  fijos                         
20000000  g_pfnRAMVectors               
00000000  g_pfnVectors                  
2000026c  inst                          
20000480  lineales                      
00000be3  main                          
00001639  memcpy                        
00000ab9  moveServo                     
00000c55  movimientos                   
20000490  tempBrazo1                    
20000494  tempBrazo2                    
2000049c  tempCamaraH                   
20000498  tempCamaraV                   


GLOBAL SYMBOLS: SORTED BY Symbol Address 

address   name                          
-------   ----                          
00000000  __TI_static_base__            
00000000  g_pfnVectors                  
00000200  __STACK_SIZE                  
000002df  TimerEnable                   
000002fd  TimerDisable                  
0000031b  TimerConfigure                
00000397  TimerControlLevel             
000003cd  TimerControlTrigger           
0000043b  TimerControlEvent             
00000465  TimerControlStall             
0000049b  TimerControlWaitOnTrigger     
000004fb  TimerRTCEnable                
00000511  TimerRTCDisable               
00000527  TimerClockSourceSet           
00000551  TimerClockSourceGet           
00000561  TimerPrescaleSet              
0000058b  TimerPrescaleGet              
000005a7  TimerPrescaleMatchSet         
000005d5  TimerPrescaleMatchGet         
000005f1  TimerLoadSet                  
0000061b  TimerLoadGet                  
00000637  TimerLoadSet64                
00000651  TimerLoadGet64                
00000683  TimerValueGet                 
0000069f  TimerValueGet64               
000006d1  TimerMatchSet                 
000006fb  TimerMatchGet                 
00000717  TimerMatchSet64               
00000731  TimerMatchGet64               
00000763  TimerIntRegister              
0000078b  TimerIntUnregister            
000007a9  TimerIntEnable                
000007c1  TimerIntDisable               
000007d9  TimerIntStatus                
000007f7  TimerIntClear                 
00000809  TimerSynchronize              
0000081b  TimerADCEventSet              
0000082d  TimerADCEventGet              
0000083b  TimerDMAEventSet              
0000084d  TimerDMAEventGet              
0000085b  TimerUpdateMode               
000008af  SysTickEnable                 
000008bb  SysTickDisable                
000008c7  SysTickIntRegister            
000008df  SysTickIntUnregister          
000008f3  SysTickIntEnable              
000008ff  SysTickIntDisable             
0000090b  SysTickPeriodSet              
0000091d  SysTickPeriodGet              
00000925  SysTickValueGet               
0000092b  configurePWM                  
00000a49  configureUART                 
00000a7d  UART0IntHandler               
00000ab9  moveServo                     
00000b41  fijos                         
00000be3  main                          
00000c55  movimientos                   
000011ed  GPIOPadConfigSet              
00001321  PinoutSet                     
00001435  SysCtlClockGet                
00001545  SysCtlClockSet                
00001639  __aeabi_memcpy                
00001639  __aeabi_memcpy4               
00001639  __aeabi_memcpy8               
00001639  memcpy                        
000016d5  IntDisable                    
0000173d  IntEnable                     
000017a5  __TI_decompress_lzss          
0000180d  GPIOPinConfigure              
00001855  UARTConfigSetExpClk           
0000189d  __TI_auto_init_nobinit_nopinit
000018e1  SysCtlPeripheralReady         
00001919  _c_int00_noargs               
00001951  IntRegister                   
00001985  SysCtlPeripheralEnable        
000019b9  GPIODirModeSet                
000019e3  PWMGenConfigure               
00001a05  UARTDisable                   
00001a25  PWMPulseWidthSet              
00001a43  GPIOPinTypeGPIOOutput         
00001a5d  IntUnregister                 
00001a71  SysCtlPWMClockSet             
00001a85  UARTEnable                    
00001a99  GPIOPinTypePWM                
00001aab  GPIOPinTypeUART               
00001abd  PWMOutputState                
00001acf  __TI_zero_init_nomemset       
00001ae1  IntMasterEnable               
00001af1  PWMGenPeriodSet               
00001b01  UARTCharGetNonBlocking        
00001b0f  UARTCharsAvail                
00001b1d  __TI_decompress_none          
00001b2b  CPUcpsie                      
00001b37  PWMGenEnable                  
00001b43  ResetISR                      
00001b4f  UARTIntEnable                 
00001b57  GPIOPinWrite                  
00001b5d  SysCtlDelay                   
00001b63  UARTIntClear                  
00001b67  _system_pre_init              
00001b6b  C$$EXIT                       
00001b6b  abort                         
00001da0  __TI_Handler_Table_Base       
00001dac  __TI_Handler_Table_Limit      
00001dc0  __TI_CINIT_Base               
00001dd8  __TI_CINIT_Limit              
20000000  g_pfnRAMVectors               
2000026c  inst                          
20000270  __stack                       
20000470  __STACK_END                   
20000470  __STACK_TOP                   
20000470  brazo1                        
20000474  brazo2                        
20000478  camaraH                       
2000047c  camaraV                       
20000480  lineales                      
20000484  PWMFreq                       
20000488  PWMClock                      
2000048c  LoadServo                     
20000490  tempBrazo1                    
20000494  tempBrazo2                    
20000498  tempCamaraV                   
2000049c  tempCamaraH                   
ffffffff  __TI_pprof_out_hndl           
ffffffff  __TI_prof_data_size           
ffffffff  __TI_prof_data_start          
ffffffff  __binit__                     
ffffffff  __c_args__                    
ffffffff  binit                         
UNDEFED   __mpu_init                    
UNDEFED   _system_post_cinit            

[131 symbols]
