<?xml version="1.0" encoding="ISO-8859-1" ?>
<link_info>
   <banner>TI ARM Linker Unix v18.1.1.LTS</banner>
   <copyright>Copyright (c) 1996-2017 Texas Instruments Incorporated</copyright>
   <link_time>0x5ab32ada</link_time>
   <link_errors>0x0</link_errors>
   <output_file>Mercury1.out</output_file>
   <entry_point>
      <name>_c_int00_noargs</name>
      <address>0x184d</address>
   </entry_point>
   <input_file_list>
      <input_file id="fl-1">
         <path>./</path>
         <kind>object</kind>
         <file>main.obj</file>
         <name>main.obj</name>
      </input_file>
      <input_file id="fl-2">
         <path>./</path>
         <kind>object</kind>
         <file>movimientos.obj</file>
         <name>movimientos.obj</name>
      </input_file>
      <input_file id="fl-3">
         <path>./</path>
         <kind>object</kind>
         <file>pinout.obj</file>
         <name>pinout.obj</name>
      </input_file>
      <input_file id="fl-4">
         <path>./</path>
         <kind>object</kind>
         <file>tm4c123gh6pm_startup_ccs.obj</file>
         <name>tm4c123gh6pm_startup_ccs.obj</name>
      </input_file>
      <input_file id="fl-5">
         <path>./</path>
         <kind>object</kind>
         <file>uartstdio.obj</file>
         <name>uartstdio.obj</name>
      </input_file>
      <input_file id="fl-a">
         <kind>object</kind>
         <file>&lt;internal&gt;</file>
         <name>&lt;internal&gt;</name>
      </input_file>
      <input_file id="fl-b">
         <path>../</path>
         <kind>archive</kind>
         <file>driverlib.lib</file>
         <name>gpio.obj</name>
      </input_file>
      <input_file id="fl-c">
         <path>../</path>
         <kind>archive</kind>
         <file>driverlib.lib</file>
         <name>interrupt.obj</name>
      </input_file>
      <input_file id="fl-d">
         <path>../</path>
         <kind>archive</kind>
         <file>driverlib.lib</file>
         <name>pwm.obj</name>
      </input_file>
      <input_file id="fl-e">
         <path>../</path>
         <kind>archive</kind>
         <file>driverlib.lib</file>
         <name>sysctl.obj</name>
      </input_file>
      <input_file id="fl-f">
         <path>../</path>
         <kind>archive</kind>
         <file>driverlib.lib</file>
         <name>uart.obj</name>
      </input_file>
      <input_file id="fl-10">
         <path>../</path>
         <kind>archive</kind>
         <file>driverlib.lib</file>
         <name>cpu.obj</name>
      </input_file>
      <input_file id="fl-c6">
         <path>/opt/ti/ccsv8/tools/compiler/ti-cgt-arm_18.1.1.LTS/lib/</path>
         <kind>archive</kind>
         <file>rtsv7M4_T_le_v4SPD16_eabi.lib</file>
         <name>u_divt2.asm.obj</name>
      </input_file>
      <input_file id="fl-c7">
         <path>/opt/ti/ccsv8/tools/compiler/ti-cgt-arm_18.1.1.LTS/lib/</path>
         <kind>archive</kind>
         <file>rtsv7M4_T_le_v4SPD16_eabi.lib</file>
         <name>copy_zero_init.c.obj</name>
      </input_file>
      <input_file id="fl-c8">
         <path>/opt/ti/ccsv8/tools/compiler/ti-cgt-arm_18.1.1.LTS/lib/</path>
         <kind>archive</kind>
         <file>rtsv7M4_T_le_v4SPD16_eabi.lib</file>
         <name>copy_decompress_none.c.obj</name>
      </input_file>
      <input_file id="fl-c9">
         <path>/opt/ti/ccsv8/tools/compiler/ti-cgt-arm_18.1.1.LTS/lib/</path>
         <kind>archive</kind>
         <file>rtsv7M4_T_le_v4SPD16_eabi.lib</file>
         <name>copy_decompress_lzss.c.obj</name>
      </input_file>
      <input_file id="fl-ca">
         <path>/opt/ti/ccsv8/tools/compiler/ti-cgt-arm_18.1.1.LTS/lib/</path>
         <kind>archive</kind>
         <file>rtsv7M4_T_le_v4SPD16_eabi.lib</file>
         <name>boot_cortex_m.c.obj</name>
      </input_file>
      <input_file id="fl-cb">
         <path>/opt/ti/ccsv8/tools/compiler/ti-cgt-arm_18.1.1.LTS/lib/</path>
         <kind>archive</kind>
         <file>rtsv7M4_T_le_v4SPD16_eabi.lib</file>
         <name>exit.c.obj</name>
      </input_file>
      <input_file id="fl-cc">
         <path>/opt/ti/ccsv8/tools/compiler/ti-cgt-arm_18.1.1.LTS/lib/</path>
         <kind>archive</kind>
         <file>rtsv7M4_T_le_v4SPD16_eabi.lib</file>
         <name>_lock.c.obj</name>
      </input_file>
      <input_file id="fl-cd">
         <path>/opt/ti/ccsv8/tools/compiler/ti-cgt-arm_18.1.1.LTS/lib/</path>
         <kind>archive</kind>
         <file>rtsv7M4_T_le_v4SPD16_eabi.lib</file>
         <name>args_main.c.obj</name>
      </input_file>
      <input_file id="fl-ce">
         <path>/opt/ti/ccsv8/tools/compiler/ti-cgt-arm_18.1.1.LTS/lib/</path>
         <kind>archive</kind>
         <file>rtsv7M4_T_le_v4SPD16_eabi.lib</file>
         <name>div0.asm.obj</name>
      </input_file>
      <input_file id="fl-cf">
         <path>/opt/ti/ccsv8/tools/compiler/ti-cgt-arm_18.1.1.LTS/lib/</path>
         <kind>archive</kind>
         <file>rtsv7M4_T_le_v4SPD16_eabi.lib</file>
         <name>memcpy_t2.asm.obj</name>
      </input_file>
      <input_file id="fl-d0">
         <path>/opt/ti/ccsv8/tools/compiler/ti-cgt-arm_18.1.1.LTS/lib/</path>
         <kind>archive</kind>
         <file>rtsv7M4_T_le_v4SPD16_eabi.lib</file>
         <name>memset_t2.asm.obj</name>
      </input_file>
      <input_file id="fl-d1">
         <path>/opt/ti/ccsv8/tools/compiler/ti-cgt-arm_18.1.1.LTS/lib/</path>
         <kind>archive</kind>
         <file>rtsv7M4_T_le_v4SPD16_eabi.lib</file>
         <name>autoinit.c.obj</name>
      </input_file>
      <input_file id="fl-d2">
         <path>/opt/ti/ccsv8/tools/compiler/ti-cgt-arm_18.1.1.LTS/lib/</path>
         <kind>archive</kind>
         <file>rtsv7M4_T_le_v4SPD16_eabi.lib</file>
         <name>pre_init.c.obj</name>
      </input_file>
      <input_file id="fl-d3">
         <path>/opt/ti/ccsv8/tools/compiler/ti-cgt-arm_18.1.1.LTS/lib/</path>
         <kind>archive</kind>
         <file>rtsv7M4_T_le_v4SPD16_eabi.lib</file>
         <name>cpy_tbl.c.obj</name>
      </input_file>
   </input_file_list>
   <object_component_list>
      <object_component id="oc-f">
         <name>.intvecs</name>
         <load_address>0x0</load_address>
         <run_address>0x0</run_address>
         <size>0x26c</size>
         <input_file_ref idref="fl-4"/>
      </object_component>
      <object_component id="oc-2a">
         <name>.text</name>
         <load_address>0x26c</load_address>
         <run_address>0x26c</run_address>
         <size>0xa78</size>
         <input_file_ref idref="fl-1"/>
      </object_component>
      <object_component id="oc-ef">
         <name>.text</name>
         <load_address>0xce4</load_address>
         <run_address>0xce4</run_address>
         <size>0x43c</size>
         <input_file_ref idref="fl-2"/>
      </object_component>
      <object_component id="oc-227">
         <name>.text:GPIOPadConfigSet</name>
         <load_address>0x1120</load_address>
         <run_address>0x1120</run_address>
         <size>0x132</size>
         <input_file_ref idref="fl-b"/>
      </object_component>
      <object_component id="oc-164">
         <name>.text:_IntDefaultHandler</name>
         <load_address>0x1252</load_address>
         <run_address>0x1252</run_address>
         <size>0x2</size>
         <input_file_ref idref="fl-c"/>
      </object_component>
      <object_component id="oc-101">
         <name>.text</name>
         <load_address>0x1254</load_address>
         <run_address>0x1254</run_address>
         <size>0x114</size>
         <input_file_ref idref="fl-3"/>
      </object_component>
      <object_component id="oc-bf">
         <name>.text:SysCtlClockGet</name>
         <load_address>0x1368</load_address>
         <run_address>0x1368</run_address>
         <size>0x110</size>
         <input_file_ref idref="fl-e"/>
      </object_component>
      <object_component id="oc-f5">
         <name>.text:SysCtlClockSet</name>
         <load_address>0x1478</load_address>
         <run_address>0x1478</run_address>
         <size>0xf4</size>
         <input_file_ref idref="fl-e"/>
      </object_component>
      <object_component id="oc-3e">
         <name>.text</name>
         <load_address>0x156c</load_address>
         <run_address>0x156c</run_address>
         <size>0x9c</size>
         <input_file_ref idref="fl-cf"/>
      </object_component>
      <object_component id="oc-83">
         <name>.text:IntDisable</name>
         <load_address>0x1608</load_address>
         <run_address>0x1608</run_address>
         <size>0x68</size>
         <input_file_ref idref="fl-c"/>
      </object_component>
      <object_component id="oc-7d">
         <name>.text:IntEnable</name>
         <load_address>0x1670</load_address>
         <run_address>0x1670</run_address>
         <size>0x68</size>
         <input_file_ref idref="fl-c"/>
      </object_component>
      <object_component id="oc-12">
         <name>.text:decompress:lzss:__TI_decompress_lzss</name>
         <load_address>0x16d8</load_address>
         <run_address>0x16d8</run_address>
         <size>0x68</size>
         <input_file_ref idref="fl-c9"/>
      </object_component>
      <object_component id="oc-1a1">
         <name>.text:GPIOPinConfigure</name>
         <load_address>0x1740</load_address>
         <run_address>0x1740</run_address>
         <size>0x48</size>
         <input_file_ref idref="fl-b"/>
      </object_component>
      <object_component id="oc-c5">
         <name>.text:UARTConfigSetExpClk</name>
         <load_address>0x1788</load_address>
         <run_address>0x1788</run_address>
         <size>0x46</size>
         <input_file_ref idref="fl-f"/>
      </object_component>
      <object_component id="oc-1d9">
         <name>.text:__TI_auto_init_nobinit_nopinit:__TI_auto_init_nobinit_nopinit</name>
         <load_address>0x17d0</load_address>
         <run_address>0x17d0</run_address>
         <size>0x44</size>
         <input_file_ref idref="fl-d1"/>
      </object_component>
      <object_component id="oc-9b">
         <name>.text:SysCtlPeripheralReady</name>
         <load_address>0x1814</load_address>
         <run_address>0x1814</run_address>
         <size>0x38</size>
         <input_file_ref idref="fl-e"/>
      </object_component>
      <object_component id="oc-5c">
         <name>.text:_c_int00_noargs:_c_int00_noargs</name>
         <load_address>0x184c</load_address>
         <run_address>0x184c</run_address>
         <size>0x38</size>
         <input_file_ref idref="fl-ca"/>
      </object_component>
      <object_component id="oc-77">
         <name>.text:IntRegister</name>
         <load_address>0x1884</load_address>
         <run_address>0x1884</run_address>
         <size>0x34</size>
         <input_file_ref idref="fl-c"/>
      </object_component>
      <object_component id="oc-95">
         <name>.text:SysCtlPeripheralEnable</name>
         <load_address>0x18b8</load_address>
         <run_address>0x18b8</run_address>
         <size>0x34</size>
         <input_file_ref idref="fl-e"/>
      </object_component>
      <object_component id="oc-22d">
         <name>.text:GPIODirModeSet</name>
         <load_address>0x18ec</load_address>
         <run_address>0x18ec</run_address>
         <size>0x2a</size>
         <input_file_ref idref="fl-b"/>
      </object_component>
      <object_component id="oc-a1">
         <name>.text:PWMGenConfigure</name>
         <load_address>0x1916</load_address>
         <run_address>0x1916</run_address>
         <size>0x22</size>
         <input_file_ref idref="fl-d"/>
      </object_component>
      <object_component id="oc-179">
         <name>.text:UARTDisable</name>
         <load_address>0x1938</load_address>
         <run_address>0x1938</run_address>
         <size>0x20</size>
         <input_file_ref idref="fl-f"/>
      </object_component>
      <object_component id="oc-ad">
         <name>.text:PWMPulseWidthSet</name>
         <load_address>0x1958</load_address>
         <run_address>0x1958</run_address>
         <size>0x1e</size>
         <input_file_ref idref="fl-d"/>
      </object_component>
      <object_component id="oc-19b">
         <name>.text:GPIOPinTypeGPIOOutput</name>
         <load_address>0x1976</load_address>
         <run_address>0x1976</run_address>
         <size>0x18</size>
         <input_file_ref idref="fl-b"/>
      </object_component>
      <object_component id="oc-89">
         <name>.text:IntUnregister</name>
         <load_address>0x1990</load_address>
         <run_address>0x1990</run_address>
         <size>0x14</size>
         <input_file_ref idref="fl-c"/>
      </object_component>
      <object_component id="oc-8f">
         <name>.text:SysCtlPWMClockSet</name>
         <load_address>0x19a4</load_address>
         <run_address>0x19a4</run_address>
         <size>0x14</size>
         <input_file_ref idref="fl-e"/>
      </object_component>
      <object_component id="oc-17f">
         <name>.text:UARTEnable</name>
         <load_address>0x19b8</load_address>
         <run_address>0x19b8</run_address>
         <size>0x14</size>
         <input_file_ref idref="fl-f"/>
      </object_component>
      <object_component id="oc-1a7">
         <name>.text:GPIOPinTypePWM</name>
         <load_address>0x19cc</load_address>
         <run_address>0x19cc</run_address>
         <size>0x12</size>
         <input_file_ref idref="fl-b"/>
      </object_component>
      <object_component id="oc-1ad">
         <name>.text:GPIOPinTypeUART</name>
         <load_address>0x19de</load_address>
         <run_address>0x19de</run_address>
         <size>0x12</size>
         <input_file_ref idref="fl-b"/>
      </object_component>
      <object_component id="oc-b3">
         <name>.text:PWMOutputState</name>
         <load_address>0x19f0</load_address>
         <run_address>0x19f0</run_address>
         <size>0x12</size>
         <input_file_ref idref="fl-d"/>
      </object_component>
      <object_component id="oc-4a">
         <name>.text:decompress:ZI:__TI_zero_init_nomemset:__TI_zero_init_nomemset</name>
         <load_address>0x1a02</load_address>
         <run_address>0x1a02</run_address>
         <size>0x12</size>
         <input_file_ref idref="fl-c7"/>
      </object_component>
      <object_component id="oc-fb">
         <name>.text:IntMasterEnable</name>
         <load_address>0x1a14</load_address>
         <run_address>0x1a14</run_address>
         <size>0x10</size>
         <input_file_ref idref="fl-c"/>
      </object_component>
      <object_component id="oc-a7">
         <name>.text:PWMGenPeriodSet</name>
         <load_address>0x1a24</load_address>
         <run_address>0x1a24</run_address>
         <size>0x10</size>
         <input_file_ref idref="fl-d"/>
      </object_component>
      <object_component id="oc-d7">
         <name>.text:UARTCharGetNonBlocking</name>
         <load_address>0x1a34</load_address>
         <run_address>0x1a34</run_address>
         <size>0xe</size>
         <input_file_ref idref="fl-f"/>
      </object_component>
      <object_component id="oc-e3">
         <name>.text:UARTCharsAvail</name>
         <load_address>0x1a42</load_address>
         <run_address>0x1a42</run_address>
         <size>0xe</size>
         <input_file_ref idref="fl-f"/>
      </object_component>
      <object_component id="oc-18">
         <name>.text:decompress:none:__TI_decompress_none</name>
         <load_address>0x1a50</load_address>
         <run_address>0x1a50</run_address>
         <size>0xe</size>
         <input_file_ref idref="fl-c8"/>
      </object_component>
      <object_component id="oc-194">
         <name>.text:CPUcpsie</name>
         <load_address>0x1a5e</load_address>
         <run_address>0x1a5e</run_address>
         <size>0xc</size>
         <input_file_ref idref="fl-10"/>
      </object_component>
      <object_component id="oc-b9">
         <name>.text:PWMGenEnable</name>
         <load_address>0x1a6a</load_address>
         <run_address>0x1a6a</run_address>
         <size>0xc</size>
         <input_file_ref idref="fl-d"/>
      </object_component>
      <object_component id="oc-24">
         <name>.text</name>
         <load_address>0x1a76</load_address>
         <run_address>0x1a76</run_address>
         <size>0xc</size>
         <input_file_ref idref="fl-4"/>
      </object_component>
      <object_component id="oc-dd">
         <name>.text:UARTCharPut</name>
         <load_address>0x1a82</load_address>
         <run_address>0x1a82</run_address>
         <size>0xa</size>
         <input_file_ref idref="fl-f"/>
      </object_component>
      <object_component id="oc-cb">
         <name>.text:UARTIntEnable</name>
         <load_address>0x1a8c</load_address>
         <run_address>0x1a8c</run_address>
         <size>0x8</size>
         <input_file_ref idref="fl-f"/>
      </object_component>
      <object_component id="oc-e9">
         <name>.text:GPIOPinWrite</name>
         <load_address>0x1a94</load_address>
         <run_address>0x1a94</run_address>
         <size>0x6</size>
         <input_file_ref idref="fl-b"/>
      </object_component>
      <object_component id="oc-192">
         <name>.text:SysCtlDelay</name>
         <load_address>0x1a9a</load_address>
         <run_address>0x1a9a</run_address>
         <size>0x6</size>
         <input_file_ref idref="fl-e"/>
      </object_component>
      <object_component id="oc-d1">
         <name>.text:UARTIntClear</name>
         <load_address>0x1aa0</load_address>
         <run_address>0x1aa0</run_address>
         <size>0x4</size>
         <input_file_ref idref="fl-f"/>
      </object_component>
      <object_component id="oc-13f">
         <name>.text:_system_pre_init</name>
         <load_address>0x1aa4</load_address>
         <run_address>0x1aa4</run_address>
         <size>0x4</size>
         <input_file_ref idref="fl-d2"/>
      </object_component>
      <object_component id="oc-1cd">
         <name>.text:abort:abort</name>
         <load_address>0x1aa8</load_address>
         <run_address>0x1aa8</run_address>
         <size>0x4</size>
         <input_file_ref idref="fl-cb"/>
      </object_component>
      <object_component id="oc-234">
         <name>.const:g_pui32GPIOBaseAddrs</name>
         <load_address>0x1aac</load_address>
         <run_address>0x1aac</run_address>
         <size>0x90</size>
         <input_file_ref idref="fl-b"/>
      </object_component>
      <object_component id="oc-15f">
         <name>.const</name>
         <load_address>0x1b3c</load_address>
         <run_address>0x1b3c</run_address>
         <size>0x70</size>
         <input_file_ref idref="fl-c"/>
      </object_component>
      <object_component id="oc-175">
         <name>.const:g_pui32Xtals</name>
         <load_address>0x1bac</load_address>
         <run_address>0x1bac</run_address>
         <size>0x6c</size>
         <input_file_ref idref="fl-e"/>
      </object_component>
      <object_component id="oc-71">
         <name>.const:g_ppui32TimerIntMap</name>
         <load_address>0x1c18</load_address>
         <run_address>0x1c18</run_address>
         <size>0x60</size>
         <input_file_ref idref="fl-1"/>
      </object_component>
      <object_component id="oc-74">
         <name>.const:g_ppui32TimerIntMapSnowflake</name>
         <load_address>0x1c78</load_address>
         <run_address>0x1c78</run_address>
         <size>0x40</size>
         <input_file_ref idref="fl-1"/>
      </object_component>
      <object_component id="oc-2ba">
         <name>.cinit..data.load</name>
         <load_address>0x1cb8</load_address>
         <run_address>0x1cb8</run_address>
         <size>0x18</size>
      </object_component>
      <object_component id="oc-2b7">
         <name>__TI_handler_table</name>
         <load_address>0x1cd0</load_address>
         <run_address>0x1cd0</run_address>
         <size>0xc</size>
      </object_component>
      <object_component id="oc-2bb">
         <name>.cinit..bss.load</name>
         <load_address>0x1ce0</load_address>
         <run_address>0x1ce0</run_address>
         <size>0x8</size>
      </object_component>
      <object_component id="oc-2b9">
         <name>.cinit..vtable.load</name>
         <load_address>0x1ce8</load_address>
         <run_address>0x1ce8</run_address>
         <size>0x8</size>
      </object_component>
      <object_component id="oc-2b8">
         <name>__TI_cinit_table</name>
         <load_address>0x1cf0</load_address>
         <run_address>0x1cf0</run_address>
         <size>0x18</size>
      </object_component>
      <object_component id="oc-155">
         <name>.vtable</name>
         <uninitialized>true</uninitialized>
         <run_address>0x20000000</run_address>
         <size>0x26c</size>
         <input_file_ref idref="fl-c"/>
      </object_component>
      <object_component id="oc-107">
         <name>.data</name>
         <load_address>0x20000470</load_address>
         <run_address>0x20000470</run_address>
         <size>0x20</size>
         <input_file_ref idref="fl-1"/>
      </object_component>
      <object_component id="oc-18e">
         <name>.data</name>
         <load_address>0x20000490</load_address>
         <run_address>0x20000490</run_address>
         <size>0x8</size>
         <input_file_ref idref="fl-2"/>
      </object_component>
      <object_component id="oc-10a">
         <name>.common:inst</name>
         <uninitialized>true</uninitialized>
         <run_address>0x2000026c</run_address>
         <size>0x4</size>
      </object_component>
      <object_component id="oc-21">
         <name>.stack</name>
         <uninitialized>true</uninitialized>
         <run_address>0x20000270</run_address>
         <size>0x4</size>
         <input_file_ref idref="fl-ca"/>
      </object_component>
      <object_component id="oc-2bc">
         <name>.stack</name>
         <uninitialized>true</uninitialized>
         <run_address>0x20000270</run_address>
         <size>0x0</size>
      </object_component>
      <object_component id="oc-10b">
         <name>.debug_info</name>
         <load_address>0x0</load_address>
         <run_address>0x0</run_address>
         <size>0x7a4</size>
         <input_file_ref idref="fl-1"/>
      </object_component>
      <object_component id="oc-72">
         <name>.debug_info</name>
         <load_address>0x7a4</load_address>
         <run_address>0x7a4</run_address>
         <size>0x10a</size>
         <input_file_ref idref="fl-1"/>
      </object_component>
      <object_component id="oc-75">
         <name>.debug_info</name>
         <load_address>0x8ae</load_address>
         <run_address>0x8ae</run_address>
         <size>0x11c</size>
         <input_file_ref idref="fl-1"/>
      </object_component>
      <object_component id="oc-108">
         <name>.debug_info</name>
         <load_address>0x9ca</load_address>
         <run_address>0x9ca</run_address>
         <size>0x1d0</size>
         <input_file_ref idref="fl-1"/>
      </object_component>
      <object_component id="oc-2b">
         <name>.debug_info</name>
         <load_address>0xb9a</load_address>
         <run_address>0xb9a</run_address>
         <size>0x3f23</size>
         <input_file_ref idref="fl-1"/>
      </object_component>
      <object_component id="oc-11f">
         <name>.debug_info</name>
         <load_address>0x4abd</load_address>
         <run_address>0x4abd</run_address>
         <size>0x26b</size>
         <input_file_ref idref="fl-1"/>
      </object_component>
      <object_component id="oc-113">
         <name>.debug_info</name>
         <load_address>0x4d28</load_address>
         <run_address>0x4d28</run_address>
         <size>0x8b</size>
         <input_file_ref idref="fl-1"/>
      </object_component>
      <object_component id="oc-1b8">
         <name>.debug_info</name>
         <load_address>0x4db3</load_address>
         <run_address>0x4db3</run_address>
         <size>0x297</size>
         <input_file_ref idref="fl-1"/>
      </object_component>
      <object_component id="oc-118">
         <name>.debug_info</name>
         <load_address>0x504a</load_address>
         <run_address>0x504a</run_address>
         <size>0xef</size>
         <input_file_ref idref="fl-1"/>
      </object_component>
      <object_component id="oc-10e">
         <name>.debug_info</name>
         <load_address>0x5139</load_address>
         <run_address>0x5139</run_address>
         <size>0xbb</size>
         <input_file_ref idref="fl-1"/>
      </object_component>
      <object_component id="oc-225">
         <name>.debug_info</name>
         <load_address>0x51f4</load_address>
         <run_address>0x51f4</run_address>
         <size>0x324</size>
         <input_file_ref idref="fl-2"/>
      </object_component>
      <object_component id="oc-18f">
         <name>.debug_info</name>
         <load_address>0x5518</load_address>
         <run_address>0x5518</run_address>
         <size>0x125</size>
         <input_file_ref idref="fl-2"/>
      </object_component>
      <object_component id="oc-f0">
         <name>.debug_info</name>
         <load_address>0x563d</load_address>
         <run_address>0x563d</run_address>
         <size>0x3ec</size>
         <input_file_ref idref="fl-2"/>
      </object_component>
      <object_component id="oc-39">
         <name>.debug_info</name>
         <load_address>0x5a29</load_address>
         <run_address>0x5a29</run_address>
         <size>0x84</size>
         <input_file_ref idref="fl-2"/>
      </object_component>
      <object_component id="oc-102">
         <name>.debug_info</name>
         <load_address>0x5aad</load_address>
         <run_address>0x5aad</run_address>
         <size>0x3eb</size>
         <input_file_ref idref="fl-3"/>
      </object_component>
      <object_component id="oc-32">
         <name>.debug_info</name>
         <load_address>0x5e98</load_address>
         <run_address>0x5e98</run_address>
         <size>0x2f8</size>
         <input_file_ref idref="fl-4"/>
      </object_component>
      <object_component id="oc-10">
         <name>.debug_info</name>
         <load_address>0x6190</load_address>
         <run_address>0x6190</run_address>
         <size>0x111</size>
         <input_file_ref idref="fl-4"/>
      </object_component>
      <object_component id="oc-25">
         <name>.debug_info</name>
         <load_address>0x62a1</load_address>
         <run_address>0x62a1</run_address>
         <size>0x28d</size>
         <input_file_ref idref="fl-4"/>
      </object_component>
      <object_component id="oc-18d">
         <name>.debug_info</name>
         <load_address>0x652e</load_address>
         <run_address>0x652e</run_address>
         <size>0x240</size>
         <input_file_ref idref="fl-b"/>
      </object_component>
      <object_component id="oc-235">
         <name>.debug_info</name>
         <load_address>0x676e</load_address>
         <run_address>0x676e</run_address>
         <size>0x15b</size>
         <input_file_ref idref="fl-b"/>
      </object_component>
      <object_component id="oc-ea">
         <name>.debug_info</name>
         <load_address>0x68c9</load_address>
         <run_address>0x68c9</run_address>
         <size>0x2a3</size>
         <input_file_ref idref="fl-b"/>
      </object_component>
      <object_component id="oc-22e">
         <name>.debug_info</name>
         <load_address>0x6b6c</load_address>
         <run_address>0x6b6c</run_address>
         <size>0x2b3</size>
         <input_file_ref idref="fl-b"/>
      </object_component>
      <object_component id="oc-228">
         <name>.debug_info</name>
         <load_address>0x6e1f</load_address>
         <run_address>0x6e1f</run_address>
         <size>0x316</size>
         <input_file_ref idref="fl-b"/>
      </object_component>
      <object_component id="oc-1ae">
         <name>.debug_info</name>
         <load_address>0x7135</load_address>
         <run_address>0x7135</run_address>
         <size>0x27b</size>
         <input_file_ref idref="fl-b"/>
      </object_component>
      <object_component id="oc-1a8">
         <name>.debug_info</name>
         <load_address>0x73b0</load_address>
         <run_address>0x73b0</run_address>
         <size>0x279</size>
         <input_file_ref idref="fl-b"/>
      </object_component>
      <object_component id="oc-19c">
         <name>.debug_info</name>
         <load_address>0x7629</load_address>
         <run_address>0x7629</run_address>
         <size>0x2b7</size>
         <input_file_ref idref="fl-b"/>
      </object_component>
      <object_component id="oc-1a2">
         <name>.debug_info</name>
         <load_address>0x78e0</load_address>
         <run_address>0x78e0</run_address>
         <size>0x280</size>
         <input_file_ref idref="fl-b"/>
      </object_component>
      <object_component id="oc-159">
         <name>.debug_info</name>
         <load_address>0x7b60</load_address>
         <run_address>0x7b60</run_address>
         <size>0x18b</size>
         <input_file_ref idref="fl-b"/>
      </object_component>
      <object_component id="oc-15e">
         <name>.debug_info</name>
         <load_address>0x7ceb</load_address>
         <run_address>0x7ceb</run_address>
         <size>0x20e</size>
         <input_file_ref idref="fl-c"/>
      </object_component>
      <object_component id="oc-160">
         <name>.debug_info</name>
         <load_address>0x7ef9</load_address>
         <run_address>0x7ef9</run_address>
         <size>0x210</size>
         <input_file_ref idref="fl-c"/>
      </object_component>
      <object_component id="oc-156">
         <name>.debug_info</name>
         <load_address>0x8109</load_address>
         <run_address>0x8109</run_address>
         <size>0x157</size>
         <input_file_ref idref="fl-c"/>
      </object_component>
      <object_component id="oc-166">
         <name>.debug_info</name>
         <load_address>0x8260</load_address>
         <run_address>0x8260</run_address>
         <size>0x225</size>
         <input_file_ref idref="fl-c"/>
      </object_component>
      <object_component id="oc-8a">
         <name>.debug_info</name>
         <load_address>0x8485</load_address>
         <run_address>0x8485</run_address>
         <size>0x270</size>
         <input_file_ref idref="fl-c"/>
      </object_component>
      <object_component id="oc-78">
         <name>.debug_info</name>
         <load_address>0x86f5</load_address>
         <run_address>0x86f5</run_address>
         <size>0x2c1</size>
         <input_file_ref idref="fl-c"/>
      </object_component>
      <object_component id="oc-ff">
         <name>.debug_info</name>
         <load_address>0x89b6</load_address>
         <run_address>0x89b6</run_address>
         <size>0x23e</size>
         <input_file_ref idref="fl-c"/>
      </object_component>
      <object_component id="oc-7f">
         <name>.debug_info</name>
         <load_address>0x8bf4</load_address>
         <run_address>0x8bf4</run_address>
         <size>0x268</size>
         <input_file_ref idref="fl-c"/>
      </object_component>
      <object_component id="oc-85">
         <name>.debug_info</name>
         <load_address>0x8e5c</load_address>
         <run_address>0x8e5c</run_address>
         <size>0x26a</size>
         <input_file_ref idref="fl-c"/>
      </object_component>
      <object_component id="oc-170">
         <name>.debug_info</name>
         <load_address>0x90c6</load_address>
         <run_address>0x90c6</run_address>
         <size>0x1ed</size>
         <input_file_ref idref="fl-d"/>
      </object_component>
      <object_component id="oc-ae">
         <name>.debug_info</name>
         <load_address>0x92b3</load_address>
         <run_address>0x92b3</run_address>
         <size>0x2f6</size>
         <input_file_ref idref="fl-d"/>
      </object_component>
      <object_component id="oc-b4">
         <name>.debug_info</name>
         <load_address>0x95a9</load_address>
         <run_address>0x95a9</run_address>
         <size>0x2c4</size>
         <input_file_ref idref="fl-d"/>
      </object_component>
      <object_component id="oc-a8">
         <name>.debug_info</name>
         <load_address>0x986d</load_address>
         <run_address>0x986d</run_address>
         <size>0x2b6</size>
         <input_file_ref idref="fl-d"/>
      </object_component>
      <object_component id="oc-ba">
         <name>.debug_info</name>
         <load_address>0x9b23</load_address>
         <run_address>0x9b23</run_address>
         <size>0x276</size>
         <input_file_ref idref="fl-d"/>
      </object_component>
      <object_component id="oc-a2">
         <name>.debug_info</name>
         <load_address>0x9d99</load_address>
         <run_address>0x9d99</run_address>
         <size>0x2b3</size>
         <input_file_ref idref="fl-d"/>
      </object_component>
      <object_component id="oc-16c">
         <name>.debug_info</name>
         <load_address>0xa04c</load_address>
         <run_address>0xa04c</run_address>
         <size>0x298</size>
         <input_file_ref idref="fl-e"/>
      </object_component>
      <object_component id="oc-176">
         <name>.debug_info</name>
         <load_address>0xa2e4</load_address>
         <run_address>0xa2e4</run_address>
         <size>0x14d</size>
         <input_file_ref idref="fl-e"/>
      </object_component>
      <object_component id="oc-9c">
         <name>.debug_info</name>
         <load_address>0xa431</load_address>
         <run_address>0xa431</run_address>
         <size>0x27f</size>
         <input_file_ref idref="fl-e"/>
      </object_component>
      <object_component id="oc-96">
         <name>.debug_info</name>
         <load_address>0xa6b0</load_address>
         <run_address>0xa6b0</run_address>
         <size>0x27d</size>
         <input_file_ref idref="fl-e"/>
      </object_component>
      <object_component id="oc-90">
         <name>.debug_info</name>
         <load_address>0xa92d</load_address>
         <run_address>0xa92d</run_address>
         <size>0x263</size>
         <input_file_ref idref="fl-e"/>
      </object_component>
      <object_component id="oc-f6">
         <name>.debug_info</name>
         <load_address>0xab90</load_address>
         <run_address>0xab90</run_address>
         <size>0x2db</size>
         <input_file_ref idref="fl-e"/>
      </object_component>
      <object_component id="oc-c0">
         <name>.debug_info</name>
         <load_address>0xae6b</load_address>
         <run_address>0xae6b</run_address>
         <size>0x2b5</size>
         <input_file_ref idref="fl-e"/>
      </object_component>
      <object_component id="oc-214">
         <name>.debug_info</name>
         <load_address>0xb120</load_address>
         <run_address>0xb120</run_address>
         <size>0x5f</size>
         <input_file_ref idref="fl-e"/>
      </object_component>
      <object_component id="oc-186">
         <name>.debug_info</name>
         <load_address>0xb17f</load_address>
         <run_address>0xb17f</run_address>
         <size>0x227</size>
         <input_file_ref idref="fl-f"/>
      </object_component>
      <object_component id="oc-cc">
         <name>.debug_info</name>
         <load_address>0xb3a6</load_address>
         <run_address>0xb3a6</run_address>
         <size>0x28f</size>
         <input_file_ref idref="fl-f"/>
      </object_component>
      <object_component id="oc-d2">
         <name>.debug_info</name>
         <load_address>0xb635</load_address>
         <run_address>0xb635</run_address>
         <size>0x28d</size>
         <input_file_ref idref="fl-f"/>
      </object_component>
      <object_component id="oc-180">
         <name>.debug_info</name>
         <load_address>0xb8c2</load_address>
         <run_address>0xb8c2</run_address>
         <size>0x247</size>
         <input_file_ref idref="fl-f"/>
      </object_component>
      <object_component id="oc-17a">
         <name>.debug_info</name>
         <load_address>0xbb09</load_address>
         <run_address>0xbb09</run_address>
         <size>0x249</size>
         <input_file_ref idref="fl-f"/>
      </object_component>
      <object_component id="oc-c6">
         <name>.debug_info</name>
         <load_address>0xbd52</load_address>
         <run_address>0xbd52</run_address>
         <size>0x326</size>
         <input_file_ref idref="fl-f"/>
      </object_component>
      <object_component id="oc-e4">
         <name>.debug_info</name>
         <load_address>0xc078</load_address>
         <run_address>0xc078</run_address>
         <size>0x253</size>
         <input_file_ref idref="fl-f"/>
      </object_component>
      <object_component id="oc-de">
         <name>.debug_info</name>
         <load_address>0xc2cb</load_address>
         <run_address>0xc2cb</run_address>
         <size>0x273</size>
         <input_file_ref idref="fl-f"/>
      </object_component>
      <object_component id="oc-d8">
         <name>.debug_info</name>
         <load_address>0xc53e</load_address>
         <run_address>0xc53e</run_address>
         <size>0x263</size>
         <input_file_ref idref="fl-f"/>
      </object_component>
      <object_component id="oc-195">
         <name>.debug_info</name>
         <load_address>0xc7a1</load_address>
         <run_address>0xc7a1</run_address>
         <size>0x212</size>
         <input_file_ref idref="fl-10"/>
      </object_component>
      <object_component id="oc-138">
         <name>.debug_info</name>
         <load_address>0xc9b3</load_address>
         <run_address>0xc9b3</run_address>
         <size>0x313</size>
         <input_file_ref idref="fl-c7"/>
      </object_component>
      <object_component id="oc-4b">
         <name>.debug_info</name>
         <load_address>0xccc6</load_address>
         <run_address>0xccc6</run_address>
         <size>0x1b4</size>
         <input_file_ref idref="fl-c7"/>
      </object_component>
      <object_component id="oc-133">
         <name>.debug_info</name>
         <load_address>0xce7a</load_address>
         <run_address>0xce7a</run_address>
         <size>0x46</size>
         <input_file_ref idref="fl-c7"/>
      </object_component>
      <object_component id="oc-1c4">
         <name>.debug_info</name>
         <load_address>0xcec0</load_address>
         <run_address>0xcec0</run_address>
         <size>0x2c</size>
         <input_file_ref idref="fl-c7"/>
      </object_component>
      <object_component id="oc-49">
         <name>.debug_info</name>
         <load_address>0xceec</load_address>
         <run_address>0xceec</run_address>
         <size>0x29d</size>
         <input_file_ref idref="fl-c8"/>
      </object_component>
      <object_component id="oc-19">
         <name>.debug_info</name>
         <load_address>0xd189</load_address>
         <run_address>0xd189</run_address>
         <size>0x1df</size>
         <input_file_ref idref="fl-c8"/>
      </object_component>
      <object_component id="oc-44">
         <name>.debug_info</name>
         <load_address>0xd368</load_address>
         <run_address>0xd368</run_address>
         <size>0x46</size>
         <input_file_ref idref="fl-c8"/>
      </object_component>
      <object_component id="oc-12b">
         <name>.debug_info</name>
         <load_address>0xd3ae</load_address>
         <run_address>0xd3ae</run_address>
         <size>0x2c</size>
         <input_file_ref idref="fl-c8"/>
      </object_component>
      <object_component id="oc-129">
         <name>.debug_info</name>
         <load_address>0xd3da</load_address>
         <run_address>0xd3da</run_address>
         <size>0x293</size>
         <input_file_ref idref="fl-c9"/>
      </object_component>
      <object_component id="oc-13">
         <name>.debug_info</name>
         <load_address>0xd66d</load_address>
         <run_address>0xd66d</run_address>
         <size>0x245</size>
         <input_file_ref idref="fl-c9"/>
      </object_component>
      <object_component id="oc-34">
         <name>.debug_info</name>
         <load_address>0xd8b2</load_address>
         <run_address>0xd8b2</run_address>
         <size>0x60</size>
         <input_file_ref idref="fl-c9"/>
      </object_component>
      <object_component id="oc-1bd">
         <name>.debug_info</name>
         <load_address>0xd912</load_address>
         <run_address>0xd912</run_address>
         <size>0x46</size>
         <input_file_ref idref="fl-c9"/>
      </object_component>
      <object_component id="oc-124">
         <name>.debug_info</name>
         <load_address>0xd958</load_address>
         <run_address>0xd958</run_address>
         <size>0x39</size>
         <input_file_ref idref="fl-c9"/>
      </object_component>
      <object_component id="oc-22">
         <name>.debug_info</name>
         <load_address>0xd991</load_address>
         <run_address>0xd991</run_address>
         <size>0x100</size>
         <input_file_ref idref="fl-ca"/>
      </object_component>
      <object_component id="oc-5d">
         <name>.debug_info</name>
         <load_address>0xda91</load_address>
         <run_address>0xda91</run_address>
         <size>0x1a4</size>
         <input_file_ref idref="fl-ca"/>
      </object_component>
      <object_component id="oc-1ce">
         <name>.debug_info</name>
         <load_address>0xdc35</load_address>
         <run_address>0xdc35</run_address>
         <size>0x117</size>
         <input_file_ref idref="fl-cb"/>
      </object_component>
      <object_component id="oc-3f">
         <name>.debug_info</name>
         <load_address>0xdd4c</load_address>
         <run_address>0xdd4c</run_address>
         <size>0x111</size>
         <input_file_ref idref="fl-cf"/>
      </object_component>
      <object_component id="oc-245">
         <name>.debug_info</name>
         <load_address>0xde5d</load_address>
         <run_address>0xde5d</run_address>
         <size>0x547</size>
         <input_file_ref idref="fl-d1"/>
      </object_component>
      <object_component id="oc-1da">
         <name>.debug_info</name>
         <load_address>0xe3a4</load_address>
         <run_address>0xe3a4</run_address>
         <size>0x19b</size>
         <input_file_ref idref="fl-d1"/>
      </object_component>
      <object_component id="oc-270">
         <name>.debug_info</name>
         <load_address>0xe53f</load_address>
         <run_address>0xe53f</run_address>
         <size>0x39</size>
         <input_file_ref idref="fl-d1"/>
      </object_component>
      <object_component id="oc-284">
         <name>.debug_info</name>
         <load_address>0xe578</load_address>
         <run_address>0xe578</run_address>
         <size>0x39</size>
         <input_file_ref idref="fl-d1"/>
      </object_component>
      <object_component id="oc-275">
         <name>.debug_info</name>
         <load_address>0xe5b1</load_address>
         <run_address>0xe5b1</run_address>
         <size>0x39</size>
         <input_file_ref idref="fl-d1"/>
      </object_component>
      <object_component id="oc-27a">
         <name>.debug_info</name>
         <load_address>0xe5ea</load_address>
         <run_address>0xe5ea</run_address>
         <size>0xcd</size>
         <input_file_ref idref="fl-d1"/>
      </object_component>
      <object_component id="oc-140">
         <name>.debug_info</name>
         <load_address>0xe6b7</load_address>
         <run_address>0xe6b7</run_address>
         <size>0x148</size>
         <input_file_ref idref="fl-d2"/>
      </object_component>
      <object_component id="oc-2bd">
         <name>.debug_info</name>
         <load_address>0xe7ff</load_address>
         <run_address>0xe7ff</run_address>
         <size>0xc7</size>
      </object_component>
      <object_component id="oc-1b7">
         <name>.debug_line</name>
         <load_address>0x0</load_address>
         <run_address>0x0</run_address>
         <size>0x19b</size>
         <input_file_ref idref="fl-1"/>
      </object_component>
      <object_component id="oc-152">
         <name>.debug_line</name>
         <load_address>0x19b</load_address>
         <run_address>0x19b</run_address>
         <size>0x62</size>
         <input_file_ref idref="fl-1"/>
      </object_component>
      <object_component id="oc-154">
         <name>.debug_line</name>
         <load_address>0x1fd</load_address>
         <run_address>0x1fd</run_address>
         <size>0x62</size>
         <input_file_ref idref="fl-1"/>
      </object_component>
      <object_component id="oc-1b5">
         <name>.debug_line</name>
         <load_address>0x25f</load_address>
         <run_address>0x25f</run_address>
         <size>0x2d</size>
         <input_file_ref idref="fl-1"/>
      </object_component>
      <object_component id="oc-2e">
         <name>.debug_line</name>
         <load_address>0x28c</load_address>
         <run_address>0x28c</run_address>
         <size>0x7c6</size>
         <input_file_ref idref="fl-1"/>
      </object_component>
      <object_component id="oc-122">
         <name>.debug_line</name>
         <load_address>0xa52</load_address>
         <run_address>0xa52</run_address>
         <size>0x6b</size>
         <input_file_ref idref="fl-1"/>
      </object_component>
      <object_component id="oc-116">
         <name>.debug_line</name>
         <load_address>0xabd</load_address>
         <run_address>0xabd</run_address>
         <size>0x20</size>
         <input_file_ref idref="fl-1"/>
      </object_component>
      <object_component id="oc-1bb">
         <name>.debug_line</name>
         <load_address>0xadd</load_address>
         <run_address>0xadd</run_address>
         <size>0x6f</size>
         <input_file_ref idref="fl-1"/>
      </object_component>
      <object_component id="oc-11b">
         <name>.debug_line</name>
         <load_address>0xb4c</load_address>
         <run_address>0xb4c</run_address>
         <size>0x6b</size>
         <input_file_ref idref="fl-1"/>
      </object_component>
      <object_component id="oc-111">
         <name>.debug_line</name>
         <load_address>0xbb7</load_address>
         <run_address>0xbb7</run_address>
         <size>0x6c</size>
         <input_file_ref idref="fl-1"/>
      </object_component>
      <object_component id="oc-25b">
         <name>.debug_line</name>
         <load_address>0xc23</load_address>
         <run_address>0xc23</run_address>
         <size>0x73</size>
         <input_file_ref idref="fl-2"/>
      </object_component>
      <object_component id="oc-224">
         <name>.debug_line</name>
         <load_address>0xc96</load_address>
         <run_address>0xc96</run_address>
         <size>0x34</size>
         <input_file_ref idref="fl-2"/>
      </object_component>
      <object_component id="oc-f3">
         <name>.debug_line</name>
         <load_address>0xcca</load_address>
         <run_address>0xcca</run_address>
         <size>0x17c</size>
         <input_file_ref idref="fl-2"/>
      </object_component>
      <object_component id="oc-3c">
         <name>.debug_line</name>
         <load_address>0xe46</load_address>
         <run_address>0xe46</run_address>
         <size>0x20</size>
         <input_file_ref idref="fl-2"/>
      </object_component>
      <object_component id="oc-105">
         <name>.debug_line</name>
         <load_address>0xe66</load_address>
         <run_address>0xe66</run_address>
         <size>0x62</size>
         <input_file_ref idref="fl-3"/>
      </object_component>
      <object_component id="oc-11e">
         <name>.debug_line</name>
         <load_address>0xec8</load_address>
         <run_address>0xec8</run_address>
         <size>0x41</size>
         <input_file_ref idref="fl-4"/>
      </object_component>
      <object_component id="oc-31">
         <name>.debug_line</name>
         <load_address>0xf09</load_address>
         <run_address>0xf09</run_address>
         <size>0x41</size>
         <input_file_ref idref="fl-4"/>
      </object_component>
      <object_component id="oc-28">
         <name>.debug_line</name>
         <load_address>0xf4a</load_address>
         <run_address>0xf4a</run_address>
         <size>0xa1</size>
         <input_file_ref idref="fl-4"/>
      </object_component>
      <object_component id="oc-222">
         <name>.debug_line</name>
         <load_address>0xfeb</load_address>
         <run_address>0xfeb</run_address>
         <size>0x82</size>
         <input_file_ref idref="fl-b"/>
      </object_component>
      <object_component id="oc-25f">
         <name>.debug_line</name>
         <load_address>0x106d</load_address>
         <run_address>0x106d</run_address>
         <size>0x7d</size>
         <input_file_ref idref="fl-b"/>
      </object_component>
      <object_component id="oc-ed">
         <name>.debug_line</name>
         <load_address>0x10ea</load_address>
         <run_address>0x10ea</run_address>
         <size>0x92</size>
         <input_file_ref idref="fl-b"/>
      </object_component>
      <object_component id="oc-231">
         <name>.debug_line</name>
         <load_address>0x117c</load_address>
         <run_address>0x117c</run_address>
         <size>0x95</size>
         <input_file_ref idref="fl-b"/>
      </object_component>
      <object_component id="oc-22b">
         <name>.debug_line</name>
         <load_address>0x1211</load_address>
         <run_address>0x1211</run_address>
         <size>0xd1</size>
         <input_file_ref idref="fl-b"/>
      </object_component>
      <object_component id="oc-1b1">
         <name>.debug_line</name>
         <load_address>0x12e2</load_address>
         <run_address>0x12e2</run_address>
         <size>0x93</size>
         <input_file_ref idref="fl-b"/>
      </object_component>
      <object_component id="oc-1ab">
         <name>.debug_line</name>
         <load_address>0x1375</load_address>
         <run_address>0x1375</run_address>
         <size>0x93</size>
         <input_file_ref idref="fl-b"/>
      </object_component>
      <object_component id="oc-19f">
         <name>.debug_line</name>
         <load_address>0x1408</load_address>
         <run_address>0x1408</run_address>
         <size>0x99</size>
         <input_file_ref idref="fl-b"/>
      </object_component>
      <object_component id="oc-1a5">
         <name>.debug_line</name>
         <load_address>0x14a1</load_address>
         <run_address>0x14a1</run_address>
         <size>0xa7</size>
         <input_file_ref idref="fl-b"/>
      </object_component>
      <object_component id="oc-15c">
         <name>.debug_line</name>
         <load_address>0x1548</load_address>
         <run_address>0x1548</run_address>
         <size>0x69</size>
         <input_file_ref idref="fl-b"/>
      </object_component>
      <object_component id="oc-20e">
         <name>.debug_line</name>
         <load_address>0x15b1</load_address>
         <run_address>0x15b1</run_address>
         <size>0x7c</size>
         <input_file_ref idref="fl-c"/>
      </object_component>
      <object_component id="oc-210">
         <name>.debug_line</name>
         <load_address>0x162d</load_address>
         <run_address>0x162d</run_address>
         <size>0x82</size>
         <input_file_ref idref="fl-c"/>
      </object_component>
      <object_component id="oc-20c">
         <name>.debug_line</name>
         <load_address>0x16af</load_address>
         <run_address>0x16af</run_address>
         <size>0x82</size>
         <input_file_ref idref="fl-c"/>
      </object_component>
      <object_component id="oc-165">
         <name>.debug_line</name>
         <load_address>0x1731</load_address>
         <run_address>0x1731</run_address>
         <size>0x97</size>
         <input_file_ref idref="fl-c"/>
      </object_component>
      <object_component id="oc-8d">
         <name>.debug_line</name>
         <load_address>0x17c8</load_address>
         <run_address>0x17c8</run_address>
         <size>0x97</size>
         <input_file_ref idref="fl-c"/>
      </object_component>
      <object_component id="oc-7b">
         <name>.debug_line</name>
         <load_address>0x185f</load_address>
         <run_address>0x185f</run_address>
         <size>0xaf</size>
         <input_file_ref idref="fl-c"/>
      </object_component>
      <object_component id="oc-fe">
         <name>.debug_line</name>
         <load_address>0x190e</load_address>
         <run_address>0x190e</run_address>
         <size>0x97</size>
         <input_file_ref idref="fl-c"/>
      </object_component>
      <object_component id="oc-82">
         <name>.debug_line</name>
         <load_address>0x19a5</load_address>
         <run_address>0x19a5</run_address>
         <size>0xc2</size>
         <input_file_ref idref="fl-c"/>
      </object_component>
      <object_component id="oc-88">
         <name>.debug_line</name>
         <load_address>0x1a67</load_address>
         <run_address>0x1a67</run_address>
         <size>0xc2</size>
         <input_file_ref idref="fl-c"/>
      </object_component>
      <object_component id="oc-21a">
         <name>.debug_line</name>
         <load_address>0x1b29</load_address>
         <run_address>0x1b29</run_address>
         <size>0x82</size>
         <input_file_ref idref="fl-d"/>
      </object_component>
      <object_component id="oc-b1">
         <name>.debug_line</name>
         <load_address>0x1bab</load_address>
         <run_address>0x1bab</run_address>
         <size>0x9e</size>
         <input_file_ref idref="fl-d"/>
      </object_component>
      <object_component id="oc-b7">
         <name>.debug_line</name>
         <load_address>0x1c49</load_address>
         <run_address>0x1c49</run_address>
         <size>0x95</size>
         <input_file_ref idref="fl-d"/>
      </object_component>
      <object_component id="oc-ab">
         <name>.debug_line</name>
         <load_address>0x1cde</load_address>
         <run_address>0x1cde</run_address>
         <size>0x96</size>
         <input_file_ref idref="fl-d"/>
      </object_component>
      <object_component id="oc-bd">
         <name>.debug_line</name>
         <load_address>0x1d74</load_address>
         <run_address>0x1d74</run_address>
         <size>0x91</size>
         <input_file_ref idref="fl-d"/>
      </object_component>
      <object_component id="oc-a5">
         <name>.debug_line</name>
         <load_address>0x1e05</load_address>
         <run_address>0x1e05</run_address>
         <size>0x9b</size>
         <input_file_ref idref="fl-d"/>
      </object_component>
      <object_component id="oc-213">
         <name>.debug_line</name>
         <load_address>0x1ea0</load_address>
         <run_address>0x1ea0</run_address>
         <size>0x13d</size>
         <input_file_ref idref="fl-e"/>
      </object_component>
      <object_component id="oc-21c">
         <name>.debug_line</name>
         <load_address>0x1fdd</load_address>
         <run_address>0x1fdd</run_address>
         <size>0x7f</size>
         <input_file_ref idref="fl-e"/>
      </object_component>
      <object_component id="oc-9f">
         <name>.debug_line</name>
         <load_address>0x205c</load_address>
         <run_address>0x205c</run_address>
         <size>0x94</size>
         <input_file_ref idref="fl-e"/>
      </object_component>
      <object_component id="oc-99">
         <name>.debug_line</name>
         <load_address>0x20f0</load_address>
         <run_address>0x20f0</run_address>
         <size>0x94</size>
         <input_file_ref idref="fl-e"/>
      </object_component>
      <object_component id="oc-93">
         <name>.debug_line</name>
         <load_address>0x2184</load_address>
         <run_address>0x2184</run_address>
         <size>0x94</size>
         <input_file_ref idref="fl-e"/>
      </object_component>
      <object_component id="oc-f9">
         <name>.debug_line</name>
         <load_address>0x2218</load_address>
         <run_address>0x2218</run_address>
         <size>0xee</size>
         <input_file_ref idref="fl-e"/>
      </object_component>
      <object_component id="oc-c3">
         <name>.debug_line</name>
         <load_address>0x2306</load_address>
         <run_address>0x2306</run_address>
         <size>0x11a</size>
         <input_file_ref idref="fl-e"/>
      </object_component>
      <object_component id="oc-217">
         <name>.debug_line</name>
         <load_address>0x2420</load_address>
         <run_address>0x2420</run_address>
         <size>0x7f</size>
         <input_file_ref idref="fl-e"/>
      </object_component>
      <object_component id="oc-220">
         <name>.debug_line</name>
         <load_address>0x249f</load_address>
         <run_address>0x249f</run_address>
         <size>0x82</size>
         <input_file_ref idref="fl-f"/>
      </object_component>
      <object_component id="oc-cf">
         <name>.debug_line</name>
         <load_address>0x2521</load_address>
         <run_address>0x2521</run_address>
         <size>0x92</size>
         <input_file_ref idref="fl-f"/>
      </object_component>
      <object_component id="oc-d5">
         <name>.debug_line</name>
         <load_address>0x25b3</load_address>
         <run_address>0x25b3</run_address>
         <size>0x92</size>
         <input_file_ref idref="fl-f"/>
      </object_component>
      <object_component id="oc-183">
         <name>.debug_line</name>
         <load_address>0x2645</load_address>
         <run_address>0x2645</run_address>
         <size>0x93</size>
         <input_file_ref idref="fl-f"/>
      </object_component>
      <object_component id="oc-17d">
         <name>.debug_line</name>
         <load_address>0x26d8</load_address>
         <run_address>0x26d8</run_address>
         <size>0x96</size>
         <input_file_ref idref="fl-f"/>
      </object_component>
      <object_component id="oc-c9">
         <name>.debug_line</name>
         <load_address>0x276e</load_address>
         <run_address>0x276e</run_address>
         <size>0xb3</size>
         <input_file_ref idref="fl-f"/>
      </object_component>
      <object_component id="oc-e7">
         <name>.debug_line</name>
         <load_address>0x2821</load_address>
         <run_address>0x2821</run_address>
         <size>0x92</size>
         <input_file_ref idref="fl-f"/>
      </object_component>
      <object_component id="oc-e1">
         <name>.debug_line</name>
         <load_address>0x28b3</load_address>
         <run_address>0x28b3</run_address>
         <size>0x93</size>
         <input_file_ref idref="fl-f"/>
      </object_component>
      <object_component id="oc-db">
         <name>.debug_line</name>
         <load_address>0x2946</load_address>
         <run_address>0x2946</run_address>
         <size>0x92</size>
         <input_file_ref idref="fl-f"/>
      </object_component>
      <object_component id="oc-198">
         <name>.debug_line</name>
         <load_address>0x29d8</load_address>
         <run_address>0x29d8</run_address>
         <size>0x91</size>
         <input_file_ref idref="fl-10"/>
      </object_component>
      <object_component id="oc-1ca">
         <name>.debug_line</name>
         <load_address>0x2a69</load_address>
         <run_address>0x2a69</run_address>
         <size>0x9e</size>
         <input_file_ref idref="fl-c7"/>
      </object_component>
      <object_component id="oc-4e">
         <name>.debug_line</name>
         <load_address>0x2b07</load_address>
         <run_address>0x2b07</run_address>
         <size>0x4f</size>
         <input_file_ref idref="fl-c7"/>
      </object_component>
      <object_component id="oc-136">
         <name>.debug_line</name>
         <load_address>0x2b56</load_address>
         <run_address>0x2b56</run_address>
         <size>0x34</size>
         <input_file_ref idref="fl-c7"/>
      </object_component>
      <object_component id="oc-1c7">
         <name>.debug_line</name>
         <load_address>0x2b8a</load_address>
         <run_address>0x2b8a</run_address>
         <size>0x8a</size>
         <input_file_ref idref="fl-c7"/>
      </object_component>
      <object_component id="oc-131">
         <name>.debug_line</name>
         <load_address>0x2c14</load_address>
         <run_address>0x2c14</run_address>
         <size>0x20</size>
         <input_file_ref idref="fl-c8"/>
      </object_component>
      <object_component id="oc-1c">
         <name>.debug_line</name>
         <load_address>0x2c34</load_address>
         <run_address>0x2c34</run_address>
         <size>0x55</size>
         <input_file_ref idref="fl-c8"/>
      </object_component>
      <object_component id="oc-47">
         <name>.debug_line</name>
         <load_address>0x2c89</load_address>
         <run_address>0x2c89</run_address>
         <size>0x3a</size>
         <input_file_ref idref="fl-c8"/>
      </object_component>
      <object_component id="oc-12e">
         <name>.debug_line</name>
         <load_address>0x2cc3</load_address>
         <run_address>0x2cc3</run_address>
         <size>0x8a</size>
         <input_file_ref idref="fl-c8"/>
      </object_component>
      <object_component id="oc-1c3">
         <name>.debug_line</name>
         <load_address>0x2d4d</load_address>
         <run_address>0x2d4d</run_address>
         <size>0x20</size>
         <input_file_ref idref="fl-c9"/>
      </object_component>
      <object_component id="oc-16">
         <name>.debug_line</name>
         <load_address>0x2d6d</load_address>
         <run_address>0x2d6d</run_address>
         <size>0xa9</size>
         <input_file_ref idref="fl-c9"/>
      </object_component>
      <object_component id="oc-37">
         <name>.debug_line</name>
         <load_address>0x2e16</load_address>
         <run_address>0x2e16</run_address>
         <size>0x3a</size>
         <input_file_ref idref="fl-c9"/>
      </object_component>
      <object_component id="oc-1c0">
         <name>.debug_line</name>
         <load_address>0x2e50</load_address>
         <run_address>0x2e50</run_address>
         <size>0x92</size>
         <input_file_ref idref="fl-c9"/>
      </object_component>
      <object_component id="oc-127">
         <name>.debug_line</name>
         <load_address>0x2ee2</load_address>
         <run_address>0x2ee2</run_address>
         <size>0x8e</size>
         <input_file_ref idref="fl-c9"/>
      </object_component>
      <object_component id="oc-6f">
         <name>.debug_line</name>
         <load_address>0x2f70</load_address>
         <run_address>0x2f70</run_address>
         <size>0x33</size>
         <input_file_ref idref="fl-ca"/>
      </object_component>
      <object_component id="oc-60">
         <name>.debug_line</name>
         <load_address>0x2fa3</load_address>
         <run_address>0x2fa3</run_address>
         <size>0x56</size>
         <input_file_ref idref="fl-ca"/>
      </object_component>
      <object_component id="oc-1d1">
         <name>.debug_line</name>
         <load_address>0x2ff9</load_address>
         <run_address>0x2ff9</run_address>
         <size>0x3c</size>
         <input_file_ref idref="fl-cb"/>
      </object_component>
      <object_component id="oc-42">
         <name>.debug_line</name>
         <load_address>0x3035</load_address>
         <run_address>0x3035</run_address>
         <size>0x88</size>
         <input_file_ref idref="fl-cf"/>
      </object_component>
      <object_component id="oc-26f">
         <name>.debug_line</name>
         <load_address>0x30bd</load_address>
         <run_address>0x30bd</run_address>
         <size>0xb7</size>
         <input_file_ref idref="fl-d1"/>
      </object_component>
      <object_component id="oc-1dd">
         <name>.debug_line</name>
         <load_address>0x3174</load_address>
         <run_address>0x3174</run_address>
         <size>0x6c</size>
         <input_file_ref idref="fl-d1"/>
      </object_component>
      <object_component id="oc-273">
         <name>.debug_line</name>
         <load_address>0x31e0</load_address>
         <run_address>0x31e0</run_address>
         <size>0x2e</size>
         <input_file_ref idref="fl-d1"/>
      </object_component>
      <object_component id="oc-287">
         <name>.debug_line</name>
         <load_address>0x320e</load_address>
         <run_address>0x320e</run_address>
         <size>0x92</size>
         <input_file_ref idref="fl-d1"/>
      </object_component>
      <object_component id="oc-278">
         <name>.debug_line</name>
         <load_address>0x32a0</load_address>
         <run_address>0x32a0</run_address>
         <size>0x8f</size>
         <input_file_ref idref="fl-d1"/>
      </object_component>
      <object_component id="oc-27d">
         <name>.debug_line</name>
         <load_address>0x332f</load_address>
         <run_address>0x332f</run_address>
         <size>0x8b</size>
         <input_file_ref idref="fl-d1"/>
      </object_component>
      <object_component id="oc-143">
         <name>.debug_line</name>
         <load_address>0x33ba</load_address>
         <run_address>0x33ba</run_address>
         <size>0x40</size>
         <input_file_ref idref="fl-d2"/>
      </object_component>
      <object_component id="oc-2f">
         <name>.debug_frame</name>
         <load_address>0x0</load_address>
         <run_address>0x0</run_address>
         <size>0x538</size>
         <input_file_ref idref="fl-1"/>
      </object_component>
      <object_component id="oc-f4">
         <name>.debug_frame</name>
         <load_address>0x538</load_address>
         <run_address>0x538</run_address>
         <size>0x5c</size>
         <input_file_ref idref="fl-2"/>
      </object_component>
      <object_component id="oc-106">
         <name>.debug_frame</name>
         <load_address>0x594</load_address>
         <run_address>0x594</run_address>
         <size>0x5c</size>
         <input_file_ref idref="fl-3"/>
      </object_component>
      <object_component id="oc-29">
         <name>.debug_frame</name>
         <load_address>0x5f0</load_address>
         <run_address>0x5f0</run_address>
         <size>0x90</size>
         <input_file_ref idref="fl-4"/>
      </object_component>
      <object_component id="oc-ee">
         <name>.debug_frame</name>
         <load_address>0x8e4</load_address>
         <run_address>0x8e4</run_address>
         <size>0x7f</size>
         <input_file_ref idref="fl-b"/>
      </object_component>
      <object_component id="oc-232">
         <name>.debug_frame</name>
         <load_address>0x963</load_address>
         <run_address>0x963</run_address>
         <size>0x7f</size>
         <input_file_ref idref="fl-b"/>
      </object_component>
      <object_component id="oc-22c">
         <name>.debug_frame</name>
         <load_address>0x9e2</load_address>
         <run_address>0x9e2</run_address>
         <size>0x8f</size>
         <input_file_ref idref="fl-b"/>
      </object_component>
      <object_component id="oc-1b2">
         <name>.debug_frame</name>
         <load_address>0xa71</load_address>
         <run_address>0xa71</run_address>
         <size>0x86</size>
         <input_file_ref idref="fl-b"/>
      </object_component>
      <object_component id="oc-1ac">
         <name>.debug_frame</name>
         <load_address>0xaf7</load_address>
         <run_address>0xaf7</run_address>
         <size>0x86</size>
         <input_file_ref idref="fl-b"/>
      </object_component>
      <object_component id="oc-1a0">
         <name>.debug_frame</name>
         <load_address>0xb7d</load_address>
         <run_address>0xb7d</run_address>
         <size>0x8a</size>
         <input_file_ref idref="fl-b"/>
      </object_component>
      <object_component id="oc-1a6">
         <name>.debug_frame</name>
         <load_address>0xc07</load_address>
         <run_address>0xc07</run_address>
         <size>0x86</size>
         <input_file_ref idref="fl-b"/>
      </object_component>
      <object_component id="oc-169">
         <name>.debug_frame</name>
         <load_address>0xc8d</load_address>
         <run_address>0xc8d</run_address>
         <size>0x7f</size>
         <input_file_ref idref="fl-c"/>
      </object_component>
      <object_component id="oc-8e">
         <name>.debug_frame</name>
         <load_address>0xd0c</load_address>
         <run_address>0xd0c</run_address>
         <size>0x7f</size>
         <input_file_ref idref="fl-c"/>
      </object_component>
      <object_component id="oc-7c">
         <name>.debug_frame</name>
         <load_address>0xd8b</load_address>
         <run_address>0xd8b</run_address>
         <size>0x8e</size>
         <input_file_ref idref="fl-c"/>
      </object_component>
      <object_component id="oc-fd">
         <name>.debug_frame</name>
         <load_address>0xe19</load_address>
         <run_address>0xe19</run_address>
         <size>0x86</size>
         <input_file_ref idref="fl-c"/>
      </object_component>
      <object_component id="oc-7e">
         <name>.debug_frame</name>
         <load_address>0xe9f</load_address>
         <run_address>0xe9f</run_address>
         <size>0x7f</size>
         <input_file_ref idref="fl-c"/>
      </object_component>
      <object_component id="oc-84">
         <name>.debug_frame</name>
         <load_address>0xf1e</load_address>
         <run_address>0xf1e</run_address>
         <size>0x7f</size>
         <input_file_ref idref="fl-c"/>
      </object_component>
      <object_component id="oc-b2">
         <name>.debug_frame</name>
         <load_address>0xf9d</load_address>
         <run_address>0xf9d</run_address>
         <size>0x7f</size>
         <input_file_ref idref="fl-d"/>
      </object_component>
      <object_component id="oc-b8">
         <name>.debug_frame</name>
         <load_address>0x101c</load_address>
         <run_address>0x101c</run_address>
         <size>0x7f</size>
         <input_file_ref idref="fl-d"/>
      </object_component>
      <object_component id="oc-ac">
         <name>.debug_frame</name>
         <load_address>0x109b</load_address>
         <run_address>0x109b</run_address>
         <size>0x7f</size>
         <input_file_ref idref="fl-d"/>
      </object_component>
      <object_component id="oc-be">
         <name>.debug_frame</name>
         <load_address>0x111a</load_address>
         <run_address>0x111a</run_address>
         <size>0x7f</size>
         <input_file_ref idref="fl-d"/>
      </object_component>
      <object_component id="oc-a6">
         <name>.debug_frame</name>
         <load_address>0x1199</load_address>
         <run_address>0x1199</run_address>
         <size>0x7f</size>
         <input_file_ref idref="fl-d"/>
      </object_component>
      <object_component id="oc-a0">
         <name>.debug_frame</name>
         <load_address>0x1218</load_address>
         <run_address>0x1218</run_address>
         <size>0x7f</size>
         <input_file_ref idref="fl-e"/>
      </object_component>
      <object_component id="oc-9a">
         <name>.debug_frame</name>
         <load_address>0x1297</load_address>
         <run_address>0x1297</run_address>
         <size>0x7f</size>
         <input_file_ref idref="fl-e"/>
      </object_component>
      <object_component id="oc-94">
         <name>.debug_frame</name>
         <load_address>0x1316</load_address>
         <run_address>0x1316</run_address>
         <size>0x7f</size>
         <input_file_ref idref="fl-e"/>
      </object_component>
      <object_component id="oc-fa">
         <name>.debug_frame</name>
         <load_address>0x1395</load_address>
         <run_address>0x1395</run_address>
         <size>0x93</size>
         <input_file_ref idref="fl-e"/>
      </object_component>
      <object_component id="oc-c4">
         <name>.debug_frame</name>
         <load_address>0x1428</load_address>
         <run_address>0x1428</run_address>
         <size>0x8e</size>
         <input_file_ref idref="fl-e"/>
      </object_component>
      <object_component id="oc-d0">
         <name>.debug_frame</name>
         <load_address>0x14b6</load_address>
         <run_address>0x14b6</run_address>
         <size>0x7f</size>
         <input_file_ref idref="fl-f"/>
      </object_component>
      <object_component id="oc-d6">
         <name>.debug_frame</name>
         <load_address>0x1535</load_address>
         <run_address>0x1535</run_address>
         <size>0x7f</size>
         <input_file_ref idref="fl-f"/>
      </object_component>
      <object_component id="oc-184">
         <name>.debug_frame</name>
         <load_address>0x15b4</load_address>
         <run_address>0x15b4</run_address>
         <size>0x7f</size>
         <input_file_ref idref="fl-f"/>
      </object_component>
      <object_component id="oc-17e">
         <name>.debug_frame</name>
         <load_address>0x1633</load_address>
         <run_address>0x1633</run_address>
         <size>0x7f</size>
         <input_file_ref idref="fl-f"/>
      </object_component>
      <object_component id="oc-ca">
         <name>.debug_frame</name>
         <load_address>0x16b2</load_address>
         <run_address>0x16b2</run_address>
         <size>0x8a</size>
         <input_file_ref idref="fl-f"/>
      </object_component>
      <object_component id="oc-e8">
         <name>.debug_frame</name>
         <load_address>0x173c</load_address>
         <run_address>0x173c</run_address>
         <size>0x7f</size>
         <input_file_ref idref="fl-f"/>
      </object_component>
      <object_component id="oc-e2">
         <name>.debug_frame</name>
         <load_address>0x17bb</load_address>
         <run_address>0x17bb</run_address>
         <size>0x7f</size>
         <input_file_ref idref="fl-f"/>
      </object_component>
      <object_component id="oc-dc">
         <name>.debug_frame</name>
         <load_address>0x183a</load_address>
         <run_address>0x183a</run_address>
         <size>0x7f</size>
         <input_file_ref idref="fl-f"/>
      </object_component>
      <object_component id="oc-199">
         <name>.debug_frame</name>
         <load_address>0x18b9</load_address>
         <run_address>0x18b9</run_address>
         <size>0x7f</size>
         <input_file_ref idref="fl-10"/>
      </object_component>
      <object_component id="oc-4f">
         <name>.debug_frame</name>
         <load_address>0x680</load_address>
         <run_address>0x680</run_address>
         <size>0x54</size>
         <input_file_ref idref="fl-c7"/>
      </object_component>
      <object_component id="oc-1d">
         <name>.debug_frame</name>
         <load_address>0x6d4</load_address>
         <run_address>0x6d4</run_address>
         <size>0x54</size>
         <input_file_ref idref="fl-c8"/>
      </object_component>
      <object_component id="oc-17">
         <name>.debug_frame</name>
         <load_address>0x728</load_address>
         <run_address>0x728</run_address>
         <size>0x60</size>
         <input_file_ref idref="fl-c9"/>
      </object_component>
      <object_component id="oc-61">
         <name>.debug_frame</name>
         <load_address>0x788</load_address>
         <run_address>0x788</run_address>
         <size>0x58</size>
         <input_file_ref idref="fl-ca"/>
      </object_component>
      <object_component id="oc-1d2">
         <name>.debug_frame</name>
         <load_address>0x7e0</load_address>
         <run_address>0x7e0</run_address>
         <size>0x54</size>
         <input_file_ref idref="fl-cb"/>
      </object_component>
      <object_component id="oc-1de">
         <name>.debug_frame</name>
         <load_address>0x834</load_address>
         <run_address>0x834</run_address>
         <size>0x5c</size>
         <input_file_ref idref="fl-d1"/>
      </object_component>
      <object_component id="oc-144">
         <name>.debug_frame</name>
         <load_address>0x890</load_address>
         <run_address>0x890</run_address>
         <size>0x54</size>
         <input_file_ref idref="fl-d2"/>
      </object_component>
      <object_component id="oc-1b6">
         <name>.debug_abbrev</name>
         <load_address>0x0</load_address>
         <run_address>0x0</run_address>
         <size>0x119</size>
         <input_file_ref idref="fl-1"/>
      </object_component>
      <object_component id="oc-151">
         <name>.debug_abbrev</name>
         <load_address>0x119</load_address>
         <run_address>0x119</run_address>
         <size>0x27</size>
         <input_file_ref idref="fl-1"/>
      </object_component>
      <object_component id="oc-153">
         <name>.debug_abbrev</name>
         <load_address>0x140</load_address>
         <run_address>0x140</run_address>
         <size>0x27</size>
         <input_file_ref idref="fl-1"/>
      </object_component>
      <object_component id="oc-1b4">
         <name>.debug_abbrev</name>
         <load_address>0x167</load_address>
         <run_address>0x167</run_address>
         <size>0x29</size>
         <input_file_ref idref="fl-1"/>
      </object_component>
      <object_component id="oc-10d">
         <name>.debug_abbrev</name>
         <load_address>0x190</load_address>
         <run_address>0x190</run_address>
         <size>0x13d</size>
         <input_file_ref idref="fl-1"/>
      </object_component>
      <object_component id="oc-121">
         <name>.debug_abbrev</name>
         <load_address>0x2cd</load_address>
         <run_address>0x2cd</run_address>
         <size>0x69</size>
         <input_file_ref idref="fl-1"/>
      </object_component>
      <object_component id="oc-115">
         <name>.debug_abbrev</name>
         <load_address>0x336</load_address>
         <run_address>0x336</run_address>
         <size>0x1f</size>
         <input_file_ref idref="fl-1"/>
      </object_component>
      <object_component id="oc-1ba">
         <name>.debug_abbrev</name>
         <load_address>0x355</load_address>
         <run_address>0x355</run_address>
         <size>0x5c</size>
         <input_file_ref idref="fl-1"/>
      </object_component>
      <object_component id="oc-11a">
         <name>.debug_abbrev</name>
         <load_address>0x3b1</load_address>
         <run_address>0x3b1</run_address>
         <size>0x24</size>
         <input_file_ref idref="fl-1"/>
      </object_component>
      <object_component id="oc-110">
         <name>.debug_abbrev</name>
         <load_address>0x3d5</load_address>
         <run_address>0x3d5</run_address>
         <size>0x24</size>
         <input_file_ref idref="fl-1"/>
      </object_component>
      <object_component id="oc-25a">
         <name>.debug_abbrev</name>
         <load_address>0x3f9</load_address>
         <run_address>0x3f9</run_address>
         <size>0x61</size>
         <input_file_ref idref="fl-2"/>
      </object_component>
      <object_component id="oc-223">
         <name>.debug_abbrev</name>
         <load_address>0x45a</load_address>
         <run_address>0x45a</run_address>
         <size>0x29</size>
         <input_file_ref idref="fl-2"/>
      </object_component>
      <object_component id="oc-191">
         <name>.debug_abbrev</name>
         <load_address>0x483</load_address>
         <run_address>0x483</run_address>
         <size>0x7a</size>
         <input_file_ref idref="fl-2"/>
      </object_component>
      <object_component id="oc-3b">
         <name>.debug_abbrev</name>
         <load_address>0x4fd</load_address>
         <run_address>0x4fd</run_address>
         <size>0x1f</size>
         <input_file_ref idref="fl-2"/>
      </object_component>
      <object_component id="oc-1b3">
         <name>.debug_abbrev</name>
         <load_address>0x51c</load_address>
         <run_address>0x51c</run_address>
         <size>0x5e</size>
         <input_file_ref idref="fl-3"/>
      </object_component>
      <object_component id="oc-11d">
         <name>.debug_abbrev</name>
         <load_address>0x57a</load_address>
         <run_address>0x57a</run_address>
         <size>0x7c</size>
         <input_file_ref idref="fl-4"/>
      </object_component>
      <object_component id="oc-30">
         <name>.debug_abbrev</name>
         <load_address>0x5f6</load_address>
         <run_address>0x5f6</run_address>
[...]
         <index>0x0</index>
         <name>__TI_zero_init</name>
      </handler>
      <handler>
         <index>0x1</index>
         <name>__TI_decompress_lzss</name>
      </handler>
      <handler>
         <index>0x2</index>
         <name>__TI_decompress_none</name>
      </handler>
   </handler_table>
   <symbol_table>
      <symbol id="sm-1">
         <name>__STACK_TOP</name>
         <value>0x20000470</value>
      </symbol>
      <symbol id="sm-2">
         <name>__TI_CINIT_Base</name>
         <value>0x1cf0</value>
      </symbol>
      <symbol id="sm-3">
         <name>__TI_CINIT_Limit</name>
         <value>0x1d08</value>
      </symbol>
      <symbol id="sm-4">
         <name>__TI_Handler_Table_Base</name>
         <value>0x1cd0</value>
      </symbol>
      <symbol id="sm-5">
         <name>__TI_Handler_Table_Limit</name>
         <value>0x1cdc</value>
      </symbol>
      <symbol id="sm-6">
         <name>binit</name>
         <value>0xffffffff</value>
      </symbol>
      <symbol id="sm-7">
         <name>__binit__</name>
         <value>0xffffffff</value>
      </symbol>
      <symbol id="sm-8">
         <name>__STACK_SIZE</name>
         <value>0x200</value>
      </symbol>
      <symbol id="sm-9">
         <name>__STACK_END</name>
         <value>0x20000470</value>
      </symbol>
      <symbol id="sm-a">
         <name>__c_args__</name>
         <value>0xffffffff</value>
      </symbol>
      <symbol id="sm-b">
         <name>__TI_pprof_out_hndl</name>
         <value>0xffffffff</value>
      </symbol>
      <symbol id="sm-c">
         <name>__TI_prof_data_start</name>
         <value>0xffffffff</value>
      </symbol>
      <symbol id="sm-d">
         <name>__TI_prof_data_size</name>
         <value>0xffffffff</value>
      </symbol>
      <symbol id="sm-ef">
         <name>inst</name>
         <value>0x2000026c</value>
      </symbol>
      <symbol id="sm-f0">
         <name>TimerMatchSet</name>
         <value>0x6d1</value>
         <object_component_ref idref="oc-2a"/>
      </symbol>
      <symbol id="sm-f1">
         <name>TimerLoadSet</name>
         <value>0x5f1</value>
         <object_component_ref idref="oc-2a"/>
      </symbol>
      <symbol id="sm-f2">
         <name>SysTickIntDisable</name>
         <value>0x8ff</value>
         <object_component_ref idref="oc-2a"/>
      </symbol>
      <symbol id="sm-f3">
         <name>UART0IntHandler</name>
         <value>0xa7d</value>
         <object_component_ref idref="oc-2a"/>
      </symbol>
      <symbol id="sm-f4">
         <name>LoadServo</name>
         <value>0x2000048c</value>
         <object_component_ref idref="oc-107"/>
      </symbol>
      <symbol id="sm-f5">
         <name>TimerDMAEventSet</name>
         <value>0x83b</value>
         <object_component_ref idref="oc-2a"/>
      </symbol>
      <symbol id="sm-f6">
         <name>TimerADCEventSet</name>
         <value>0x81b</value>
         <object_component_ref idref="oc-2a"/>
      </symbol>
      <symbol id="sm-f7">
         <name>camaraV</name>
         <value>0x2000047c</value>
         <object_component_ref idref="oc-107"/>
      </symbol>
      <symbol id="sm-f8">
         <name>camaraH</name>
         <value>0x20000478</value>
         <object_component_ref idref="oc-107"/>
      </symbol>
      <symbol id="sm-f9">
         <name>fijos</name>
         <value>0xadd</value>
         <object_component_ref idref="oc-2a"/>
      </symbol>
      <symbol id="sm-fa">
         <name>TimerPrescaleMatchGet</name>
         <value>0x5d5</value>
         <object_component_ref idref="oc-2a"/>
      </symbol>
      <symbol id="sm-fb">
         <name>TimerPrescaleGet</name>
         <value>0x58b</value>
         <object_component_ref idref="oc-2a"/>
      </symbol>
      <symbol id="sm-fc">
         <name>TimerControlLevel</name>
         <value>0x397</value>
         <object_component_ref idref="oc-2a"/>
      </symbol>
      <symbol id="sm-fd">
         <name>TimerDisable</name>
         <value>0x2fd</value>
         <object_component_ref idref="oc-2a"/>
      </symbol>
      <symbol id="sm-fe">
         <name>configurePWM</name>
         <value>0x92b</value>
         <object_component_ref idref="oc-2a"/>
      </symbol>
      <symbol id="sm-ff">
         <name>SysTickEnable</name>
         <value>0x8af</value>
         <object_component_ref idref="oc-2a"/>
      </symbol>
      <symbol id="sm-100">
         <name>SysTickPeriodGet</name>
         <value>0x91d</value>
         <object_component_ref idref="oc-2a"/>
      </symbol>
      <symbol id="sm-101">
         <name>TimerUpdateMode</name>
         <value>0x85b</value>
         <object_component_ref idref="oc-2a"/>
      </symbol>
      <symbol id="sm-102">
         <name>SysTickIntRegister</name>
         <value>0x8c7</value>
         <object_component_ref idref="oc-2a"/>
      </symbol>
      <symbol id="sm-103">
         <name>PWMClock</name>
         <value>0x20000488</value>
         <object_component_ref idref="oc-107"/>
      </symbol>
      <symbol id="sm-104">
         <name>TimerIntRegister</name>
         <value>0x763</value>
         <object_component_ref idref="oc-2a"/>
      </symbol>
      <symbol id="sm-105">
         <name>TimerMatchSet64</name>
         <value>0x717</value>
         <object_component_ref idref="oc-2a"/>
      </symbol>
      <symbol id="sm-106">
         <name>TimerEnable</name>
         <value>0x2df</value>
         <object_component_ref idref="oc-2a"/>
      </symbol>
      <symbol id="sm-107">
         <name>configureUART</name>
         <value>0xa49</value>
         <object_component_ref idref="oc-2a"/>
      </symbol>
      <symbol id="sm-108">
         <name>TimerLoadGet64</name>
         <value>0x651</value>
         <object_component_ref idref="oc-2a"/>
      </symbol>
      <symbol id="sm-109">
         <name>TimerIntUnregister</name>
         <value>0x78b</value>
         <object_component_ref idref="oc-2a"/>
      </symbol>
      <symbol id="sm-10a">
         <name>TimerValueGet64</name>
         <value>0x69f</value>
         <object_component_ref idref="oc-2a"/>
      </symbol>
      <symbol id="sm-10b">
         <name>SysTickIntEnable</name>
         <value>0x8f3</value>
         <object_component_ref idref="oc-2a"/>
      </symbol>
      <symbol id="sm-10c">
         <name>main</name>
         <value>0xc85</value>
         <object_component_ref idref="oc-2a"/>
      </symbol>
      <symbol id="sm-10d">
         <name>TimerMatchGet</name>
         <value>0x6fb</value>
         <object_component_ref idref="oc-2a"/>
      </symbol>
      <symbol id="sm-10e">
         <name>TimerIntStatus</name>
         <value>0x7d9</value>
         <object_component_ref idref="oc-2a"/>
      </symbol>
      <symbol id="sm-10f">
         <name>TimerClockSourceGet</name>
         <value>0x551</value>
         <object_component_ref idref="oc-2a"/>
      </symbol>
      <symbol id="sm-110">
         <name>TimerIntDisable</name>
         <value>0x7c1</value>
         <object_component_ref idref="oc-2a"/>
      </symbol>
      <symbol id="sm-111">
         <name>TimerValueGet</name>
         <value>0x683</value>
         <object_component_ref idref="oc-2a"/>
      </symbol>
      <symbol id="sm-112">
         <name>lineales</name>
         <value>0x20000480</value>
         <object_component_ref idref="oc-107"/>
      </symbol>
      <symbol id="sm-113">
         <name>SysTickValueGet</name>
         <value>0x925</value>
         <object_component_ref idref="oc-2a"/>
      </symbol>
      <symbol id="sm-114">
         <name>TimerControlTrigger</name>
         <value>0x3cd</value>
         <object_component_ref idref="oc-2a"/>
      </symbol>
      <symbol id="sm-115">
         <name>TimerPrescaleSet</name>
         <value>0x561</value>
         <object_component_ref idref="oc-2a"/>
      </symbol>
      <symbol id="sm-116">
         <name>SysTickIntUnregister</name>
         <value>0x8df</value>
         <object_component_ref idref="oc-2a"/>
      </symbol>
      <symbol id="sm-117">
         <name>SysTickPeriodSet</name>
         <value>0x90b</value>
         <object_component_ref idref="oc-2a"/>
      </symbol>
      <symbol id="sm-118">
         <name>TimerControlStall</name>
         <value>0x465</value>
         <object_component_ref idref="oc-2a"/>
      </symbol>
      <symbol id="sm-119">
         <name>TimerMatchGet64</name>
         <value>0x731</value>
         <object_component_ref idref="oc-2a"/>
      </symbol>
      <symbol id="sm-11a">
         <name>TimerRTCEnable</name>
         <value>0x4fb</value>
         <object_component_ref idref="oc-2a"/>
      </symbol>
      <symbol id="sm-11b">
         <name>TimerLoadGet</name>
         <value>0x61b</value>
         <object_component_ref idref="oc-2a"/>
      </symbol>
      <symbol id="sm-11c">
         <name>TimerIntEnable</name>
         <value>0x7a9</value>
         <object_component_ref idref="oc-2a"/>
      </symbol>
      <symbol id="sm-11d">
         <name>TimerClockSourceSet</name>
         <value>0x527</value>
         <object_component_ref idref="oc-2a"/>
      </symbol>
      <symbol id="sm-11e">
         <name>TimerLoadSet64</name>
         <value>0x637</value>
         <object_component_ref idref="oc-2a"/>
      </symbol>
      <symbol id="sm-11f">
         <name>TimerDMAEventGet</name>
         <value>0x84d</value>
         <object_component_ref idref="oc-2a"/>
      </symbol>
      <symbol id="sm-120">
         <name>TimerRTCDisable</name>
         <value>0x511</value>
         <object_component_ref idref="oc-2a"/>
      </symbol>
      <symbol id="sm-121">
         <name>TimerADCEventGet</name>
         <value>0x82d</value>
         <object_component_ref idref="oc-2a"/>
      </symbol>
      <symbol id="sm-122">
         <name>SysTickDisable</name>
         <value>0x8bb</value>
         <object_component_ref idref="oc-2a"/>
      </symbol>
      <symbol id="sm-123">
         <name>TimerPrescaleMatchSet</name>
         <value>0x5a7</value>
         <object_component_ref idref="oc-2a"/>
      </symbol>
      <symbol id="sm-124">
         <name>TimerControlWaitOnTrigger</name>
         <value>0x49b</value>
         <object_component_ref idref="oc-2a"/>
      </symbol>
      <symbol id="sm-125">
         <name>TimerConfigure</name>
         <value>0x31b</value>
         <object_component_ref idref="oc-2a"/>
      </symbol>
      <symbol id="sm-126">
         <name>TimerControlEvent</name>
         <value>0x43b</value>
         <object_component_ref idref="oc-2a"/>
      </symbol>
      <symbol id="sm-127">
         <name>TimerIntClear</name>
         <value>0x7f7</value>
         <object_component_ref idref="oc-2a"/>
      </symbol>
      <symbol id="sm-128">
         <name>PWMFreq</name>
         <value>0x20000484</value>
         <object_component_ref idref="oc-107"/>
      </symbol>
      <symbol id="sm-129">
         <name>TimerSynchronize</name>
         <value>0x809</value>
         <object_component_ref idref="oc-2a"/>
      </symbol>
      <symbol id="sm-12a">
         <name>brazo1</name>
         <value>0x20000470</value>
         <object_component_ref idref="oc-107"/>
      </symbol>
      <symbol id="sm-12b">
         <name>brazo2</name>
         <value>0x20000474</value>
         <object_component_ref idref="oc-107"/>
      </symbol>
      <symbol id="sm-183">
         <name>tempBrazo2</name>
         <value>0x20000494</value>
         <object_component_ref idref="oc-18e"/>
      </symbol>
      <symbol id="sm-184">
         <name>tempBrazo1</name>
         <value>0x20000490</value>
         <object_component_ref idref="oc-18e"/>
      </symbol>
      <symbol id="sm-185">
         <name>movimientos</name>
         <value>0xce5</value>
         <object_component_ref idref="oc-ef"/>
      </symbol>
      <symbol id="sm-1a0">
         <name>PinoutSet</name>
         <value>0x1255</value>
         <object_component_ref idref="oc-101"/>
      </symbol>
      <symbol id="sm-1bc">
         <name>ResetISR</name>
         <value>0x1a77</value>
         <object_component_ref idref="oc-24"/>
      </symbol>
      <symbol id="sm-1bd">
         <name>g_pfnVectors</name>
         <value>0x0</value>
         <object_component_ref idref="oc-f"/>
      </symbol>
      <symbol id="sm-20d">
         <name>GPIOPinTypePWM</name>
         <value>0x19cd</value>
         <object_component_ref idref="oc-1a7"/>
      </symbol>
      <symbol id="sm-20e">
         <name>GPIOPinConfigure</name>
         <value>0x1741</value>
         <object_component_ref idref="oc-1a1"/>
      </symbol>
      <symbol id="sm-20f">
         <name>GPIOPinTypeUART</name>
         <value>0x19df</value>
         <object_component_ref idref="oc-1ad"/>
      </symbol>
      <symbol id="sm-210">
         <name>GPIOPinTypeGPIOOutput</name>
         <value>0x1977</value>
         <object_component_ref idref="oc-19b"/>
      </symbol>
      <symbol id="sm-211">
         <name>GPIODirModeSet</name>
         <value>0x18ed</value>
         <object_component_ref idref="oc-22d"/>
      </symbol>
      <symbol id="sm-212">
         <name>GPIOPinWrite</name>
         <value>0x1a95</value>
         <object_component_ref idref="oc-e9"/>
      </symbol>
      <symbol id="sm-213">
         <name>GPIOPadConfigSet</name>
         <value>0x1121</value>
         <object_component_ref idref="oc-227"/>
      </symbol>
      <symbol id="sm-27d">
         <name>IntEnable</name>
         <value>0x1671</value>
         <object_component_ref idref="oc-7d"/>
      </symbol>
      <symbol id="sm-27e">
         <name>IntDisable</name>
         <value>0x1609</value>
         <object_component_ref idref="oc-83"/>
      </symbol>
      <symbol id="sm-27f">
         <name>IntRegister</name>
         <value>0x1885</value>
         <object_component_ref idref="oc-77"/>
      </symbol>
      <symbol id="sm-280">
         <name>IntUnregister</name>
         <value>0x1991</value>
         <object_component_ref idref="oc-89"/>
      </symbol>
      <symbol id="sm-281">
         <name>g_pfnRAMVectors</name>
         <value>0x20000000</value>
         <object_component_ref idref="oc-155"/>
      </symbol>
      <symbol id="sm-282">
         <name>IntMasterEnable</name>
         <value>0x1a15</value>
         <object_component_ref idref="oc-fb"/>
      </symbol>
      <symbol id="sm-2af">
         <name>PWMGenPeriodSet</name>
         <value>0x1a25</value>
         <object_component_ref idref="oc-a7"/>
      </symbol>
      <symbol id="sm-2b0">
         <name>PWMPulseWidthSet</name>
         <value>0x1959</value>
         <object_component_ref idref="oc-ad"/>
      </symbol>
      <symbol id="sm-2b1">
         <name>PWMOutputState</name>
         <value>0x19f1</value>
         <object_component_ref idref="oc-b3"/>
      </symbol>
      <symbol id="sm-2b2">
         <name>PWMGenEnable</name>
         <value>0x1a6b</value>
         <object_component_ref idref="oc-b9"/>
      </symbol>
      <symbol id="sm-2b3">
         <name>PWMGenConfigure</name>
         <value>0x1917</value>
         <object_component_ref idref="oc-a1"/>
      </symbol>
      <symbol id="sm-31a">
         <name>SysCtlClockSet</name>
         <value>0x1479</value>
         <object_component_ref idref="oc-f5"/>
      </symbol>
      <symbol id="sm-31b">
         <name>SysCtlDelay</name>
         <value>0x1a9b</value>
         <object_component_ref idref="oc-192"/>
      </symbol>
      <symbol id="sm-31c">
         <name>SysCtlPeripheralEnable</name>
         <value>0x18b9</value>
         <object_component_ref idref="oc-95"/>
      </symbol>
      <symbol id="sm-31d">
         <name>SysCtlClockGet</name>
         <value>0x1369</value>
         <object_component_ref idref="oc-bf"/>
      </symbol>
      <symbol id="sm-31e">
         <name>SysCtlPWMClockSet</name>
         <value>0x19a5</value>
         <object_component_ref idref="oc-8f"/>
      </symbol>
      <symbol id="sm-31f">
         <name>SysCtlPeripheralReady</name>
         <value>0x1815</value>
         <object_component_ref idref="oc-9b"/>
      </symbol>
      <symbol id="sm-369">
         <name>UARTConfigSetExpClk</name>
         <value>0x1789</value>
         <object_component_ref idref="oc-c5"/>
      </symbol>
      <symbol id="sm-36a">
         <name>UARTDisable</name>
         <value>0x1939</value>
         <object_component_ref idref="oc-179"/>
      </symbol>
      <symbol id="sm-36b">
         <name>UARTIntEnable</name>
         <value>0x1a8d</value>
         <object_component_ref idref="oc-cb"/>
      </symbol>
      <symbol id="sm-36c">
         <name>UARTCharsAvail</name>
         <value>0x1a43</value>
         <object_component_ref idref="oc-e3"/>
      </symbol>
      <symbol id="sm-36d">
         <name>UARTCharGetNonBlocking</name>
         <value>0x1a35</value>
         <object_component_ref idref="oc-d7"/>
      </symbol>
      <symbol id="sm-36e">
         <name>UARTCharPut</name>
         <value>0x1a83</value>
         <object_component_ref idref="oc-dd"/>
      </symbol>
      <symbol id="sm-36f">
         <name>UARTEnable</name>
         <value>0x19b9</value>
         <object_component_ref idref="oc-17f"/>
      </symbol>
      <symbol id="sm-370">
         <name>UARTIntClear</name>
         <value>0x1aa1</value>
         <object_component_ref idref="oc-d1"/>
      </symbol>
      <symbol id="sm-37a">
         <name>CPUcpsie</name>
         <value>0x1a5f</value>
         <object_component_ref idref="oc-194"/>
      </symbol>
      <symbol id="sm-394">
         <name>__TI_zero_init_nomemset</name>
         <value>0x1a03</value>
         <object_component_ref idref="oc-4a"/>
      </symbol>
      <symbol id="sm-3ab">
         <name>__TI_decompress_none</name>
         <value>0x1a51</value>
         <object_component_ref idref="oc-18"/>
      </symbol>
      <symbol id="sm-3ce">
         <name>__TI_decompress_lzss</name>
         <value>0x16d9</value>
         <object_component_ref idref="oc-12"/>
      </symbol>
      <symbol id="sm-3e1">
         <name>__stack</name>
         <value>0x20000270</value>
         <object_component_ref idref="oc-21"/>
      </symbol>
      <symbol id="sm-3e2">
         <name>_c_int00_noargs</name>
         <value>0x184d</value>
         <object_component_ref idref="oc-5c"/>
      </symbol>
      <symbol id="sm-3ed">
         <name>C$$EXIT</name>
         <value>0x1aa9</value>
         <object_component_ref idref="oc-1cd"/>
      </symbol>
      <symbol id="sm-3ee">
         <name>abort</name>
         <value>0x1aa9</value>
         <object_component_ref idref="oc-1cd"/>
      </symbol>
      <symbol id="sm-40c">
         <name>memcpy</name>
         <value>0x156d</value>
         <object_component_ref idref="oc-3e"/>
      </symbol>
      <symbol id="sm-40d">
         <name>__aeabi_memcpy</name>
         <value>0x156d</value>
         <object_component_ref idref="oc-3e"/>
      </symbol>
      <symbol id="sm-40e">
         <name>__aeabi_memcpy8</name>
         <value>0x156d</value>
         <object_component_ref idref="oc-3e"/>
      </symbol>
      <symbol id="sm-40f">
         <name>__aeabi_memcpy4</name>
         <value>0x156d</value>
         <object_component_ref idref="oc-3e"/>
      </symbol>
      <symbol id="sm-438">
         <name>__TI_auto_init_nobinit_nopinit</name>
         <value>0x17d1</value>
         <object_component_ref idref="oc-1d9"/>
      </symbol>
      <symbol id="sm-442">
         <name>_system_pre_init</name>
         <value>0x1aa5</value>
         <object_component_ref idref="oc-13f"/>
      </symbol>
      <symbol id="sm-444">
         <name>__TI_static_base__</name>
         <value>0x0</value>
      </symbol>
      <symbol id="sm-447">
         <name>__mpu_init</name>
         <value>0x0</value>
      </symbol>
      <symbol id="sm-448">
         <name>_system_post_cinit</name>
         <value>0x0</value>
      </symbol>
   </symbol_table>
   <title>Link successful</title>
</link_info>
