<?xml version="1.0" encoding="ISO-8859-1" ?>
<link_info>
   <banner>TI ARM Linker Unix v18.1.1.LTS</banner>
   <copyright>Copyright (c) 1996-2017 Texas Instruments Incorporated</copyright>
   <link_time>0x5ab9b062</link_time>
   <link_errors>0x0</link_errors>
   <output_file>Mercury3.out</output_file>
   <entry_point>
      <name>_c_int00_noargs</name>
      <address>0x1b79</address>
   </entry_point>
   <input_file_list>
      <input_file id="fl-1">
         <path>./</path>
         <kind>object</kind>
         <file>main.obj</file>
         <name>main.obj</name>
      </input_file>
      <input_file id="fl-2">
         <path>./</path>
         <kind>object</kind>
         <file>movimientos.obj</file>
         <name>movimientos.obj</name>
      </input_file>
      <input_file id="fl-3">
         <path>./</path>
         <kind>object</kind>
         <file>pinout.obj</file>
         <name>pinout.obj</name>
      </input_file>
      <input_file id="fl-4">
         <path>./</path>
         <kind>object</kind>
         <file>tm4c123gh6pm_startup_ccs.obj</file>
         <name>tm4c123gh6pm_startup_ccs.obj</name>
      </input_file>
      <input_file id="fl-5">
         <path>./</path>
         <kind>object</kind>
         <file>uartstdio.obj</file>
         <name>uartstdio.obj</name>
      </input_file>
      <input_file id="fl-a">
         <kind>object</kind>
         <file>&lt;internal&gt;</file>
         <name>&lt;internal&gt;</name>
      </input_file>
      <input_file id="fl-b">
         <path>../</path>
         <kind>archive</kind>
         <file>driverlib.lib</file>
         <name>gpio.obj</name>
      </input_file>
      <input_file id="fl-c">
         <path>../</path>
         <kind>archive</kind>
         <file>driverlib.lib</file>
         <name>interrupt.obj</name>
      </input_file>
      <input_file id="fl-d">
         <path>../</path>
         <kind>archive</kind>
         <file>driverlib.lib</file>
         <name>pwm.obj</name>
      </input_file>
      <input_file id="fl-e">
         <path>../</path>
         <kind>archive</kind>
         <file>driverlib.lib</file>
         <name>sysctl.obj</name>
      </input_file>
      <input_file id="fl-f">
         <path>../</path>
         <kind>archive</kind>
         <file>driverlib.lib</file>
         <name>uart.obj</name>
      </input_file>
      <input_file id="fl-10">
         <path>../</path>
         <kind>archive</kind>
         <file>driverlib.lib</file>
         <name>cpu.obj</name>
      </input_file>
      <input_file id="fl-c6">
         <path>/opt/ti/ccsv8/tools/compiler/ti-cgt-arm_18.1.1.LTS/lib/</path>
         <kind>archive</kind>
         <file>rtsv7M4_T_le_v4SPD16_eabi.lib</file>
         <name>u_divt2.asm.obj</name>
      </input_file>
      <input_file id="fl-c7">
         <path>/opt/ti/ccsv8/tools/compiler/ti-cgt-arm_18.1.1.LTS/lib/</path>
         <kind>archive</kind>
         <file>rtsv7M4_T_le_v4SPD16_eabi.lib</file>
         <name>copy_zero_init.c.obj</name>
      </input_file>
      <input_file id="fl-c8">
         <path>/opt/ti/ccsv8/tools/compiler/ti-cgt-arm_18.1.1.LTS/lib/</path>
         <kind>archive</kind>
         <file>rtsv7M4_T_le_v4SPD16_eabi.lib</file>
         <name>copy_decompress_none.c.obj</name>
      </input_file>
      <input_file id="fl-c9">
         <path>/opt/ti/ccsv8/tools/compiler/ti-cgt-arm_18.1.1.LTS/lib/</path>
         <kind>archive</kind>
         <file>rtsv7M4_T_le_v4SPD16_eabi.lib</file>
         <name>copy_decompress_lzss.c.obj</name>
      </input_file>
      <input_file id="fl-ca">
         <path>/opt/ti/ccsv8/tools/compiler/ti-cgt-arm_18.1.1.LTS/lib/</path>
         <kind>archive</kind>
         <file>rtsv7M4_T_le_v4SPD16_eabi.lib</file>
         <name>boot_cortex_m.c.obj</name>
      </input_file>
      <input_file id="fl-cb">
         <path>/opt/ti/ccsv8/tools/compiler/ti-cgt-arm_18.1.1.LTS/lib/</path>
         <kind>archive</kind>
         <file>rtsv7M4_T_le_v4SPD16_eabi.lib</file>
         <name>exit.c.obj</name>
      </input_file>
      <input_file id="fl-cc">
         <path>/opt/ti/ccsv8/tools/compiler/ti-cgt-arm_18.1.1.LTS/lib/</path>
         <kind>archive</kind>
         <file>rtsv7M4_T_le_v4SPD16_eabi.lib</file>
         <name>_lock.c.obj</name>
      </input_file>
      <input_file id="fl-cd">
         <path>/opt/ti/ccsv8/tools/compiler/ti-cgt-arm_18.1.1.LTS/lib/</path>
         <kind>archive</kind>
         <file>rtsv7M4_T_le_v4SPD16_eabi.lib</file>
         <name>args_main.c.obj</name>
      </input_file>
      <input_file id="fl-ce">
         <path>/opt/ti/ccsv8/tools/compiler/ti-cgt-arm_18.1.1.LTS/lib/</path>
         <kind>archive</kind>
         <file>rtsv7M4_T_le_v4SPD16_eabi.lib</file>
         <name>div0.asm.obj</name>
      </input_file>
      <input_file id="fl-cf">
         <path>/opt/ti/ccsv8/tools/compiler/ti-cgt-arm_18.1.1.LTS/lib/</path>
         <kind>archive</kind>
         <file>rtsv7M4_T_le_v4SPD16_eabi.lib</file>
         <name>memcpy_t2.asm.obj</name>
      </input_file>
      <input_file id="fl-d0">
         <path>/opt/ti/ccsv8/tools/compiler/ti-cgt-arm_18.1.1.LTS/lib/</path>
         <kind>archive</kind>
         <file>rtsv7M4_T_le_v4SPD16_eabi.lib</file>
         <name>memset_t2.asm.obj</name>
      </input_file>
      <input_file id="fl-d1">
         <path>/opt/ti/ccsv8/tools/compiler/ti-cgt-arm_18.1.1.LTS/lib/</path>
         <kind>archive</kind>
         <file>rtsv7M4_T_le_v4SPD16_eabi.lib</file>
         <name>autoinit.c.obj</name>
      </input_file>
      <input_file id="fl-d2">
         <path>/opt/ti/ccsv8/tools/compiler/ti-cgt-arm_18.1.1.LTS/lib/</path>
         <kind>archive</kind>
         <file>rtsv7M4_T_le_v4SPD16_eabi.lib</file>
         <name>pre_init.c.obj</name>
      </input_file>
      <input_file id="fl-d3">
         <path>/opt/ti/ccsv8/tools/compiler/ti-cgt-arm_18.1.1.LTS/lib/</path>
         <kind>archive</kind>
         <file>rtsv7M4_T_le_v4SPD16_eabi.lib</file>
         <name>cpy_tbl.c.obj</name>
      </input_file>
   </input_file_list>
   <object_component_list>
      <object_component id="oc-f">
         <name>.intvecs</name>
         <load_address>0x0</load_address>
         <run_address>0x0</run_address>
         <size>0x26c</size>
         <input_file_ref idref="fl-4"/>
      </object_component>
      <object_component id="oc-2a">
         <name>.text</name>
         <load_address>0x26c</load_address>
         <run_address>0x26c</run_address>
         <size>0xc48</size>
         <input_file_ref idref="fl-1"/>
      </object_component>
      <object_component id="oc-ec">
         <name>.text</name>
         <load_address>0xeb4</load_address>
         <run_address>0xeb4</run_address>
         <size>0x598</size>
         <input_file_ref idref="fl-2"/>
      </object_component>
      <object_component id="oc-222">
         <name>.text:GPIOPadConfigSet</name>
         <load_address>0x144c</load_address>
         <run_address>0x144c</run_address>
         <size>0x132</size>
         <input_file_ref idref="fl-b"/>
      </object_component>
      <object_component id="oc-161">
         <name>.text:_IntDefaultHandler</name>
         <load_address>0x157e</load_address>
         <run_address>0x157e</run_address>
         <size>0x2</size>
         <input_file_ref idref="fl-c"/>
      </object_component>
      <object_component id="oc-104">
         <name>.text</name>
         <load_address>0x1580</load_address>
         <run_address>0x1580</run_address>
         <size>0x114</size>
         <input_file_ref idref="fl-3"/>
      </object_component>
      <object_component id="oc-bf">
         <name>.text:SysCtlClockGet</name>
         <load_address>0x1694</load_address>
         <run_address>0x1694</run_address>
         <size>0x110</size>
         <input_file_ref idref="fl-e"/>
      </object_component>
      <object_component id="oc-f8">
         <name>.text:SysCtlClockSet</name>
         <load_address>0x17a4</load_address>
         <run_address>0x17a4</run_address>
         <size>0xf4</size>
         <input_file_ref idref="fl-e"/>
      </object_component>
      <object_component id="oc-3e">
         <name>.text</name>
         <load_address>0x1898</load_address>
         <run_address>0x1898</run_address>
         <size>0x9c</size>
         <input_file_ref idref="fl-cf"/>
      </object_component>
      <object_component id="oc-83">
         <name>.text:IntDisable</name>
         <load_address>0x1934</load_address>
         <run_address>0x1934</run_address>
         <size>0x68</size>
         <input_file_ref idref="fl-c"/>
      </object_component>
      <object_component id="oc-7d">
         <name>.text:IntEnable</name>
         <load_address>0x199c</load_address>
         <run_address>0x199c</run_address>
         <size>0x68</size>
         <input_file_ref idref="fl-c"/>
      </object_component>
      <object_component id="oc-12">
         <name>.text:decompress:lzss:__TI_decompress_lzss</name>
         <load_address>0x1a04</load_address>
         <run_address>0x1a04</run_address>
         <size>0x68</size>
         <input_file_ref idref="fl-c9"/>
      </object_component>
      <object_component id="oc-1a1">
         <name>.text:GPIOPinConfigure</name>
         <load_address>0x1a6c</load_address>
         <run_address>0x1a6c</run_address>
         <size>0x48</size>
         <input_file_ref idref="fl-b"/>
      </object_component>
      <object_component id="oc-c5">
         <name>.text:UARTConfigSetExpClk</name>
         <load_address>0x1ab4</load_address>
         <run_address>0x1ab4</run_address>
         <size>0x46</size>
         <input_file_ref idref="fl-f"/>
      </object_component>
      <object_component id="oc-1d5">
         <name>.text:__TI_auto_init_nobinit_nopinit:__TI_auto_init_nobinit_nopinit</name>
         <load_address>0x1afc</load_address>
         <run_address>0x1afc</run_address>
         <size>0x44</size>
         <input_file_ref idref="fl-d1"/>
      </object_component>
      <object_component id="oc-9b">
         <name>.text:SysCtlPeripheralReady</name>
         <load_address>0x1b40</load_address>
         <run_address>0x1b40</run_address>
         <size>0x38</size>
         <input_file_ref idref="fl-e"/>
      </object_component>
      <object_component id="oc-5c">
         <name>.text:_c_int00_noargs:_c_int00_noargs</name>
         <load_address>0x1b78</load_address>
         <run_address>0x1b78</run_address>
         <size>0x38</size>
         <input_file_ref idref="fl-ca"/>
      </object_component>
      <object_component id="oc-77">
         <name>.text:IntRegister</name>
         <load_address>0x1bb0</load_address>
         <run_address>0x1bb0</run_address>
         <size>0x34</size>
         <input_file_ref idref="fl-c"/>
      </object_component>
      <object_component id="oc-95">
         <name>.text:SysCtlPeripheralEnable</name>
         <load_address>0x1be4</load_address>
         <run_address>0x1be4</run_address>
         <size>0x34</size>
         <input_file_ref idref="fl-e"/>
      </object_component>
      <object_component id="oc-228">
         <name>.text:GPIODirModeSet</name>
         <load_address>0x1c18</load_address>
         <run_address>0x1c18</run_address>
         <size>0x2a</size>
         <input_file_ref idref="fl-b"/>
      </object_component>
      <object_component id="oc-a1">
         <name>.text:PWMGenConfigure</name>
         <load_address>0x1c42</load_address>
         <run_address>0x1c42</run_address>
         <size>0x22</size>
         <input_file_ref idref="fl-d"/>
      </object_component>
      <object_component id="oc-176">
         <name>.text:UARTDisable</name>
         <load_address>0x1c64</load_address>
         <run_address>0x1c64</run_address>
         <size>0x20</size>
         <input_file_ref idref="fl-f"/>
      </object_component>
      <object_component id="oc-ad">
         <name>.text:PWMPulseWidthSet</name>
         <load_address>0x1c84</load_address>
         <run_address>0x1c84</run_address>
         <size>0x1e</size>
         <input_file_ref idref="fl-d"/>
      </object_component>
      <object_component id="oc-19b">
         <name>.text:GPIOPinTypeGPIOOutput</name>
         <load_address>0x1ca2</load_address>
         <run_address>0x1ca2</run_address>
         <size>0x18</size>
         <input_file_ref idref="fl-b"/>
      </object_component>
      <object_component id="oc-89">
         <name>.text:IntUnregister</name>
         <load_address>0x1cbc</load_address>
         <run_address>0x1cbc</run_address>
         <size>0x14</size>
         <input_file_ref idref="fl-c"/>
      </object_component>
      <object_component id="oc-8f">
         <name>.text:SysCtlPWMClockSet</name>
         <load_address>0x1cd0</load_address>
         <run_address>0x1cd0</run_address>
         <size>0x14</size>
         <input_file_ref idref="fl-e"/>
      </object_component>
      <object_component id="oc-17c">
         <name>.text:UARTEnable</name>
         <load_address>0x1ce4</load_address>
         <run_address>0x1ce4</run_address>
         <size>0x14</size>
         <input_file_ref idref="fl-f"/>
      </object_component>
      <object_component id="oc-1a7">
         <name>.text:GPIOPinTypePWM</name>
         <load_address>0x1cf8</load_address>
         <run_address>0x1cf8</run_address>
         <size>0x12</size>
         <input_file_ref idref="fl-b"/>
      </object_component>
      <object_component id="oc-1ad">
         <name>.text:GPIOPinTypeUART</name>
         <load_address>0x1d0a</load_address>
         <run_address>0x1d0a</run_address>
         <size>0x12</size>
         <input_file_ref idref="fl-b"/>
      </object_component>
      <object_component id="oc-b3">
         <name>.text:PWMOutputState</name>
         <load_address>0x1d1c</load_address>
         <run_address>0x1d1c</run_address>
         <size>0x12</size>
         <input_file_ref idref="fl-d"/>
      </object_component>
      <object_component id="oc-4a">
         <name>.text:decompress:ZI:__TI_zero_init_nomemset:__TI_zero_init_nomemset</name>
         <load_address>0x1d2e</load_address>
         <run_address>0x1d2e</run_address>
         <size>0x12</size>
         <input_file_ref idref="fl-c7"/>
      </object_component>
      <object_component id="oc-fe">
         <name>.text:IntMasterEnable</name>
         <load_address>0x1d40</load_address>
         <run_address>0x1d40</run_address>
         <size>0x10</size>
         <input_file_ref idref="fl-c"/>
      </object_component>
      <object_component id="oc-a7">
         <name>.text:PWMGenPeriodSet</name>
         <load_address>0x1d50</load_address>
         <run_address>0x1d50</run_address>
         <size>0x10</size>
         <input_file_ref idref="fl-d"/>
      </object_component>
      <object_component id="oc-d7">
         <name>.text:UARTCharGetNonBlocking</name>
         <load_address>0x1d60</load_address>
         <run_address>0x1d60</run_address>
         <size>0xe</size>
         <input_file_ref idref="fl-f"/>
      </object_component>
      <object_component id="oc-dd">
         <name>.text:UARTCharsAvail</name>
         <load_address>0x1d6e</load_address>
         <run_address>0x1d6e</run_address>
         <size>0xe</size>
         <input_file_ref idref="fl-f"/>
      </object_component>
      <object_component id="oc-18">
         <name>.text:decompress:none:__TI_decompress_none</name>
         <load_address>0x1d7c</load_address>
         <run_address>0x1d7c</run_address>
         <size>0xe</size>
         <input_file_ref idref="fl-c8"/>
      </object_component>
      <object_component id="oc-194">
         <name>.text:CPUcpsie</name>
         <load_address>0x1d8a</load_address>
         <run_address>0x1d8a</run_address>
         <size>0xc</size>
         <input_file_ref idref="fl-10"/>
      </object_component>
      <object_component id="oc-b9">
         <name>.text:PWMGenEnable</name>
         <load_address>0x1d96</load_address>
         <run_address>0x1d96</run_address>
         <size>0xc</size>
         <input_file_ref idref="fl-d"/>
      </object_component>
      <object_component id="oc-24">
         <name>.text</name>
         <load_address>0x1da2</load_address>
         <run_address>0x1da2</run_address>
         <size>0xc</size>
         <input_file_ref idref="fl-4"/>
      </object_component>
      <object_component id="oc-cb">
         <name>.text:UARTIntEnable</name>
         <load_address>0x1dae</load_address>
         <run_address>0x1dae</run_address>
         <size>0x8</size>
         <input_file_ref idref="fl-f"/>
      </object_component>
      <object_component id="oc-e6">
         <name>.text:GPIOPinWrite</name>
         <load_address>0x1db6</load_address>
         <run_address>0x1db6</run_address>
         <size>0x6</size>
         <input_file_ref idref="fl-b"/>
      </object_component>
      <object_component id="oc-192">
         <name>.text:SysCtlDelay</name>
         <load_address>0x1dbc</load_address>
         <run_address>0x1dbc</run_address>
         <size>0x6</size>
         <input_file_ref idref="fl-e"/>
      </object_component>
      <object_component id="oc-d1">
         <name>.text:UARTIntClear</name>
         <load_address>0x1dc2</load_address>
         <run_address>0x1dc2</run_address>
         <size>0x4</size>
         <input_file_ref idref="fl-f"/>
      </object_component>
      <object_component id="oc-13c">
         <name>.text:_system_pre_init</name>
         <load_address>0x1dc6</load_address>
         <run_address>0x1dc6</run_address>
         <size>0x4</size>
         <input_file_ref idref="fl-d2"/>
      </object_component>
      <object_component id="oc-1c9">
         <name>.text:abort:abort</name>
         <load_address>0x1dca</load_address>
         <run_address>0x1dca</run_address>
         <size>0x4</size>
         <input_file_ref idref="fl-cb"/>
      </object_component>
      <object_component id="oc-22f">
         <name>.const:g_pui32GPIOBaseAddrs</name>
         <load_address>0x1dd0</load_address>
         <run_address>0x1dd0</run_address>
         <size>0x90</size>
         <input_file_ref idref="fl-b"/>
      </object_component>
      <object_component id="oc-15c">
         <name>.const</name>
         <load_address>0x1e60</load_address>
         <run_address>0x1e60</run_address>
         <size>0x70</size>
         <input_file_ref idref="fl-c"/>
      </object_component>
      <object_component id="oc-172">
         <name>.const:g_pui32Xtals</name>
         <load_address>0x1ed0</load_address>
         <run_address>0x1ed0</run_address>
         <size>0x6c</size>
         <input_file_ref idref="fl-e"/>
      </object_component>
      <object_component id="oc-71">
         <name>.const:g_ppui32TimerIntMap</name>
         <load_address>0x1f3c</load_address>
         <run_address>0x1f3c</run_address>
         <size>0x60</size>
         <input_file_ref idref="fl-1"/>
      </object_component>
      <object_component id="oc-74">
         <name>.const:g_ppui32TimerIntMapSnowflake</name>
         <load_address>0x1f9c</load_address>
         <run_address>0x1f9c</run_address>
         <size>0x40</size>
         <input_file_ref idref="fl-1"/>
      </object_component>
      <object_component id="oc-2b3">
         <name>.cinit..data.load</name>
         <load_address>0x1fe0</load_address>
         <run_address>0x1fe0</run_address>
         <size>0x25</size>
      </object_component>
      <object_component id="oc-2b0">
         <name>__TI_handler_table</name>
         <load_address>0x2008</load_address>
         <run_address>0x2008</run_address>
         <size>0xc</size>
      </object_component>
      <object_component id="oc-2b4">
         <name>.cinit..bss.load</name>
         <load_address>0x2018</load_address>
         <run_address>0x2018</run_address>
         <size>0x8</size>
      </object_component>
      <object_component id="oc-2b2">
         <name>.cinit..vtable.load</name>
         <load_address>0x2020</load_address>
         <run_address>0x2020</run_address>
         <size>0x8</size>
      </object_component>
      <object_component id="oc-2b1">
         <name>__TI_cinit_table</name>
         <load_address>0x2028</load_address>
         <run_address>0x2028</run_address>
         <size>0x18</size>
      </object_component>
      <object_component id="oc-152">
         <name>.vtable</name>
         <uninitialized>true</uninitialized>
         <run_address>0x20000000</run_address>
         <size>0x26c</size>
         <input_file_ref idref="fl-c"/>
      </object_component>
      <object_component id="oc-e3">
         <name>.data</name>
         <load_address>0x20000470</load_address>
         <run_address>0x20000470</run_address>
         <size>0x29</size>
         <input_file_ref idref="fl-1"/>
      </object_component>
      <object_component id="oc-f5">
         <name>.data</name>
         <load_address>0x2000049c</load_address>
         <run_address>0x2000049c</run_address>
         <size>0x10</size>
         <input_file_ref idref="fl-2"/>
      </object_component>
      <object_component id="oc-f2">
         <name>.common:inst</name>
         <uninitialized>true</uninitialized>
         <run_address>0x2000026c</run_address>
         <size>0x4</size>
      </object_component>
      <object_component id="oc-21">
         <name>.stack</name>
         <uninitialized>true</uninitialized>
         <run_address>0x20000270</run_address>
         <size>0x4</size>
         <input_file_ref idref="fl-ca"/>
      </object_component>
      <object_component id="oc-2b5">
         <name>.stack</name>
         <uninitialized>true</uninitialized>
         <run_address>0x20000270</run_address>
         <size>0x0</size>
      </object_component>
      <object_component id="oc-f3">
         <name>.debug_info</name>
         <load_address>0x0</load_address>
         <run_address>0x0</run_address>
         <size>0x7b7</size>
         <input_file_ref idref="fl-1"/>
      </object_component>
      <object_component id="oc-72">
         <name>.debug_info</name>
         <load_address>0x7b7</load_address>
         <run_address>0x7b7</run_address>
         <size>0x10a</size>
         <input_file_ref idref="fl-1"/>
      </object_component>
      <object_component id="oc-75">
         <name>.debug_info</name>
         <load_address>0x8c1</load_address>
         <run_address>0x8c1</run_address>
         <size>0x11c</size>
         <input_file_ref idref="fl-1"/>
      </object_component>
      <object_component id="oc-e4">
         <name>.debug_info</name>
         <load_address>0x9dd</load_address>
         <run_address>0x9dd</run_address>
         <size>0x229</size>
         <input_file_ref idref="fl-1"/>
      </object_component>
      <object_component id="oc-2b">
         <name>.debug_info</name>
         <load_address>0xc06</load_address>
         <run_address>0xc06</run_address>
         <size>0x40dc</size>
         <input_file_ref idref="fl-1"/>
      </object_component>
      <object_component id="oc-11c">
         <name>.debug_info</name>
         <load_address>0x4ce2</load_address>
         <run_address>0x4ce2</run_address>
         <size>0x26b</size>
         <input_file_ref idref="fl-1"/>
      </object_component>
      <object_component id="oc-110">
         <name>.debug_info</name>
         <load_address>0x4f4d</load_address>
         <run_address>0x4f4d</run_address>
         <size>0x8b</size>
         <input_file_ref idref="fl-1"/>
      </object_component>
      <object_component id="oc-1b4">
         <name>.debug_info</name>
         <load_address>0x4fd8</load_address>
         <run_address>0x4fd8</run_address>
         <size>0x297</size>
         <input_file_ref idref="fl-1"/>
      </object_component>
      <object_component id="oc-115">
         <name>.debug_info</name>
         <load_address>0x526f</load_address>
         <run_address>0x526f</run_address>
         <size>0xef</size>
         <input_file_ref idref="fl-1"/>
      </object_component>
      <object_component id="oc-10b">
         <name>.debug_info</name>
         <load_address>0x535e</load_address>
         <run_address>0x535e</run_address>
         <size>0xbb</size>
         <input_file_ref idref="fl-1"/>
      </object_component>
      <object_component id="oc-191">
         <name>.debug_info</name>
         <load_address>0x5419</load_address>
         <run_address>0x5419</run_address>
         <size>0x340</size>
         <input_file_ref idref="fl-2"/>
      </object_component>
      <object_component id="oc-f6">
         <name>.debug_info</name>
         <load_address>0x5759</load_address>
         <run_address>0x5759</run_address>
         <size>0x173</size>
         <input_file_ref idref="fl-2"/>
      </object_component>
      <object_component id="oc-ed">
         <name>.debug_info</name>
         <load_address>0x58cc</load_address>
         <run_address>0x58cc</run_address>
         <size>0x3ed</size>
         <input_file_ref idref="fl-2"/>
      </object_component>
      <object_component id="oc-39">
         <name>.debug_info</name>
         <load_address>0x5cb9</load_address>
         <run_address>0x5cb9</run_address>
         <size>0x84</size>
         <input_file_ref idref="fl-2"/>
      </object_component>
      <object_component id="oc-105">
         <name>.debug_info</name>
         <load_address>0x5d3d</load_address>
         <run_address>0x5d3d</run_address>
         <size>0x3eb</size>
         <input_file_ref idref="fl-3"/>
      </object_component>
      <object_component id="oc-32">
         <name>.debug_info</name>
         <load_address>0x6128</load_address>
         <run_address>0x6128</run_address>
         <size>0x2f8</size>
         <input_file_ref idref="fl-4"/>
      </object_component>
      <object_component id="oc-10">
         <name>.debug_info</name>
         <load_address>0x6420</load_address>
         <run_address>0x6420</run_address>
         <size>0x111</size>
         <input_file_ref idref="fl-4"/>
      </object_component>
      <object_component id="oc-25">
         <name>.debug_info</name>
         <load_address>0x6531</load_address>
         <run_address>0x6531</run_address>
         <size>0x28d</size>
         <input_file_ref idref="fl-4"/>
      </object_component>
      <object_component id="oc-18b">
         <name>.debug_info</name>
         <load_address>0x67be</load_address>
         <run_address>0x67be</run_address>
         <size>0x240</size>
         <input_file_ref idref="fl-b"/>
      </object_component>
      <object_component id="oc-230">
         <name>.debug_info</name>
         <load_address>0x69fe</load_address>
         <run_address>0x69fe</run_address>
         <size>0x15b</size>
         <input_file_ref idref="fl-b"/>
      </object_component>
      <object_component id="oc-e7">
         <name>.debug_info</name>
         <load_address>0x6b59</load_address>
         <run_address>0x6b59</run_address>
         <size>0x2a3</size>
         <input_file_ref idref="fl-b"/>
      </object_component>
      <object_component id="oc-229">
         <name>.debug_info</name>
         <load_address>0x6dfc</load_address>
         <run_address>0x6dfc</run_address>
         <size>0x2b3</size>
         <input_file_ref idref="fl-b"/>
      </object_component>
      <object_component id="oc-223">
         <name>.debug_info</name>
         <load_address>0x70af</load_address>
         <run_address>0x70af</run_address>
         <size>0x316</size>
         <input_file_ref idref="fl-b"/>
      </object_component>
      <object_component id="oc-1ae">
         <name>.debug_info</name>
         <load_address>0x73c5</load_address>
         <run_address>0x73c5</run_address>
         <size>0x27b</size>
         <input_file_ref idref="fl-b"/>
      </object_component>
      <object_component id="oc-1a8">
         <name>.debug_info</name>
         <load_address>0x7640</load_address>
         <run_address>0x7640</run_address>
         <size>0x279</size>
         <input_file_ref idref="fl-b"/>
      </object_component>
      <object_component id="oc-19c">
         <name>.debug_info</name>
         <load_address>0x78b9</load_address>
         <run_address>0x78b9</run_address>
         <size>0x2b7</size>
         <input_file_ref idref="fl-b"/>
      </object_component>
      <object_component id="oc-1a2">
         <name>.debug_info</name>
         <load_address>0x7b70</load_address>
         <run_address>0x7b70</run_address>
         <size>0x280</size>
         <input_file_ref idref="fl-b"/>
      </object_component>
      <object_component id="oc-156">
         <name>.debug_info</name>
         <load_address>0x7df0</load_address>
         <run_address>0x7df0</run_address>
         <size>0x18b</size>
         <input_file_ref idref="fl-b"/>
      </object_component>
      <object_component id="oc-15b">
         <name>.debug_info</name>
         <load_address>0x7f7b</load_address>
         <run_address>0x7f7b</run_address>
         <size>0x20e</size>
         <input_file_ref idref="fl-c"/>
      </object_component>
      <object_component id="oc-15d">
         <name>.debug_info</name>
         <load_address>0x8189</load_address>
         <run_address>0x8189</run_address>
         <size>0x210</size>
         <input_file_ref idref="fl-c"/>
      </object_component>
      <object_component id="oc-153">
         <name>.debug_info</name>
         <load_address>0x8399</load_address>
         <run_address>0x8399</run_address>
         <size>0x157</size>
         <input_file_ref idref="fl-c"/>
      </object_component>
      <object_component id="oc-163">
         <name>.debug_info</name>
         <load_address>0x84f0</load_address>
         <run_address>0x84f0</run_address>
         <size>0x225</size>
         <input_file_ref idref="fl-c"/>
      </object_component>
      <object_component id="oc-8a">
         <name>.debug_info</name>
         <load_address>0x8715</load_address>
         <run_address>0x8715</run_address>
         <size>0x270</size>
         <input_file_ref idref="fl-c"/>
      </object_component>
      <object_component id="oc-78">
         <name>.debug_info</name>
         <load_address>0x8985</load_address>
         <run_address>0x8985</run_address>
         <size>0x2c1</size>
         <input_file_ref idref="fl-c"/>
      </object_component>
      <object_component id="oc-102">
         <name>.debug_info</name>
         <load_address>0x8c46</load_address>
         <run_address>0x8c46</run_address>
         <size>0x23e</size>
         <input_file_ref idref="fl-c"/>
      </object_component>
      <object_component id="oc-7f">
         <name>.debug_info</name>
         <load_address>0x8e84</load_address>
         <run_address>0x8e84</run_address>
         <size>0x268</size>
         <input_file_ref idref="fl-c"/>
      </object_component>
      <object_component id="oc-85">
         <name>.debug_info</name>
         <load_address>0x90ec</load_address>
         <run_address>0x90ec</run_address>
         <size>0x26a</size>
         <input_file_ref idref="fl-c"/>
      </object_component>
      <object_component id="oc-16d">
         <name>.debug_info</name>
         <load_address>0x9356</load_address>
         <run_address>0x9356</run_address>
         <size>0x1ed</size>
         <input_file_ref idref="fl-d"/>
      </object_component>
      <object_component id="oc-ae">
         <name>.debug_info</name>
         <load_address>0x9543</load_address>
         <run_address>0x9543</run_address>
         <size>0x2f6</size>
         <input_file_ref idref="fl-d"/>
      </object_component>
      <object_component id="oc-b4">
         <name>.debug_info</name>
         <load_address>0x9839</load_address>
         <run_address>0x9839</run_address>
         <size>0x2c4</size>
         <input_file_ref idref="fl-d"/>
      </object_component>
      <object_component id="oc-a8">
         <name>.debug_info</name>
         <load_address>0x9afd</load_address>
         <run_address>0x9afd</run_address>
         <size>0x2b6</size>
         <input_file_ref idref="fl-d"/>
      </object_component>
      <object_component id="oc-ba">
         <name>.debug_info</name>
         <load_address>0x9db3</load_address>
         <run_address>0x9db3</run_address>
         <size>0x276</size>
         <input_file_ref idref="fl-d"/>
      </object_component>
      <object_component id="oc-a2">
         <name>.debug_info</name>
         <load_address>0xa029</load_address>
         <run_address>0xa029</run_address>
         <size>0x2b3</size>
         <input_file_ref idref="fl-d"/>
      </object_component>
      <object_component id="oc-169">
         <name>.debug_info</name>
         <load_address>0xa2dc</load_address>
         <run_address>0xa2dc</run_address>
         <size>0x298</size>
         <input_file_ref idref="fl-e"/>
      </object_component>
      <object_component id="oc-173">
         <name>.debug_info</name>
         <load_address>0xa574</load_address>
         <run_address>0xa574</run_address>
         <size>0x14d</size>
         <input_file_ref idref="fl-e"/>
      </object_component>
      <object_component id="oc-9c">
         <name>.debug_info</name>
         <load_address>0xa6c1</load_address>
         <run_address>0xa6c1</run_address>
         <size>0x27f</size>
         <input_file_ref idref="fl-e"/>
      </object_component>
      <object_component id="oc-96">
         <name>.debug_info</name>
         <load_address>0xa940</load_address>
         <run_address>0xa940</run_address>
         <size>0x27d</size>
         <input_file_ref idref="fl-e"/>
      </object_component>
      <object_component id="oc-90">
         <name>.debug_info</name>
         <load_address>0xabbd</load_address>
         <run_address>0xabbd</run_address>
         <size>0x263</size>
         <input_file_ref idref="fl-e"/>
      </object_component>
      <object_component id="oc-f9">
         <name>.debug_info</name>
         <load_address>0xae20</load_address>
         <run_address>0xae20</run_address>
         <size>0x2db</size>
         <input_file_ref idref="fl-e"/>
      </object_component>
      <object_component id="oc-c0">
         <name>.debug_info</name>
         <load_address>0xb0fb</load_address>
         <run_address>0xb0fb</run_address>
         <size>0x2b5</size>
         <input_file_ref idref="fl-e"/>
      </object_component>
      <object_component id="oc-210">
         <name>.debug_info</name>
         <load_address>0xb3b0</load_address>
         <run_address>0xb3b0</run_address>
         <size>0x5f</size>
         <input_file_ref idref="fl-e"/>
      </object_component>
      <object_component id="oc-183">
         <name>.debug_info</name>
         <load_address>0xb40f</load_address>
         <run_address>0xb40f</run_address>
         <size>0x227</size>
         <input_file_ref idref="fl-f"/>
      </object_component>
      <object_component id="oc-cc">
         <name>.debug_info</name>
         <load_address>0xb636</load_address>
         <run_address>0xb636</run_address>
         <size>0x28f</size>
         <input_file_ref idref="fl-f"/>
      </object_component>
      <object_component id="oc-d2">
         <name>.debug_info</name>
         <load_address>0xb8c5</load_address>
         <run_address>0xb8c5</run_address>
         <size>0x28d</size>
         <input_file_ref idref="fl-f"/>
      </object_component>
      <object_component id="oc-17d">
         <name>.debug_info</name>
         <load_address>0xbb52</load_address>
         <run_address>0xbb52</run_address>
         <size>0x247</size>
         <input_file_ref idref="fl-f"/>
      </object_component>
      <object_component id="oc-177">
         <name>.debug_info</name>
         <load_address>0xbd99</load_address>
         <run_address>0xbd99</run_address>
         <size>0x249</size>
         <input_file_ref idref="fl-f"/>
      </object_component>
      <object_component id="oc-c6">
         <name>.debug_info</name>
         <load_address>0xbfe2</load_address>
         <run_address>0xbfe2</run_address>
         <size>0x326</size>
         <input_file_ref idref="fl-f"/>
      </object_component>
      <object_component id="oc-de">
         <name>.debug_info</name>
         <load_address>0xc308</load_address>
         <run_address>0xc308</run_address>
         <size>0x253</size>
         <input_file_ref idref="fl-f"/>
      </object_component>
      <object_component id="oc-d8">
         <name>.debug_info</name>
         <load_address>0xc55b</load_address>
         <run_address>0xc55b</run_address>
         <size>0x263</size>
         <input_file_ref idref="fl-f"/>
      </object_component>
      <object_component id="oc-195">
         <name>.debug_info</name>
         <load_address>0xc7be</load_address>
         <run_address>0xc7be</run_address>
         <size>0x212</size>
         <input_file_ref idref="fl-10"/>
      </object_component>
      <object_component id="oc-135">
         <name>.debug_info</name>
         <load_address>0xc9d0</load_address>
         <run_address>0xc9d0</run_address>
         <size>0x313</size>
         <input_file_ref idref="fl-c7"/>
      </object_component>
      <object_component id="oc-4b">
         <name>.debug_info</name>
         <load_address>0xcce3</load_address>
         <run_address>0xcce3</run_address>
         <size>0x1b4</size>
         <input_file_ref idref="fl-c7"/>
      </object_component>
      <object_component id="oc-130">
         <name>.debug_info</name>
         <load_address>0xce97</load_address>
         <run_address>0xce97</run_address>
         <size>0x46</size>
         <input_file_ref idref="fl-c7"/>
      </object_component>
      <object_component id="oc-1c0">
         <name>.debug_info</name>
         <load_address>0xcedd</load_address>
         <run_address>0xcedd</run_address>
         <size>0x2c</size>
         <input_file_ref idref="fl-c7"/>
      </object_component>
      <object_component id="oc-49">
         <name>.debug_info</name>
         <load_address>0xcf09</load_address>
         <run_address>0xcf09</run_address>
         <size>0x29d</size>
         <input_file_ref idref="fl-c8"/>
      </object_component>
      <object_component id="oc-19">
         <name>.debug_info</name>
         <load_address>0xd1a6</load_address>
         <run_address>0xd1a6</run_address>
         <size>0x1df</size>
         <input_file_ref idref="fl-c8"/>
      </object_component>
      <object_component id="oc-44">
         <name>.debug_info</name>
         <load_address>0xd385</load_address>
         <run_address>0xd385</run_address>
         <size>0x46</size>
         <input_file_ref idref="fl-c8"/>
      </object_component>
      <object_component id="oc-128">
         <name>.debug_info</name>
         <load_address>0xd3cb</load_address>
         <run_address>0xd3cb</run_address>
         <size>0x2c</size>
         <input_file_ref idref="fl-c8"/>
      </object_component>
      <object_component id="oc-126">
         <name>.debug_info</name>
         <load_address>0xd3f7</load_address>
         <run_address>0xd3f7</run_address>
         <size>0x293</size>
         <input_file_ref idref="fl-c9"/>
      </object_component>
      <object_component id="oc-13">
         <name>.debug_info</name>
         <load_address>0xd68a</load_address>
         <run_address>0xd68a</run_address>
         <size>0x245</size>
         <input_file_ref idref="fl-c9"/>
      </object_component>
      <object_component id="oc-34">
         <name>.debug_info</name>
         <load_address>0xd8cf</load_address>
         <run_address>0xd8cf</run_address>
         <size>0x60</size>
         <input_file_ref idref="fl-c9"/>
      </object_component>
      <object_component id="oc-1b9">
         <name>.debug_info</name>
         <load_address>0xd92f</load_address>
         <run_address>0xd92f</run_address>
         <size>0x46</size>
         <input_file_ref idref="fl-c9"/>
      </object_component>
      <object_component id="oc-121">
         <name>.debug_info</name>
         <load_address>0xd975</load_address>
         <run_address>0xd975</run_address>
         <size>0x39</size>
         <input_file_ref idref="fl-c9"/>
      </object_component>
      <object_component id="oc-22">
         <name>.debug_info</name>
         <load_address>0xd9ae</load_address>
         <run_address>0xd9ae</run_address>
         <size>0x100</size>
         <input_file_ref idref="fl-ca"/>
      </object_component>
      <object_component id="oc-5d">
         <name>.debug_info</name>
         <load_address>0xdaae</load_address>
         <run_address>0xdaae</run_address>
         <size>0x1a4</size>
         <input_file_ref idref="fl-ca"/>
      </object_component>
      <object_component id="oc-1ca">
         <name>.debug_info</name>
         <load_address>0xdc52</load_address>
         <run_address>0xdc52</run_address>
         <size>0x117</size>
         <input_file_ref idref="fl-cb"/>
      </object_component>
      <object_component id="oc-3f">
         <name>.debug_info</name>
         <load_address>0xdd69</load_address>
         <run_address>0xdd69</run_address>
         <size>0x111</size>
         <input_file_ref idref="fl-cf"/>
      </object_component>
      <object_component id="oc-240">
         <name>.debug_info</name>
         <load_address>0xde7a</load_address>
         <run_address>0xde7a</run_address>
         <size>0x547</size>
         <input_file_ref idref="fl-d1"/>
      </object_component>
      <object_component id="oc-1d6">
         <name>.debug_info</name>
         <load_address>0xe3c1</load_address>
         <run_address>0xe3c1</run_address>
         <size>0x19b</size>
         <input_file_ref idref="fl-d1"/>
      </object_component>
      <object_component id="oc-269">
         <name>.debug_info</name>
         <load_address>0xe55c</load_address>
         <run_address>0xe55c</run_address>
         <size>0x39</size>
         <input_file_ref idref="fl-d1"/>
      </object_component>
      <object_component id="oc-27d">
         <name>.debug_info</name>
         <load_address>0xe595</load_address>
         <run_address>0xe595</run_address>
         <size>0x39</size>
         <input_file_ref idref="fl-d1"/>
      </object_component>
      <object_component id="oc-26e">
         <name>.debug_info</name>
         <load_address>0xe5ce</load_address>
         <run_address>0xe5ce</run_address>
         <size>0x39</size>
         <input_file_ref idref="fl-d1"/>
      </object_component>
      <object_component id="oc-273">
         <name>.debug_info</name>
         <load_address>0xe607</load_address>
         <run_address>0xe607</run_address>
         <size>0xcd</size>
         <input_file_ref idref="fl-d1"/>
      </object_component>
      <object_component id="oc-13d">
         <name>.debug_info</name>
         <load_address>0xe6d4</load_address>
         <run_address>0xe6d4</run_address>
         <size>0x148</size>
         <input_file_ref idref="fl-d2"/>
      </object_component>
      <object_component id="oc-2b6">
         <name>.debug_info</name>
         <load_address>0xe81c</load_address>
         <run_address>0xe81c</run_address>
         <size>0xc7</size>
      </object_component>
      <object_component id="oc-18e">
         <name>.debug_line</name>
         <load_address>0x0</load_address>
         <run_address>0x0</run_address>
         <size>0x1ad</size>
         <input_file_ref idref="fl-1"/>
      </object_component>
      <object_component id="oc-14f">
         <name>.debug_line</name>
         <load_address>0x1ad</load_address>
         <run_address>0x1ad</run_address>
         <size>0x62</size>
         <input_file_ref idref="fl-1"/>
      </object_component>
      <object_component id="oc-151">
         <name>.debug_line</name>
         <load_address>0x20f</load_address>
         <run_address>0x20f</run_address>
         <size>0x62</size>
         <input_file_ref idref="fl-1"/>
      </object_component>
      <object_component id="oc-189">
         <name>.debug_line</name>
         <load_address>0x271</load_address>
         <run_address>0x271</run_address>
         <size>0x2d</size>
         <input_file_ref idref="fl-1"/>
      </object_component>
      <object_component id="oc-2e">
         <name>.debug_line</name>
         <load_address>0x29e</load_address>
         <run_address>0x29e</run_address>
         <size>0x93b</size>
         <input_file_ref idref="fl-1"/>
      </object_component>
      <object_component id="oc-11f">
         <name>.debug_line</name>
         <load_address>0xbd9</load_address>
         <run_address>0xbd9</run_address>
         <size>0x6b</size>
         <input_file_ref idref="fl-1"/>
      </object_component>
      <object_component id="oc-113">
         <name>.debug_line</name>
         <load_address>0xc44</load_address>
         <run_address>0xc44</run_address>
         <size>0x20</size>
         <input_file_ref idref="fl-1"/>
      </object_component>
      <object_component id="oc-1b7">
         <name>.debug_line</name>
         <load_address>0xc64</load_address>
         <run_address>0xc64</run_address>
         <size>0x6f</size>
         <input_file_ref idref="fl-1"/>
      </object_component>
      <object_component id="oc-118">
         <name>.debug_line</name>
         <load_address>0xcd3</load_address>
         <run_address>0xcd3</run_address>
         <size>0x6b</size>
         <input_file_ref idref="fl-1"/>
      </object_component>
      <object_component id="oc-10e">
         <name>.debug_line</name>
         <load_address>0xd3e</load_address>
         <run_address>0xd3e</run_address>
         <size>0x6c</size>
         <input_file_ref idref="fl-1"/>
      </object_component>
      <object_component id="oc-220">
         <name>.debug_line</name>
         <load_address>0xdaa</load_address>
         <run_address>0xdaa</run_address>
         <size>0x73</size>
         <input_file_ref idref="fl-2"/>
      </object_component>
      <object_component id="oc-190">
         <name>.debug_line</name>
         <load_address>0xe1d</load_address>
         <run_address>0xe1d</run_address>
         <size>0x34</size>
         <input_file_ref idref="fl-2"/>
      </object_component>
      <object_component id="oc-f0">
         <name>.debug_line</name>
         <load_address>0xe51</load_address>
         <run_address>0xe51</run_address>
         <size>0x1d6</size>
         <input_file_ref idref="fl-2"/>
      </object_component>
      <object_component id="oc-3c">
         <name>.debug_line</name>
         <load_address>0x1027</load_address>
         <run_address>0x1027</run_address>
         <size>0x20</size>
         <input_file_ref idref="fl-2"/>
      </object_component>
      <object_component id="oc-108">
         <name>.debug_line</name>
         <load_address>0x1047</load_address>
         <run_address>0x1047</run_address>
         <size>0x62</size>
         <input_file_ref idref="fl-3"/>
      </object_component>
      <object_component id="oc-11b">
         <name>.debug_line</name>
         <load_address>0x10a9</load_address>
         <run_address>0x10a9</run_address>
         <size>0x41</size>
         <input_file_ref idref="fl-4"/>
      </object_component>
      <object_component id="oc-31">
         <name>.debug_line</name>
         <load_address>0x10ea</load_address>
         <run_address>0x10ea</run_address>
         <size>0x41</size>
         <input_file_ref idref="fl-4"/>
      </object_component>
      <object_component id="oc-28">
         <name>.debug_line</name>
         <load_address>0x112b</load_address>
         <run_address>0x112b</run_address>
         <size>0xa1</size>
         <input_file_ref idref="fl-4"/>
      </object_component>
      <object_component id="oc-21e">
         <name>.debug_line</name>
         <load_address>0x11cc</load_address>
         <run_address>0x11cc</run_address>
         <size>0x82</size>
         <input_file_ref idref="fl-b"/>
      </object_component>
      <object_component id="oc-258">
         <name>.debug_line</name>
         <load_address>0x124e</load_address>
         <run_address>0x124e</run_address>
         <size>0x7d</size>
         <input_file_ref idref="fl-b"/>
      </object_component>
      <object_component id="oc-ea">
         <name>.debug_line</name>
         <load_address>0x12cb</load_address>
         <run_address>0x12cb</run_address>
         <size>0x92</size>
         <input_file_ref idref="fl-b"/>
      </object_component>
      <object_component id="oc-22c">
         <name>.debug_line</name>
         <load_address>0x135d</load_address>
         <run_address>0x135d</run_address>
         <size>0x95</size>
         <input_file_ref idref="fl-b"/>
      </object_component>
      <object_component id="oc-226">
         <name>.debug_line</name>
         <load_address>0x13f2</load_address>
         <run_address>0x13f2</run_address>
         <size>0xd1</size>
         <input_file_ref idref="fl-b"/>
      </object_component>
      <object_component id="oc-1b1">
         <name>.debug_line</name>
         <load_address>0x14c3</load_address>
         <run_address>0x14c3</run_address>
         <size>0x93</size>
         <input_file_ref idref="fl-b"/>
      </object_component>
      <object_component id="oc-1ab">
         <name>.debug_line</name>
         <load_address>0x1556</load_address>
         <run_address>0x1556</run_address>
         <size>0x93</size>
         <input_file_ref idref="fl-b"/>
      </object_component>
      <object_component id="oc-19f">
         <name>.debug_line</name>
         <load_address>0x15e9</load_address>
         <run_address>0x15e9</run_address>
         <size>0x99</size>
         <input_file_ref idref="fl-b"/>
      </object_component>
      <object_component id="oc-1a5">
         <name>.debug_line</name>
         <load_address>0x1682</load_address>
         <run_address>0x1682</run_address>
         <size>0xa7</size>
         <input_file_ref idref="fl-b"/>
      </object_component>
      <object_component id="oc-159">
         <name>.debug_line</name>
         <load_address>0x1729</load_address>
         <run_address>0x1729</run_address>
         <size>0x69</size>
         <input_file_ref idref="fl-b"/>
      </object_component>
      <object_component id="oc-20a">
         <name>.debug_line</name>
         <load_address>0x1792</load_address>
         <run_address>0x1792</run_address>
         <size>0x7c</size>
         <input_file_ref idref="fl-c"/>
      </object_component>
      <object_component id="oc-20c">
         <name>.debug_line</name>
         <load_address>0x180e</load_address>
         <run_address>0x180e</run_address>
         <size>0x82</size>
         <input_file_ref idref="fl-c"/>
      </object_component>
      <object_component id="oc-208">
         <name>.debug_line</name>
         <load_address>0x1890</load_address>
         <run_address>0x1890</run_address>
         <size>0x82</size>
         <input_file_ref idref="fl-c"/>
      </object_component>
      <object_component id="oc-162">
         <name>.debug_line</name>
         <load_address>0x1912</load_address>
         <run_address>0x1912</run_address>
         <size>0x97</size>
         <input_file_ref idref="fl-c"/>
      </object_component>
      <object_component id="oc-8d">
         <name>.debug_line</name>
         <load_address>0x19a9</load_address>
         <run_address>0x19a9</run_address>
         <size>0x97</size>
         <input_file_ref idref="fl-c"/>
      </object_component>
      <object_component id="oc-7b">
         <name>.debug_line</name>
         <load_address>0x1a40</load_address>
         <run_address>0x1a40</run_address>
         <size>0xaf</size>
         <input_file_ref idref="fl-c"/>
      </object_component>
      <object_component id="oc-101">
         <name>.debug_line</name>
         <load_address>0x1aef</load_address>
         <run_address>0x1aef</run_address>
         <size>0x97</size>
         <input_file_ref idref="fl-c"/>
      </object_component>
      <object_component id="oc-82">
         <name>.debug_line</name>
         <load_address>0x1b86</load_address>
         <run_address>0x1b86</run_address>
         <size>0xc2</size>
         <input_file_ref idref="fl-c"/>
      </object_component>
      <object_component id="oc-88">
         <name>.debug_line</name>
         <load_address>0x1c48</load_address>
         <run_address>0x1c48</run_address>
         <size>0xc2</size>
         <input_file_ref idref="fl-c"/>
      </object_component>
      <object_component id="oc-216">
         <name>.debug_line</name>
         <load_address>0x1d0a</load_address>
         <run_address>0x1d0a</run_address>
         <size>0x82</size>
         <input_file_ref idref="fl-d"/>
      </object_component>
      <object_component id="oc-b1">
         <name>.debug_line</name>
         <load_address>0x1d8c</load_address>
         <run_address>0x1d8c</run_address>
         <size>0x9e</size>
         <input_file_ref idref="fl-d"/>
      </object_component>
      <object_component id="oc-b7">
         <name>.debug_line</name>
         <load_address>0x1e2a</load_address>
         <run_address>0x1e2a</run_address>
         <size>0x95</size>
         <input_file_ref idref="fl-d"/>
      </object_component>
      <object_component id="oc-ab">
         <name>.debug_line</name>
         <load_address>0x1ebf</load_address>
         <run_address>0x1ebf</run_address>
         <size>0x96</size>
         <input_file_ref idref="fl-d"/>
      </object_component>
      <object_component id="oc-bd">
         <name>.debug_line</name>
         <load_address>0x1f55</load_address>
         <run_address>0x1f55</run_address>
         <size>0x91</size>
         <input_file_ref idref="fl-d"/>
      </object_component>
      <object_component id="oc-a5">
         <name>.debug_line</name>
         <load_address>0x1fe6</load_address>
         <run_address>0x1fe6</run_address>
         <size>0x9b</size>
         <input_file_ref idref="fl-d"/>
      </object_component>
      <object_component id="oc-20f">
         <name>.debug_line</name>
         <load_address>0x2081</load_address>
         <run_address>0x2081</run_address>
         <size>0x13d</size>
         <input_file_ref idref="fl-e"/>
      </object_component>
      <object_component id="oc-218">
         <name>.debug_line</name>
         <load_address>0x21be</load_address>
         <run_address>0x21be</run_address>
         <size>0x7f</size>
         <input_file_ref idref="fl-e"/>
      </object_component>
      <object_component id="oc-9f">
         <name>.debug_line</name>
         <load_address>0x223d</load_address>
         <run_address>0x223d</run_address>
         <size>0x94</size>
         <input_file_ref idref="fl-e"/>
      </object_component>
      <object_component id="oc-99">
         <name>.debug_line</name>
         <load_address>0x22d1</load_address>
         <run_address>0x22d1</run_address>
         <size>0x94</size>
         <input_file_ref idref="fl-e"/>
      </object_component>
      <object_component id="oc-93">
         <name>.debug_line</name>
         <load_address>0x2365</load_address>
         <run_address>0x2365</run_address>
         <size>0x94</size>
         <input_file_ref idref="fl-e"/>
      </object_component>
      <object_component id="oc-fc">
         <name>.debug_line</name>
         <load_address>0x23f9</load_address>
         <run_address>0x23f9</run_address>
         <size>0xee</size>
         <input_file_ref idref="fl-e"/>
      </object_component>
      <object_component id="oc-c3">
         <name>.debug_line</name>
         <load_address>0x24e7</load_address>
         <run_address>0x24e7</run_address>
         <size>0x11a</size>
         <input_file_ref idref="fl-e"/>
      </object_component>
      <object_component id="oc-213">
         <name>.debug_line</name>
         <load_address>0x2601</load_address>
         <run_address>0x2601</run_address>
         <size>0x7f</size>
         <input_file_ref idref="fl-e"/>
      </object_component>
      <object_component id="oc-21c">
         <name>.debug_line</name>
         <load_address>0x2680</load_address>
         <run_address>0x2680</run_address>
         <size>0x82</size>
         <input_file_ref idref="fl-f"/>
      </object_component>
      <object_component id="oc-cf">
         <name>.debug_line</name>
         <load_address>0x2702</load_address>
         <run_address>0x2702</run_address>
         <size>0x92</size>
         <input_file_ref idref="fl-f"/>
      </object_component>
      <object_component id="oc-d5">
         <name>.debug_line</name>
         <load_address>0x2794</load_address>
         <run_address>0x2794</run_address>
         <size>0x92</size>
         <input_file_ref idref="fl-f"/>
      </object_component>
      <object_component id="oc-180">
         <name>.debug_line</name>
         <load_address>0x2826</load_address>
         <run_address>0x2826</run_address>
         <size>0x93</size>
         <input_file_ref idref="fl-f"/>
      </object_component>
      <object_component id="oc-17a">
         <name>.debug_line</name>
         <load_address>0x28b9</load_address>
         <run_address>0x28b9</run_address>
         <size>0x96</size>
         <input_file_ref idref="fl-f"/>
      </object_component>
      <object_component id="oc-c9">
         <name>.debug_line</name>
         <load_address>0x294f</load_address>
         <run_address>0x294f</run_address>
         <size>0xb3</size>
         <input_file_ref idref="fl-f"/>
      </object_component>
      <object_component id="oc-e1">
         <name>.debug_line</name>
         <load_address>0x2a02</load_address>
         <run_address>0x2a02</run_address>
         <size>0x92</size>
         <input_file_ref idref="fl-f"/>
      </object_component>
      <object_component id="oc-db">
         <name>.debug_line</name>
         <load_address>0x2a94</load_address>
         <run_address>0x2a94</run_address>
         <size>0x92</size>
         <input_file_ref idref="fl-f"/>
      </object_component>
      <object_component id="oc-198">
         <name>.debug_line</name>
         <load_address>0x2b26</load_address>
         <run_address>0x2b26</run_address>
         <size>0x91</size>
         <input_file_ref idref="fl-10"/>
      </object_component>
      <object_component id="oc-1c6">
         <name>.debug_line</name>
         <load_address>0x2bb7</load_address>
         <run_address>0x2bb7</run_address>
         <size>0x9e</size>
         <input_file_ref idref="fl-c7"/>
      </object_component>
      <object_component id="oc-4e">
         <name>.debug_line</name>
         <load_address>0x2c55</load_address>
         <run_address>0x2c55</run_address>
         <size>0x4f</size>
         <input_file_ref idref="fl-c7"/>
      </object_component>
      <object_component id="oc-133">
         <name>.debug_line</name>
         <load_address>0x2ca4</load_address>
         <run_address>0x2ca4</run_address>
         <size>0x34</size>
         <input_file_ref idref="fl-c7"/>
      </object_component>
      <object_component id="oc-1c3">
         <name>.debug_line</name>
         <load_address>0x2cd8</load_address>
         <run_address>0x2cd8</run_address>
         <size>0x8a</size>
         <input_file_ref idref="fl-c7"/>
      </object_component>
      <object_component id="oc-12e">
         <name>.debug_line</name>
         <load_address>0x2d62</load_address>
         <run_address>0x2d62</run_address>
         <size>0x20</size>
         <input_file_ref idref="fl-c8"/>
      </object_component>
      <object_component id="oc-1c">
         <name>.debug_line</name>
         <load_address>0x2d82</load_address>
         <run_address>0x2d82</run_address>
         <size>0x55</size>
         <input_file_ref idref="fl-c8"/>
      </object_component>
      <object_component id="oc-47">
         <name>.debug_line</name>
         <load_address>0x2dd7</load_address>
         <run_address>0x2dd7</run_address>
         <size>0x3a</size>
         <input_file_ref idref="fl-c8"/>
      </object_component>
      <object_component id="oc-12b">
         <name>.debug_line</name>
         <load_address>0x2e11</load_address>
         <run_address>0x2e11</run_address>
         <size>0x8a</size>
         <input_file_ref idref="fl-c8"/>
      </object_component>
      <object_component id="oc-1bf">
         <name>.debug_line</name>
         <load_address>0x2e9b</load_address>
         <run_address>0x2e9b</run_address>
         <size>0x20</size>
         <input_file_ref idref="fl-c9"/>
      </object_component>
      <object_component id="oc-16">
         <name>.debug_line</name>
         <load_address>0x2ebb</load_address>
         <run_address>0x2ebb</run_address>
         <size>0xa9</size>
         <input_file_ref idref="fl-c9"/>
      </object_component>
      <object_component id="oc-37">
         <name>.debug_line</name>
         <load_address>0x2f64</load_address>
         <run_address>0x2f64</run_address>
         <size>0x3a</size>
         <input_file_ref idref="fl-c9"/>
      </object_component>
      <object_component id="oc-1bc">
         <name>.debug_line</name>
         <load_address>0x2f9e</load_address>
         <run_address>0x2f9e</run_address>
         <size>0x92</size>
         <input_file_ref idref="fl-c9"/>
      </object_component>
      <object_component id="oc-124">
         <name>.debug_line</name>
         <load_address>0x3030</load_address>
         <run_address>0x3030</run_address>
         <size>0x8e</size>
         <input_file_ref idref="fl-c9"/>
      </object_component>
      <object_component id="oc-6f">
         <name>.debug_line</name>
         <load_address>0x30be</load_address>
         <run_address>0x30be</run_address>
         <size>0x33</size>
         <input_file_ref idref="fl-ca"/>
      </object_component>
      <object_component id="oc-60">
         <name>.debug_line</name>
         <load_address>0x30f1</load_address>
         <run_address>0x30f1</run_address>
         <size>0x56</size>
         <input_file_ref idref="fl-ca"/>
      </object_component>
      <object_component id="oc-1cd">
         <name>.debug_line</name>
         <load_address>0x3147</load_address>
         <run_address>0x3147</run_address>
         <size>0x3c</size>
         <input_file_ref idref="fl-cb"/>
      </object_component>
      <object_component id="oc-42">
         <name>.debug_line</name>
         <load_address>0x3183</load_address>
         <run_address>0x3183</run_address>
         <size>0x88</size>
         <input_file_ref idref="fl-cf"/>
      </object_component>
      <object_component id="oc-268">
         <name>.debug_line</name>
         <load_address>0x320b</load_address>
         <run_address>0x320b</run_address>
         <size>0xb7</size>
         <input_file_ref idref="fl-d1"/>
      </object_component>
      <object_component id="oc-1d9">
         <name>.debug_line</name>
         <load_address>0x32c2</load_address>
         <run_address>0x32c2</run_address>
         <size>0x6c</size>
         <input_file_ref idref="fl-d1"/>
      </object_component>
      <object_component id="oc-26c">
         <name>.debug_line</name>
         <load_address>0x332e</load_address>
         <run_address>0x332e</run_address>
         <size>0x2e</size>
         <input_file_ref idref="fl-d1"/>
      </object_component>
      <object_component id="oc-280">
         <name>.debug_line</name>
         <load_address>0x335c</load_address>
         <run_address>0x335c</run_address>
         <size>0x92</size>
         <input_file_ref idref="fl-d1"/>
      </object_component>
      <object_component id="oc-271">
         <name>.debug_line</name>
         <load_address>0x33ee</load_address>
         <run_address>0x33ee</run_address>
         <size>0x8f</size>
         <input_file_ref idref="fl-d1"/>
      </object_component>
      <object_component id="oc-276">
         <name>.debug_line</name>
         <load_address>0x347d</load_address>
         <run_address>0x347d</run_address>
         <size>0x8b</size>
         <input_file_ref idref="fl-d1"/>
      </object_component>
      <object_component id="oc-140">
         <name>.debug_line</name>
         <load_address>0x3508</load_address>
         <run_address>0x3508</run_address>
         <size>0x40</size>
         <input_file_ref idref="fl-d2"/>
      </object_component>
      <object_component id="oc-2f">
         <name>.debug_frame</name>
         <load_address>0x0</load_address>
         <run_address>0x0</run_address>
         <size>0x57c</size>
         <input_file_ref idref="fl-1"/>
      </object_component>
      <object_component id="oc-f1">
         <name>.debug_frame</name>
         <load_address>0x57c</load_address>
         <run_address>0x57c</run_address>
         <size>0x5c</size>
         <input_file_ref idref="fl-2"/>
      </object_component>
      <object_component id="oc-109">
         <name>.debug_frame</name>
         <load_address>0x5d8</load_address>
         <run_address>0x5d8</run_address>
         <size>0x5c</size>
         <input_file_ref idref="fl-3"/>
      </object_component>
      <object_component id="oc-29">
         <name>.debug_frame</name>
         <load_address>0x634</load_address>
         <run_address>0x634</run_address>
         <size>0x90</size>
         <input_file_ref idref="fl-4"/>
      </object_component>
      <object_component id="oc-eb">
         <name>.debug_frame</name>
         <load_address>0x928</load_address>
         <run_address>0x928</run_address>
         <size>0x7f</size>
         <input_file_ref idref="fl-b"/>
      </object_component>
      <object_component id="oc-22d">
         <name>.debug_frame</name>
         <load_address>0x9a7</load_address>
         <run_address>0x9a7</run_address>
         <size>0x7f</size>
         <input_file_ref idref="fl-b"/>
      </object_component>
      <object_component id="oc-227">
         <name>.debug_frame</name>
         <load_address>0xa26</load_address>
         <run_address>0xa26</run_address>
         <size>0x8f</size>
         <input_file_ref idref="fl-b"/>
      </object_component>
      <object_component id="oc-1b2">
         <name>.debug_frame</name>
         <load_address>0xab5</load_address>
         <run_address>0xab5</run_address>
         <size>0x86</size>
         <input_file_ref idref="fl-b"/>
      </object_component>
      <object_component id="oc-1ac">
         <name>.debug_frame</name>
         <load_address>0xb3b</load_address>
         <run_address>0xb3b</run_address>
         <size>0x86</size>
         <input_file_ref idref="fl-b"/>
      </object_component>
      <object_component id="oc-1a0">
         <name>.debug_frame</name>
         <load_address>0xbc1</load_address>
         <run_address>0xbc1</run_address>
         <size>0x8a</size>
         <input_file_ref idref="fl-b"/>
      </object_component>
      <object_component id="oc-1a6">
         <name>.debug_frame</name>
         <load_address>0xc4b</load_address>
         <run_address>0xc4b</run_address>
         <size>0x86</size>
         <input_file_ref idref="fl-b"/>
      </object_component>
      <object_component id="oc-166">
         <name>.debug_frame</name>
         <load_address>0xcd1</load_address>
         <run_address>0xcd1</run_address>
         <size>0x7f</size>
         <input_file_ref idref="fl-c"/>
      </object_component>
      <object_component id="oc-8e">
         <name>.debug_frame</name>
         <load_address>0xd50</load_address>
         <run_address>0xd50</run_address>
         <size>0x7f</size>
         <input_file_ref idref="fl-c"/>
      </object_component>
      <object_component id="oc-7c">
         <name>.debug_frame</name>
         <load_address>0xdcf</load_address>
         <run_address>0xdcf</run_address>
         <size>0x8e</size>
         <input_file_ref idref="fl-c"/>
      </object_component>
      <object_component id="oc-100">
         <name>.debug_frame</name>
         <load_address>0xe5d</load_address>
         <run_address>0xe5d</run_address>
         <size>0x86</size>
         <input_file_ref idref="fl-c"/>
      </object_component>
      <object_component id="oc-7e">
         <name>.debug_frame</name>
         <load_address>0xee3</load_address>
         <run_address>0xee3</run_address>
         <size>0x7f</size>
         <input_file_ref idref="fl-c"/>
      </object_component>
      <object_component id="oc-84">
         <name>.debug_frame</name>
         <load_address>0xf62</load_address>
         <run_address>0xf62</run_address>
         <size>0x7f</size>
         <input_file_ref idref="fl-c"/>
      </object_component>
      <object_component id="oc-b2">
         <name>.debug_frame</name>
         <load_address>0xfe1</load_address>
         <run_address>0xfe1</run_address>
         <size>0x7f</size>
         <input_file_ref idref="fl-d"/>
      </object_component>
      <object_component id="oc-b8">
         <name>.debug_frame</name>
         <load_address>0x1060</load_address>
         <run_address>0x1060</run_address>
         <size>0x7f</size>
         <input_file_ref idref="fl-d"/>
      </object_component>
      <object_component id="oc-ac">
         <name>.debug_frame</name>
         <load_address>0x10df</load_address>
         <run_address>0x10df</run_address>
         <size>0x7f</size>
         <input_file_ref idref="fl-d"/>
      </object_component>
      <object_component id="oc-be">
         <name>.debug_frame</name>
         <load_address>0x115e</load_address>
         <run_address>0x115e</run_address>
         <size>0x7f</size>
         <input_file_ref idref="fl-d"/>
      </object_component>
      <object_component id="oc-a6">
         <name>.debug_frame</name>
         <load_address>0x11dd</load_address>
         <run_address>0x11dd</run_address>
         <size>0x7f</size>
         <input_file_ref idref="fl-d"/>
      </object_component>
      <object_component id="oc-a0">
         <name>.debug_frame</name>
         <load_address>0x125c</load_address>
         <run_address>0x125c</run_address>
         <size>0x7f</size>
         <input_file_ref idref="fl-e"/>
      </object_component>
      <object_component id="oc-9a">
         <name>.debug_frame</name>
         <load_address>0x12db</load_address>
         <run_address>0x12db</run_address>
         <size>0x7f</size>
         <input_file_ref idref="fl-e"/>
      </object_component>
      <object_component id="oc-94">
         <name>.debug_frame</name>
         <load_address>0x135a</load_address>
         <run_address>0x135a</run_address>
         <size>0x7f</size>
         <input_file_ref idref="fl-e"/>
      </object_component>
      <object_component id="oc-fd">
         <name>.debug_frame</name>
         <load_address>0x13d9</load_address>
         <run_address>0x13d9</run_address>
         <size>0x93</size>
         <input_file_ref idref="fl-e"/>
      </object_component>
      <object_component id="oc-c4">
         <name>.debug_frame</name>
         <load_address>0x146c</load_address>
         <run_address>0x146c</run_address>
         <size>0x8e</size>
         <input_file_ref idref="fl-e"/>
      </object_component>
      <object_component id="oc-d0">
         <name>.debug_frame</name>
         <load_address>0x14fa</load_address>
         <run_address>0x14fa</run_address>
         <size>0x7f</size>
         <input_file_ref idref="fl-f"/>
      </object_component>
      <object_component id="oc-d6">
         <name>.debug_frame</name>
         <load_address>0x1579</load_address>
         <run_address>0x1579</run_address>
         <size>0x7f</size>
         <input_file_ref idref="fl-f"/>
      </object_component>
      <object_component id="oc-181">
         <name>.debug_frame</name>
         <load_address>0x15f8</load_address>
         <run_address>0x15f8</run_address>
         <size>0x7f</size>
         <input_file_ref idref="fl-f"/>
      </object_component>
      <object_component id="oc-17b">
         <name>.debug_frame</name>
         <load_address>0x1677</load_address>
         <run_address>0x1677</run_address>
         <size>0x7f</size>
         <input_file_ref idref="fl-f"/>
      </object_component>
      <object_component id="oc-ca">
         <name>.debug_frame</name>
         <load_address>0x16f6</load_address>
         <run_address>0x16f6</run_address>
         <size>0x8a</size>
         <input_file_ref idref="fl-f"/>
      </object_component>
      <object_component id="oc-e2">
         <name>.debug_frame</name>
         <load_address>0x1780</load_address>
         <run_address>0x1780</run_address>
         <size>0x7f</size>
         <input_file_ref idref="fl-f"/>
      </object_component>
      <object_component id="oc-dc">
         <name>.debug_frame</name>
         <load_address>0x17ff</load_address>
         <run_address>0x17ff</run_address>
         <size>0x7f</size>
         <input_file_ref idref="fl-f"/>
      </object_component>
      <object_component id="oc-199">
         <name>.debug_frame</name>
         <load_address>0x187e</load_address>
         <run_address>0x187e</run_address>
         <size>0x7f</size>
         <input_file_ref idref="fl-10"/>
      </object_component>
      <object_component id="oc-4f">
         <name>.debug_frame</name>
         <load_address>0x6c4</load_address>
         <run_address>0x6c4</run_address>
         <size>0x54</size>
         <input_file_ref idref="fl-c7"/>
      </object_component>
      <object_component id="oc-1d">
         <name>.debug_frame</name>
         <load_address>0x718</load_address>
         <run_address>0x718</run_address>
         <size>0x54</size>
         <input_file_ref idref="fl-c8"/>
      </object_component>
      <object_component id="oc-17">
         <name>.debug_frame</name>
         <load_address>0x76c</load_address>
         <run_address>0x76c</run_address>
         <size>0x60</size>
         <input_file_ref idref="fl-c9"/>
      </object_component>
      <object_component id="oc-61">
         <name>.debug_frame</name>
         <load_address>0x7cc</load_address>
         <run_address>0x7cc</run_address>
         <size>0x58</size>
         <input_file_ref idref="fl-ca"/>
      </object_component>
      <object_component id="oc-1ce">
         <name>.debug_frame</name>
         <load_address>0x824</load_address>
         <run_address>0x824</run_address>
         <size>0x54</size>
         <input_file_ref idref="fl-cb"/>
      </object_component>
      <object_component id="oc-1da">
         <name>.debug_frame</name>
         <load_address>0x878</load_address>
         <run_address>0x878</run_address>
         <size>0x5c</size>
         <input_file_ref idref="fl-d1"/>
      </object_component>
      <object_component id="oc-141">
         <name>.debug_frame</name>
         <load_address>0x8d4</load_address>
         <run_address>0x8d4</run_address>
         <size>0x54</size>
         <input_file_ref idref="fl-d2"/>
      </object_component>
      <object_component id="oc-18d">
         <name>.debug_abbrev</name>
         <load_address>0x0</load_address>
         <run_address>0x0</run_address>
         <size>0x12f</size>
         <input_file_ref idref="fl-1"/>
      </object_component>
      <object_component id="oc-14e">
         <name>.debug_abbrev</name>
         <load_address>0x12f</load_address>
         <run_address>0x12f</run_address>
         <size>0x27</size>
         <input_file_ref idref="fl-1"/>
      </object_component>
      <object_component id="oc-150">
         <name>.debug_abbrev</name>
         <load_address>0x156</load_address>
         <run_address>0x156</run_address>
         <size>0x27</size>
         <input_file_ref idref="fl-1"/>
      </object_component>
      <object_component id="oc-188">
         <name>.debug_abbrev</name>
         <load_address>0x17d</load_address>
         <run_address>0x17d</run_address>
         <size>0x29</size>
         <input_file_ref idref="fl-1"/>
      </object_component>
      <object_component id="oc-10a">
         <name>.debug_abbrev</name>
         <load_address>0x1a6</load_address>
         <run_address>0x1a6</run_address>
         <size>0x16c</size>
         <input_file_ref idref="fl-1"/>
      </object_component>
      <object_component id="oc-11e">
         <name>.debug_abbrev</name>
         <load_address>0x312</load_address>
         <run_address>0x312</run_address>
         <size>0x69</size>
         <input_file_ref idref="fl-1"/>
      </object_component>
      <object_component id="oc-112">
         <name>.debug_abbrev</name>
         <load_address>0x37b</load_address>
         <run_address>0x37b</run_address>
         <size>0x1f</size>
         <input_file_ref idref="fl-1"/>
      </object_component>
      <object_component id="oc-1b6">
         <name>.debug_abbrev</name>
         <load_address>0x39a</load_address>
         <run_address>0x39a</run_address>
         <size>0x5c</size>
         <input_file_ref idref="fl-1"/>
      </object_component>
      <object_component id="oc-117">
         <name>.debug_abbrev</name>
         <load_address>0x3f6</load_address>
         <run_address>0x3f6</run_address>
         <size>0x24</size>
         <input_file_ref idref="fl-1"/>
      </object_component>
      <object_component id="oc-10d">
         <name>.debug_abbrev</name>
         <load_address>0x41a</load_address>
         <run_address>0x41a</run_address>
         <size>0x24</size>
         <input_file_ref idref="fl-1"/>
      </object_component>
      <object_component id="oc-21f">
         <name>.debug_abbrev</name>
         <load_address>0x43e</load_address>
         <run_address>0x43e</run_address>
         <size>0x61</size>
         <input_file_ref idref="fl-2"/>
      </object_component>
      <object_component id="oc-18f">
         <name>.debug_abbrev</name>
         <load_address>0x49f</load_address>
         <run_address>0x49f</run_address>
         <size>0x29</size>
         <input_file_ref idref="fl-2"/>
      </object_component>
      <object_component id="oc-18c">
         <name>.debug_abbrev</name>
         <load_address>0x4c8</load_address>
         <run_address>0x4c8</run_address>
         <size>0x7a</size>
         <input_file_ref idref="fl-2"/>
      </object_component>
      <object_component id="oc-3b">
         <name>.debug_abbrev</name>
         <load_address>0x542</load_address>
         <run_address>0x542</run_address>
         <size>0x1f</size>
         <input_file_ref idref="fl-2"/>
      </object_component>
      <object_component id="oc-1b3">
         <name>.debug_abbrev</name>
         <load_address>0x561</load_address>
         <run_address>0x561</run_address>
         <size>0x5e</size>
         <input_file_ref idref="fl-3"/>
      </object_component>
      <object_component id="oc-11a">
         <name>.debug_abbrev</name>
         <load_address>0x5bf</load_address>
         <run_address>0x5bf</run_address>
         <size>0x7c</size>
         <input_file_ref idref="fl-4"/>
      </object_component>
      <object_component id="oc-30">
         <name>.debug_abbrev</name>
         <load_address>0x63b</load_address>
         <run_address>0x63b</run_address>
         <size>0x29</size>
         <input_file_ref idref="fl-4"/>
      </object_component>
      <object_component id="oc-70">
         <name>.debug_abbrev</name>
         <load_address>0x664</load_address>
         <run_address>0x664</run_address>
         <size>0x79</size>
         <input_file_ref idref="fl-4"/>
      </object_component>
      <object_component id="oc-21d">
         <name>.debug_abbrev</name>
         <load_address>0x6dd</load_address>
         <run_address>0x6dd</run_address>
         <size>0x72</size>
         <input_file_ref idref="fl-b"/>
      </object_component>
      <object_component id="oc-257">
         <name>.debug_abbrev</name>
         <load_address>0x74f</load_address>
         <run_address>0x74f</run_address>
         <size>0x27</size>
         <input_file_ref idref="fl-b"/>
      </object_component>
      <object_component id="oc-18a">
         <name>.debug_abbrev</name>
         <load_address>0x776</load_address>
         <run_address>0x776</run_address>
[...]
      </symbol>
      <symbol id="sm-8">
         <name>__STACK_SIZE</name>
         <value>0x200</value>
      </symbol>
      <symbol id="sm-9">
         <name>__STACK_END</name>
         <value>0x20000470</value>
      </symbol>
      <symbol id="sm-a">
         <name>__c_args__</name>
         <value>0xffffffff</value>
      </symbol>
      <symbol id="sm-b">
         <name>__TI_pprof_out_hndl</name>
         <value>0xffffffff</value>
      </symbol>
      <symbol id="sm-c">
         <name>__TI_prof_data_start</name>
         <value>0xffffffff</value>
      </symbol>
      <symbol id="sm-d">
         <name>__TI_prof_data_size</name>
         <value>0xffffffff</value>
      </symbol>
      <symbol id="sm-117">
         <name>inst</name>
         <value>0x2000026c</value>
      </symbol>
      <symbol id="sm-118">
         <name>TimerMatchSet</name>
         <value>0x6d1</value>
         <object_component_ref idref="oc-2a"/>
      </symbol>
      <symbol id="sm-119">
         <name>TimerLoadSet</name>
         <value>0x5f1</value>
         <object_component_ref idref="oc-2a"/>
      </symbol>
      <symbol id="sm-11a">
         <name>SysTickIntDisable</name>
         <value>0x8ff</value>
         <object_component_ref idref="oc-2a"/>
      </symbol>
      <symbol id="sm-11b">
         <name>UART0IntHandler</name>
         <value>0xa7d</value>
         <object_component_ref idref="oc-2a"/>
      </symbol>
      <symbol id="sm-11c">
         <name>LoadServo</name>
         <value>0x2000048c</value>
         <object_component_ref idref="oc-e3"/>
      </symbol>
      <symbol id="sm-11d">
         <name>TimerDMAEventSet</name>
         <value>0x83b</value>
         <object_component_ref idref="oc-2a"/>
      </symbol>
      <symbol id="sm-11e">
         <name>blinking</name>
         <value>0x20000494</value>
         <object_component_ref idref="oc-e3"/>
      </symbol>
      <symbol id="sm-11f">
         <name>TimerADCEventSet</name>
         <value>0x81b</value>
         <object_component_ref idref="oc-2a"/>
      </symbol>
      <symbol id="sm-120">
         <name>camaraV</name>
         <value>0x2000047c</value>
         <object_component_ref idref="oc-e3"/>
      </symbol>
      <symbol id="sm-121">
         <name>camaraH</name>
         <value>0x20000478</value>
         <object_component_ref idref="oc-e3"/>
      </symbol>
      <symbol id="sm-122">
         <name>fijos</name>
         <value>0xc99</value>
         <object_component_ref idref="oc-2a"/>
      </symbol>
      <symbol id="sm-123">
         <name>TimerPrescaleMatchGet</name>
         <value>0x5d5</value>
         <object_component_ref idref="oc-2a"/>
      </symbol>
      <symbol id="sm-124">
         <name>TimerPrescaleGet</name>
         <value>0x58b</value>
         <object_component_ref idref="oc-2a"/>
      </symbol>
      <symbol id="sm-125">
         <name>TimerControlLevel</name>
         <value>0x397</value>
         <object_component_ref idref="oc-2a"/>
      </symbol>
      <symbol id="sm-126">
         <name>TimerDisable</name>
         <value>0x2fd</value>
         <object_component_ref idref="oc-2a"/>
      </symbol>
      <symbol id="sm-127">
         <name>configurePWM</name>
         <value>0x92b</value>
         <object_component_ref idref="oc-2a"/>
      </symbol>
      <symbol id="sm-128">
         <name>SysTickEnable</name>
         <value>0x8af</value>
         <object_component_ref idref="oc-2a"/>
      </symbol>
      <symbol id="sm-129">
         <name>SysTickPeriodGet</name>
         <value>0x91d</value>
         <object_component_ref idref="oc-2a"/>
      </symbol>
      <symbol id="sm-12a">
         <name>TimerUpdateMode</name>
         <value>0x85b</value>
         <object_component_ref idref="oc-2a"/>
      </symbol>
      <symbol id="sm-12b">
         <name>SysTickIntRegister</name>
         <value>0x8c7</value>
         <object_component_ref idref="oc-2a"/>
      </symbol>
      <symbol id="sm-12c">
         <name>PWMClock</name>
         <value>0x20000488</value>
         <object_component_ref idref="oc-e3"/>
      </symbol>
      <symbol id="sm-12d">
         <name>TimerIntRegister</name>
         <value>0x763</value>
         <object_component_ref idref="oc-2a"/>
      </symbol>
      <symbol id="sm-12e">
         <name>TimerMatchSet64</name>
         <value>0x717</value>
         <object_component_ref idref="oc-2a"/>
      </symbol>
      <symbol id="sm-12f">
         <name>TimerEnable</name>
         <value>0x2df</value>
         <object_component_ref idref="oc-2a"/>
      </symbol>
      <symbol id="sm-130">
         <name>configureUART</name>
         <value>0xa49</value>
         <object_component_ref idref="oc-2a"/>
      </symbol>
      <symbol id="sm-131">
         <name>TimerLoadGet64</name>
         <value>0x651</value>
         <object_component_ref idref="oc-2a"/>
      </symbol>
      <symbol id="sm-132">
         <name>TimerIntUnregister</name>
         <value>0x78b</value>
         <object_component_ref idref="oc-2a"/>
      </symbol>
      <symbol id="sm-133">
         <name>TimerValueGet64</name>
         <value>0x69f</value>
         <object_component_ref idref="oc-2a"/>
      </symbol>
      <symbol id="sm-134">
         <name>SysTickIntEnable</name>
         <value>0x8f3</value>
         <object_component_ref idref="oc-2a"/>
      </symbol>
      <symbol id="sm-135">
         <name>cerrar</name>
         <value>0xbe1</value>
         <object_component_ref idref="oc-2a"/>
      </symbol>
      <symbol id="sm-136">
         <name>main</name>
         <value>0xe69</value>
         <object_component_ref idref="oc-2a"/>
      </symbol>
      <symbol id="sm-137">
         <name>TimerMatchGet</name>
         <value>0x6fb</value>
         <object_component_ref idref="oc-2a"/>
      </symbol>
      <symbol id="sm-138">
         <name>TimerIntStatus</name>
         <value>0x7d9</value>
         <object_component_ref idref="oc-2a"/>
      </symbol>
      <symbol id="sm-139">
         <name>TimerClockSourceGet</name>
         <value>0x551</value>
         <object_component_ref idref="oc-2a"/>
      </symbol>
      <symbol id="sm-13a">
         <name>TimerIntDisable</name>
         <value>0x7c1</value>
         <object_component_ref idref="oc-2a"/>
      </symbol>
      <symbol id="sm-13b">
         <name>TimerValueGet</name>
         <value>0x683</value>
         <object_component_ref idref="oc-2a"/>
      </symbol>
      <symbol id="sm-13c">
         <name>lineales</name>
         <value>0x20000480</value>
         <object_component_ref idref="oc-e3"/>
      </symbol>
      <symbol id="sm-13d">
         <name>SysTickValueGet</name>
         <value>0x925</value>
         <object_component_ref idref="oc-2a"/>
      </symbol>
      <symbol id="sm-13e">
         <name>TimerControlTrigger</name>
         <value>0x3cd</value>
         <object_component_ref idref="oc-2a"/>
      </symbol>
      <symbol id="sm-13f">
         <name>moveServo</name>
         <value>0xab9</value>
         <object_component_ref idref="oc-2a"/>
      </symbol>
      <symbol id="sm-140">
         <name>TimerPrescaleSet</name>
         <value>0x561</value>
         <object_component_ref idref="oc-2a"/>
      </symbol>
      <symbol id="sm-141">
         <name>SysTickIntUnregister</name>
         <value>0x8df</value>
         <object_component_ref idref="oc-2a"/>
      </symbol>
      <symbol id="sm-142">
         <name>SysTickPeriodSet</name>
         <value>0x90b</value>
         <object_component_ref idref="oc-2a"/>
      </symbol>
      <symbol id="sm-143">
         <name>TimerControlStall</name>
         <value>0x465</value>
         <object_component_ref idref="oc-2a"/>
      </symbol>
      <symbol id="sm-144">
         <name>TimerMatchGet64</name>
         <value>0x731</value>
         <object_component_ref idref="oc-2a"/>
      </symbol>
      <symbol id="sm-145">
         <name>TimerRTCEnable</name>
         <value>0x4fb</value>
         <object_component_ref idref="oc-2a"/>
      </symbol>
      <symbol id="sm-146">
         <name>TimerLoadGet</name>
         <value>0x61b</value>
         <object_component_ref idref="oc-2a"/>
      </symbol>
      <symbol id="sm-147">
         <name>TimerIntEnable</name>
         <value>0x7a9</value>
         <object_component_ref idref="oc-2a"/>
      </symbol>
      <symbol id="sm-148">
         <name>TimerClockSourceSet</name>
         <value>0x527</value>
         <object_component_ref idref="oc-2a"/>
      </symbol>
      <symbol id="sm-149">
         <name>TimerLoadSet64</name>
         <value>0x637</value>
         <object_component_ref idref="oc-2a"/>
      </symbol>
      <symbol id="sm-14a">
         <name>TimerDMAEventGet</name>
         <value>0x84d</value>
         <object_component_ref idref="oc-2a"/>
      </symbol>
      <symbol id="sm-14b">
         <name>TimerRTCDisable</name>
         <value>0x511</value>
         <object_component_ref idref="oc-2a"/>
      </symbol>
      <symbol id="sm-14c">
         <name>TimerADCEventGet</name>
         <value>0x82d</value>
         <object_component_ref idref="oc-2a"/>
      </symbol>
      <symbol id="sm-14d">
         <name>abrir</name>
         <value>0xb41</value>
         <object_component_ref idref="oc-2a"/>
      </symbol>
      <symbol id="sm-14e">
         <name>SysTickDisable</name>
         <value>0x8bb</value>
         <object_component_ref idref="oc-2a"/>
      </symbol>
      <symbol id="sm-14f">
         <name>TimerPrescaleMatchSet</name>
         <value>0x5a7</value>
         <object_component_ref idref="oc-2a"/>
      </symbol>
      <symbol id="sm-150">
         <name>tempLuz</name>
         <value>0x20000490</value>
         <object_component_ref idref="oc-e3"/>
      </symbol>
      <symbol id="sm-151">
         <name>TimerControlWaitOnTrigger</name>
         <value>0x49b</value>
         <object_component_ref idref="oc-2a"/>
      </symbol>
      <symbol id="sm-152">
         <name>TimerConfigure</name>
         <value>0x31b</value>
         <object_component_ref idref="oc-2a"/>
      </symbol>
      <symbol id="sm-153">
         <name>TimerControlEvent</name>
         <value>0x43b</value>
         <object_component_ref idref="oc-2a"/>
      </symbol>
      <symbol id="sm-154">
         <name>TimerIntClear</name>
         <value>0x7f7</value>
         <object_component_ref idref="oc-2a"/>
      </symbol>
      <symbol id="sm-155">
         <name>flag</name>
         <value>0x20000498</value>
         <object_component_ref idref="oc-e3"/>
      </symbol>
      <symbol id="sm-156">
         <name>PWMFreq</name>
         <value>0x20000484</value>
         <object_component_ref idref="oc-e3"/>
      </symbol>
      <symbol id="sm-157">
         <name>TimerSynchronize</name>
         <value>0x809</value>
         <object_component_ref idref="oc-2a"/>
      </symbol>
      <symbol id="sm-158">
         <name>brazo1</name>
         <value>0x20000470</value>
         <object_component_ref idref="oc-e3"/>
      </symbol>
      <symbol id="sm-159">
         <name>brazo2</name>
         <value>0x20000474</value>
         <object_component_ref idref="oc-e3"/>
      </symbol>
      <symbol id="sm-1bf">
         <name>tempBrazo2</name>
         <value>0x200004a0</value>
         <object_component_ref idref="oc-f5"/>
      </symbol>
      <symbol id="sm-1c0">
         <name>tempBrazo1</name>
         <value>0x2000049c</value>
         <object_component_ref idref="oc-f5"/>
      </symbol>
      <symbol id="sm-1c1">
         <name>movimientos</name>
         <value>0xeb5</value>
         <object_component_ref idref="oc-ec"/>
      </symbol>
      <symbol id="sm-1c2">
         <name>tempCamaraH</name>
         <value>0x200004a8</value>
         <object_component_ref idref="oc-f5"/>
      </symbol>
      <symbol id="sm-1c3">
         <name>tempCamaraV</name>
         <value>0x200004a4</value>
         <object_component_ref idref="oc-f5"/>
      </symbol>
      <symbol id="sm-1de">
         <name>PinoutSet</name>
         <value>0x1581</value>
         <object_component_ref idref="oc-104"/>
      </symbol>
      <symbol id="sm-1fa">
         <name>ResetISR</name>
         <value>0x1da3</value>
         <object_component_ref idref="oc-24"/>
      </symbol>
      <symbol id="sm-1fb">
         <name>g_pfnVectors</name>
         <value>0x0</value>
         <object_component_ref idref="oc-f"/>
      </symbol>
      <symbol id="sm-24b">
         <name>GPIOPinTypePWM</name>
         <value>0x1cf9</value>
         <object_component_ref idref="oc-1a7"/>
      </symbol>
      <symbol id="sm-24c">
         <name>GPIOPinConfigure</name>
         <value>0x1a6d</value>
         <object_component_ref idref="oc-1a1"/>
      </symbol>
      <symbol id="sm-24d">
         <name>GPIOPinTypeUART</name>
         <value>0x1d0b</value>
         <object_component_ref idref="oc-1ad"/>
      </symbol>
      <symbol id="sm-24e">
         <name>GPIOPinTypeGPIOOutput</name>
         <value>0x1ca3</value>
         <object_component_ref idref="oc-19b"/>
      </symbol>
      <symbol id="sm-24f">
         <name>GPIODirModeSet</name>
         <value>0x1c19</value>
         <object_component_ref idref="oc-228"/>
      </symbol>
      <symbol id="sm-250">
         <name>GPIOPinWrite</name>
         <value>0x1db7</value>
         <object_component_ref idref="oc-e6"/>
      </symbol>
      <symbol id="sm-251">
         <name>GPIOPadConfigSet</name>
         <value>0x144d</value>
         <object_component_ref idref="oc-222"/>
      </symbol>
      <symbol id="sm-2bb">
         <name>IntEnable</name>
         <value>0x199d</value>
         <object_component_ref idref="oc-7d"/>
      </symbol>
      <symbol id="sm-2bc">
         <name>IntDisable</name>
         <value>0x1935</value>
         <object_component_ref idref="oc-83"/>
      </symbol>
      <symbol id="sm-2bd">
         <name>IntRegister</name>
         <value>0x1bb1</value>
         <object_component_ref idref="oc-77"/>
      </symbol>
      <symbol id="sm-2be">
         <name>IntUnregister</name>
         <value>0x1cbd</value>
         <object_component_ref idref="oc-89"/>
      </symbol>
      <symbol id="sm-2bf">
         <name>g_pfnRAMVectors</name>
         <value>0x20000000</value>
         <object_component_ref idref="oc-152"/>
      </symbol>
      <symbol id="sm-2c0">
         <name>IntMasterEnable</name>
         <value>0x1d41</value>
         <object_component_ref idref="oc-fe"/>
      </symbol>
      <symbol id="sm-2ed">
         <name>PWMGenPeriodSet</name>
         <value>0x1d51</value>
         <object_component_ref idref="oc-a7"/>
      </symbol>
      <symbol id="sm-2ee">
         <name>PWMPulseWidthSet</name>
         <value>0x1c85</value>
         <object_component_ref idref="oc-ad"/>
      </symbol>
      <symbol id="sm-2ef">
         <name>PWMOutputState</name>
         <value>0x1d1d</value>
         <object_component_ref idref="oc-b3"/>
      </symbol>
      <symbol id="sm-2f0">
         <name>PWMGenEnable</name>
         <value>0x1d97</value>
         <object_component_ref idref="oc-b9"/>
      </symbol>
      <symbol id="sm-2f1">
         <name>PWMGenConfigure</name>
         <value>0x1c43</value>
         <object_component_ref idref="oc-a1"/>
      </symbol>
      <symbol id="sm-358">
         <name>SysCtlClockSet</name>
         <value>0x17a5</value>
         <object_component_ref idref="oc-f8"/>
      </symbol>
      <symbol id="sm-359">
         <name>SysCtlDelay</name>
         <value>0x1dbd</value>
         <object_component_ref idref="oc-192"/>
      </symbol>
      <symbol id="sm-35a">
         <name>SysCtlPeripheralEnable</name>
         <value>0x1be5</value>
         <object_component_ref idref="oc-95"/>
      </symbol>
      <symbol id="sm-35b">
         <name>SysCtlClockGet</name>
         <value>0x1695</value>
         <object_component_ref idref="oc-bf"/>
      </symbol>
      <symbol id="sm-35c">
         <name>SysCtlPWMClockSet</name>
         <value>0x1cd1</value>
         <object_component_ref idref="oc-8f"/>
      </symbol>
      <symbol id="sm-35d">
         <name>SysCtlPeripheralReady</name>
         <value>0x1b41</value>
         <object_component_ref idref="oc-9b"/>
      </symbol>
      <symbol id="sm-39e">
         <name>UARTConfigSetExpClk</name>
         <value>0x1ab5</value>
         <object_component_ref idref="oc-c5"/>
      </symbol>
      <symbol id="sm-39f">
         <name>UARTDisable</name>
         <value>0x1c65</value>
         <object_component_ref idref="oc-176"/>
      </symbol>
      <symbol id="sm-3a0">
         <name>UARTIntEnable</name>
         <value>0x1daf</value>
         <object_component_ref idref="oc-cb"/>
      </symbol>
      <symbol id="sm-3a1">
         <name>UARTCharsAvail</name>
         <value>0x1d6f</value>
         <object_component_ref idref="oc-dd"/>
      </symbol>
      <symbol id="sm-3a2">
         <name>UARTCharGetNonBlocking</name>
         <value>0x1d61</value>
         <object_component_ref idref="oc-d7"/>
      </symbol>
      <symbol id="sm-3a3">
         <name>UARTEnable</name>
         <value>0x1ce5</value>
         <object_component_ref idref="oc-17c"/>
      </symbol>
      <symbol id="sm-3a4">
         <name>UARTIntClear</name>
         <value>0x1dc3</value>
         <object_component_ref idref="oc-d1"/>
      </symbol>
      <symbol id="sm-3ae">
         <name>CPUcpsie</name>
         <value>0x1d8b</value>
         <object_component_ref idref="oc-194"/>
      </symbol>
      <symbol id="sm-3c8">
         <name>__TI_zero_init_nomemset</name>
         <value>0x1d2f</value>
         <object_component_ref idref="oc-4a"/>
      </symbol>
      <symbol id="sm-3df">
         <name>__TI_decompress_none</name>
         <value>0x1d7d</value>
         <object_component_ref idref="oc-18"/>
      </symbol>
      <symbol id="sm-402">
         <name>__TI_decompress_lzss</name>
         <value>0x1a05</value>
         <object_component_ref idref="oc-12"/>
      </symbol>
      <symbol id="sm-415">
         <name>__stack</name>
         <value>0x20000270</value>
         <object_component_ref idref="oc-21"/>
      </symbol>
      <symbol id="sm-416">
         <name>_c_int00_noargs</name>
         <value>0x1b79</value>
         <object_component_ref idref="oc-5c"/>
      </symbol>
      <symbol id="sm-421">
         <name>C$$EXIT</name>
         <value>0x1dcb</value>
         <object_component_ref idref="oc-1c9"/>
      </symbol>
      <symbol id="sm-422">
         <name>abort</name>
         <value>0x1dcb</value>
         <object_component_ref idref="oc-1c9"/>
      </symbol>
      <symbol id="sm-440">
         <name>memcpy</name>
         <value>0x1899</value>
         <object_component_ref idref="oc-3e"/>
      </symbol>
      <symbol id="sm-441">
         <name>__aeabi_memcpy</name>
         <value>0x1899</value>
         <object_component_ref idref="oc-3e"/>
      </symbol>
      <symbol id="sm-442">
         <name>__aeabi_memcpy8</name>
         <value>0x1899</value>
         <object_component_ref idref="oc-3e"/>
      </symbol>
      <symbol id="sm-443">
         <name>__aeabi_memcpy4</name>
         <value>0x1899</value>
         <object_component_ref idref="oc-3e"/>
      </symbol>
      <symbol id="sm-46c">
         <name>__TI_auto_init_nobinit_nopinit</name>
         <value>0x1afd</value>
         <object_component_ref idref="oc-1d5"/>
      </symbol>
      <symbol id="sm-476">
         <name>_system_pre_init</name>
         <value>0x1dc7</value>
         <object_component_ref idref="oc-13c"/>
      </symbol>
      <symbol id="sm-478">
         <name>__TI_static_base__</name>
         <value>0x0</value>
      </symbol>
      <symbol id="sm-47b">
         <name>__mpu_init</name>
         <value>0x0</value>
      </symbol>
      <symbol id="sm-47c">
         <name>_system_post_cinit</name>
         <value>0x0</value>
      </symbol>
   </symbol_table>
   <title>Link successful</title>
</link_info>
